2026-07-16 16:58:39.896 +05:30 [INF] Configured endpoint HealthAxis3.API.events.queue, Consumer: HealthAxis3.API.Messaging.AppointmentBookedConsumer
2026-07-16 16:58:41.641 +05:30 [INF] Heartbeat running at "2026-07-16T16:58:41.6399186+05:30"
2026-07-16 16:58:42.563 +05:30 [INF] Now listening on: https://localhost:7120
2026-07-16 16:58:42.572 +05:30 [INF] Now listening on: http://localhost:5042
2026-07-16 16:58:42.707 +05:30 [INF] Bus started: "rabbitmq://localhost/"
2026-07-16 16:58:42.728 +05:30 [INF] Application started. Press Ctrl+C to shut down.
2026-07-16 16:58:42.737 +05:30 [INF] Hosting environment: Development
2026-07-16 16:58:42.743 +05:30 [INF] Content root path: C:\Users\310054\source\repos\HealthAxis4\HealthAxis3.API
2026-07-16 16:58:51.692 +05:30 [INF] Heartbeat running at "2026-07-16T16:58:51.6922431+05:30"
2026-07-16 16:58:51.829 +05:30 [INF] HTTP OPTIONS /api/auth/login responded 204 in 43.4305 ms
2026-07-16 16:58:54.775 +05:30 [INF] HTTP POST /api/auth/login responded 200 in 1971.7835 ms
2026-07-16 16:58:54.793 +05:30 [INF] HTTP POST /api/auth/login responded 200 in 2657.2153 ms
2026-07-16 16:58:54.926 +05:30 [INF] HTTP OPTIONS /api/Doctor responded 204 in 3.5946 ms
2026-07-16 16:58:54.926 +05:30 [INF] HTTP OPTIONS /api/appointment/patient/8 responded 204 in 0.0881 ms
2026-07-16 16:58:55.531 +05:30 [WRN] You do not have a valid license key for the Lucky Penny software AutoMapper. This is allowed for development and testing scenarios. If you are running in production you are required to have a licensed version. Please visit https://luckypennysoftware.com to obtain a valid license.
2026-07-16 16:58:56.122 +05:30 [INF] HTTP GET /api/appointment/patient/8 responded 200 in 913.2507 ms
2026-07-16 16:58:56.183 +05:30 [INF] HTTP GET /api/appointment/patient/8 responded 200 in 1219.3804 ms
2026-07-16 16:58:56.387 +05:30 [INF] Search doctors cache validated. CacheKey: doctors:all
2026-07-16 16:58:56.470 +05:30 [INF] HTTP GET /api/Doctor responded 200 in 1261.0862 ms
2026-07-16 16:58:56.485 +05:30 [INF] HTTP GET /api/Doctor responded 200 in 1526.3818 ms
2026-07-16 16:59:01.715 +05:30 [INF] Heartbeat running at "2026-07-16T16:59:01.7150337+05:30"
2026-07-16 16:59:11.719 +05:30 [INF] Heartbeat running at "2026-07-16T16:59:11.7194015+05:30"
2026-07-16 16:59:21.730 +05:30 [INF] Heartbeat running at "2026-07-16T16:59:21.7301994+05:30"
2026-07-16 16:59:31.744 +05:30 [INF] Heartbeat running at "2026-07-16T16:59:31.7443497+05:30"
2026-07-16 16:59:41.755 +05:30 [INF] Heartbeat running at "2026-07-16T16:59:41.7553072+05:30"
2026-07-16 16:59:51.777 +05:30 [INF] Heartbeat running at "2026-07-16T16:59:51.7775597+05:30"
2026-07-16 17:00:01.781 +05:30 [INF] Heartbeat running at "2026-07-16T17:00:01.7811274+05:30"
2026-07-16 17:00:11.792 +05:30 [INF] Heartbeat running at "2026-07-16T17:00:11.7912035+05:30"
2026-07-16 17:00:21.835 +05:30 [INF] Heartbeat running at "2026-07-16T17:00:21.8021965+05:30"
2026-07-16 17:00:31.852 +05:30 [INF] Heartbeat running at "2026-07-16T17:00:31.8524172+05:30"
2026-07-16 17:00:41.862 +05:30 [INF] Heartbeat running at "2026-07-16T17:00:41.8623023+05:30"
2026-07-16 17:00:51.876 +05:30 [INF] Heartbeat running at "2026-07-16T17:00:51.8765180+05:30"
2026-07-16 17:01:01.890 +05:30 [INF] Heartbeat running at "2026-07-16T17:01:01.8907707+05:30"
2026-07-16 17:01:11.899 +05:30 [INF] Heartbeat running at "2026-07-16T17:01:11.8991465+05:30"
2026-07-16 17:01:21.916 +05:30 [INF] Heartbeat running at "2026-07-16T17:01:21.9166087+05:30"
2026-07-16 17:01:31.920 +05:30 [INF] Heartbeat running at "2026-07-16T17:01:31.9208266+05:30"
2026-07-16 17:01:41.927 +05:30 [INF] Heartbeat running at "2026-07-16T17:01:41.9265924+05:30"
2026-07-16 17:01:51.947 +05:30 [INF] Heartbeat running at "2026-07-16T17:01:51.9477349+05:30"
2026-07-16 17:02:01.964 +05:30 [INF] Heartbeat running at "2026-07-16T17:02:01.9646503+05:30"
2026-07-16 17:02:11.965 +05:30 [INF] Heartbeat running at "2026-07-16T17:02:11.9657931+05:30"
2026-07-16 17:02:21.982 +05:30 [INF] Heartbeat running at "2026-07-16T17:02:21.9821940+05:30"
2026-07-16 17:02:31.983 +05:30 [INF] Heartbeat running at "2026-07-16T17:02:31.9829754+05:30"
2026-07-16 17:02:42.002 +05:30 [INF] Heartbeat running at "2026-07-16T17:02:42.0019917+05:30"
2026-07-16 17:02:52.006 +05:30 [INF] Heartbeat running at "2026-07-16T17:02:52.0065282+05:30"
2026-07-16 17:03:02.018 +05:30 [INF] Heartbeat running at "2026-07-16T17:03:02.0184392+05:30"
2026-07-16 17:03:12.028 +05:30 [INF] Heartbeat running at "2026-07-16T17:03:12.0288555+05:30"
2026-07-16 17:03:22.038 +05:30 [INF] Heartbeat running at "2026-07-16T17:03:22.0376516+05:30"
2026-07-16 17:03:32.061 +05:30 [INF] Heartbeat running at "2026-07-16T17:03:32.0610648+05:30"
2026-07-16 17:03:42.068 +05:30 [INF] Heartbeat running at "2026-07-16T17:03:42.0685603+05:30"
2026-07-16 17:03:52.084 +05:30 [INF] Heartbeat running at "2026-07-16T17:03:52.0842685+05:30"
2026-07-16 17:04:02.095 +05:30 [INF] Heartbeat running at "2026-07-16T17:04:02.0956907+05:30"
2026-07-16 17:04:12.104 +05:30 [INF] Heartbeat running at "2026-07-16T17:04:12.1042525+05:30"
2026-07-16 17:04:22.112 +05:30 [INF] Heartbeat running at "2026-07-16T17:04:22.1123969+05:30"
2026-07-16 17:04:32.116 +05:30 [INF] Heartbeat running at "2026-07-16T17:04:32.1159809+05:30"
2026-07-16 17:04:42.122 +05:30 [INF] Heartbeat running at "2026-07-16T17:04:42.1227578+05:30"
2026-07-16 17:04:52.140 +05:30 [INF] Heartbeat running at "2026-07-16T17:04:52.1401479+05:30"
2026-07-16 17:05:02.146 +05:30 [INF] Heartbeat running at "2026-07-16T17:05:02.1466658+05:30"
2026-07-16 17:05:12.160 +05:30 [INF] Heartbeat running at "2026-07-16T17:05:12.1604661+05:30"
2026-07-16 17:05:22.164 +05:30 [INF] Heartbeat running at "2026-07-16T17:05:22.1644244+05:30"
2026-07-16 17:05:32.177 +05:30 [INF] Heartbeat running at "2026-07-16T17:05:32.1771106+05:30"
2026-07-16 17:05:42.180 +05:30 [INF] Heartbeat running at "2026-07-16T17:05:42.1802628+05:30"
2026-07-16 17:05:52.183 +05:30 [INF] Heartbeat running at "2026-07-16T17:05:52.1839243+05:30"
2026-07-16 17:06:02.191 +05:30 [INF] Heartbeat running at "2026-07-16T17:06:02.1915911+05:30"
2026-07-16 17:06:12.196 +05:30 [INF] Heartbeat running at "2026-07-16T17:06:12.1967857+05:30"
2026-07-16 17:06:22.203 +05:30 [INF] Heartbeat running at "2026-07-16T17:06:22.2038300+05:30"
2026-07-16 17:06:32.210 +05:30 [INF] Heartbeat running at "2026-07-16T17:06:32.2109417+05:30"
2026-07-16 17:06:42.224 +05:30 [INF] Heartbeat running at "2026-07-16T17:06:42.2246632+05:30"
2026-07-16 17:06:52.238 +05:30 [INF] Heartbeat running at "2026-07-16T17:06:52.2384752+05:30"
2026-07-16 17:06:55.385 +05:30 [INF] HTTP OPTIONS /api/Doctor responded 204 in 0.3470 ms
2026-07-16 17:06:55.385 +05:30 [INF] HTTP OPTIONS /api/appointment/patient/8 responded 204 in 0.1075 ms
2026-07-16 17:06:55.664 +05:30 [INF] Search doctors cache validated. CacheKey: doctors:all
2026-07-16 17:06:55.680 +05:30 [INF] HTTP GET /api/appointment/patient/8 responded 200 in 201.8963 ms
2026-07-16 17:06:55.690 +05:30 [INF] HTTP GET /api/Doctor responded 200 in 211.7804 ms
2026-07-16 17:06:55.707 +05:30 [INF] HTTP GET /api/appointment/patient/8 responded 200 in 274.2812 ms
2026-07-16 17:06:55.712 +05:30 [INF] HTTP GET /api/Doctor responded 200 in 282.3153 ms
2026-07-16 17:07:02.248 +05:30 [INF] Heartbeat running at "2026-07-16T17:07:02.2485804+05:30"
2026-07-16 17:07:12.254 +05:30 [INF] Heartbeat running at "2026-07-16T17:07:12.2546100+05:30"
2026-07-16 17:07:22.258 +05:30 [INF] Heartbeat running at "2026-07-16T17:07:22.2582692+05:30"
2026-07-16 17:07:32.268 +05:30 [INF] Heartbeat running at "2026-07-16T17:07:32.2682072+05:30"
2026-07-16 17:07:42.278 +05:30 [INF] Heartbeat running at "2026-07-16T17:07:42.2786775+05:30"
2026-07-16 17:07:52.286 +05:30 [INF] Heartbeat running at "2026-07-16T17:07:52.2865535+05:30"
2026-07-16 17:08:02.299 +05:30 [INF] Heartbeat running at "2026-07-16T17:08:02.2994473+05:30"
2026-07-16 17:08:12.304 +05:30 [INF] Heartbeat running at "2026-07-16T17:08:12.3040766+05:30"
2026-07-16 17:08:22.313 +05:30 [INF] Heartbeat running at "2026-07-16T17:08:22.3128810+05:30"
2026-07-16 17:08:32.315 +05:30 [INF] Heartbeat running at "2026-07-16T17:08:32.3157482+05:30"
2026-07-16 17:08:42.322 +05:30 [INF] Heartbeat running at "2026-07-16T17:08:42.3228590+05:30"
2026-07-16 17:08:52.333 +05:30 [INF] Heartbeat running at "2026-07-16T17:08:52.3334577+05:30"
2026-07-16 17:09:02.341 +05:30 [INF] Heartbeat running at "2026-07-16T17:09:02.3414242+05:30"
2026-07-16 17:09:12.362 +05:30 [INF] Heartbeat running at "2026-07-16T17:09:12.3628741+05:30"
2026-07-16 17:09:22.375 +05:30 [INF] Heartbeat running at "2026-07-16T17:09:22.3758484+05:30"
2026-07-16 17:09:32.391 +05:30 [INF] Heartbeat running at "2026-07-16T17:09:32.3918914+05:30"
2026-07-16 17:09:42.400 +05:30 [INF] Heartbeat running at "2026-07-16T17:09:42.4006281+05:30"
2026-07-16 17:09:52.412 +05:30 [INF] Heartbeat running at "2026-07-16T17:09:52.4126911+05:30"
2026-07-16 17:10:02.425 +05:30 [INF] Heartbeat running at "2026-07-16T17:10:02.4256648+05:30"
2026-07-16 17:10:12.429 +05:30 [INF] Heartbeat running at "2026-07-16T17:10:12.4299015+05:30"
2026-07-16 17:10:22.434 +05:30 [INF] Heartbeat running at "2026-07-16T17:10:22.4345570+05:30"
2026-07-16 17:10:32.442 +05:30 [INF] Heartbeat running at "2026-07-16T17:10:32.4429114+05:30"
2026-07-16 17:10:42.472 +05:30 [INF] Heartbeat running at "2026-07-16T17:10:42.4728825+05:30"
2026-07-16 17:10:52.474 +05:30 [INF] Heartbeat running at "2026-07-16T17:10:52.4742370+05:30"
2026-07-16 17:11:02.481 +05:30 [INF] Heartbeat running at "2026-07-16T17:11:02.4812349+05:30"
2026-07-16 17:11:12.491 +05:30 [INF] Heartbeat running at "2026-07-16T17:11:12.4918343+05:30"
2026-07-16 17:11:22.496 +05:30 [INF] Heartbeat running at "2026-07-16T17:11:22.4967176+05:30"
2026-07-16 17:11:32.507 +05:30 [INF] Heartbeat running at "2026-07-16T17:11:32.5070785+05:30"
2026-07-16 17:11:42.511 +05:30 [INF] Heartbeat running at "2026-07-16T17:11:42.5114307+05:30"
2026-07-16 17:11:52.520 +05:30 [INF] Heartbeat running at "2026-07-16T17:11:52.5200124+05:30"
2026-07-16 17:12:02.534 +05:30 [INF] Heartbeat running at "2026-07-16T17:12:02.5347806+05:30"
2026-07-16 17:12:12.547 +05:30 [INF] Heartbeat running at "2026-07-16T17:12:12.5472420+05:30"
2026-07-16 17:12:22.561 +05:30 [INF] Heartbeat running at "2026-07-16T17:12:22.5612598+05:30"
2026-07-16 17:12:32.566 +05:30 [INF] Heartbeat running at "2026-07-16T17:12:32.5666878+05:30"
2026-07-16 17:12:42.573 +05:30 [INF] Heartbeat running at "2026-07-16T17:12:42.5739397+05:30"
2026-07-16 17:12:52.576 +05:30 [INF] Heartbeat running at "2026-07-16T17:12:52.5769173+05:30"
2026-07-16 17:13:02.590 +05:30 [INF] Heartbeat running at "2026-07-16T17:13:02.5902230+05:30"
2026-07-16 17:13:12.606 +05:30 [INF] Heartbeat running at "2026-07-16T17:13:12.6067969+05:30"
2026-07-16 17:13:22.618 +05:30 [INF] Heartbeat running at "2026-07-16T17:13:22.6182105+05:30"
2026-07-16 17:13:32.743 +05:30 [INF] Heartbeat running at "2026-07-16T17:13:32.7438109+05:30"
2026-07-16 17:13:42.752 +05:30 [INF] Heartbeat running at "2026-07-16T17:13:42.7528783+05:30"
2026-07-16 17:13:52.767 +05:30 [INF] Heartbeat running at "2026-07-16T17:13:52.7674957+05:30"
2026-07-16 17:14:02.772 +05:30 [INF] Heartbeat running at "2026-07-16T17:14:02.7724684+05:30"
2026-07-16 17:14:12.788 +05:30 [INF] Heartbeat running at "2026-07-16T17:14:12.7884890+05:30"
2026-07-16 17:14:22.800 +05:30 [INF] Heartbeat running at "2026-07-16T17:14:22.8001136+05:30"
2026-07-16 17:14:32.814 +05:30 [INF] Heartbeat running at "2026-07-16T17:14:32.8143114+05:30"
2026-07-16 17:14:42.828 +05:30 [INF] Heartbeat running at "2026-07-16T17:14:42.8282833+05:30"
2026-07-16 17:14:52.842 +05:30 [INF] Heartbeat running at "2026-07-16T17:14:52.8429650+05:30"
2026-07-16 17:15:02.852 +05:30 [INF] Heartbeat running at "2026-07-16T17:15:02.8528531+05:30"
2026-07-16 17:15:12.861 +05:30 [INF] Heartbeat running at "2026-07-16T17:15:12.8616922+05:30"
2026-07-16 17:15:22.877 +05:30 [INF] Heartbeat running at "2026-07-16T17:15:22.8773755+05:30"
2026-07-16 17:15:32.886 +05:30 [INF] Heartbeat running at "2026-07-16T17:15:32.8862364+05:30"
2026-07-16 17:15:42.887 +05:30 [INF] Heartbeat running at "2026-07-16T17:15:42.8869760+05:30"
2026-07-16 17:15:52.899 +05:30 [INF] Heartbeat running at "2026-07-16T17:15:52.8989931+05:30"
2026-07-16 17:16:02.902 +05:30 [INF] Heartbeat running at "2026-07-16T17:16:02.9029218+05:30"
2026-07-16 17:16:12.905 +05:30 [INF] Heartbeat running at "2026-07-16T17:16:12.9055583+05:30"
2026-07-16 17:16:22.915 +05:30 [INF] Heartbeat running at "2026-07-16T17:16:22.9152007+05:30"
2026-07-16 17:16:32.916 +05:30 [INF] Heartbeat running at "2026-07-16T17:16:32.9168782+05:30"
2026-07-16 17:16:42.930 +05:30 [INF] Heartbeat running at "2026-07-16T17:16:42.9305015+05:30"
2026-07-16 17:16:52.940 +05:30 [INF] Heartbeat running at "2026-07-16T17:16:52.9400224+05:30"
2026-07-16 17:17:02.950 +05:30 [INF] Heartbeat running at "2026-07-16T17:17:02.9502781+05:30"
2026-07-16 17:17:12.960 +05:30 [INF] Heartbeat running at "2026-07-16T17:17:12.9605960+05:30"
2026-07-16 17:17:22.968 +05:30 [INF] Heartbeat running at "2026-07-16T17:17:22.9689720+05:30"
2026-07-16 17:17:32.986 +05:30 [INF] Heartbeat running at "2026-07-16T17:17:32.9865493+05:30"
2026-07-16 17:17:42.996 +05:30 [INF] Heartbeat running at "2026-07-16T17:17:42.9964256+05:30"
2026-07-16 17:17:53.000 +05:30 [INF] Heartbeat running at "2026-07-16T17:17:53.0009527+05:30"
2026-07-16 17:18:03.010 +05:30 [INF] Heartbeat running at "2026-07-16T17:18:03.0104878+05:30"
2026-07-16 17:18:13.022 +05:30 [INF] Heartbeat running at "2026-07-16T17:18:13.0227935+05:30"
2026-07-16 17:18:23.026 +05:30 [INF] Heartbeat running at "2026-07-16T17:18:23.0262183+05:30"
2026-07-16 17:18:33.046 +05:30 [INF] Heartbeat running at "2026-07-16T17:18:33.0463130+05:30"
2026-07-16 17:18:43.061 +05:30 [INF] Heartbeat running at "2026-07-16T17:18:43.0616329+05:30"
2026-07-16 17:18:53.066 +05:30 [INF] Heartbeat running at "2026-07-16T17:18:53.0666336+05:30"
2026-07-16 17:19:03.072 +05:30 [INF] Heartbeat running at "2026-07-16T17:19:03.0721420+05:30"
2026-07-16 17:19:13.078 +05:30 [INF] Heartbeat running at "2026-07-16T17:19:13.0786542+05:30"
2026-07-16 17:19:23.079 +05:30 [INF] Heartbeat running at "2026-07-16T17:19:23.0795151+05:30"
2026-07-16 17:19:33.095 +05:30 [INF] Heartbeat running at "2026-07-16T17:19:33.0955509+05:30"
2026-07-16 17:19:43.100 +05:30 [INF] Heartbeat running at "2026-07-16T17:19:43.1008796+05:30"
2026-07-16 17:19:53.109 +05:30 [INF] Heartbeat running at "2026-07-16T17:19:53.1099109+05:30"
2026-07-16 17:20:03.120 +05:30 [INF] Heartbeat running at "2026-07-16T17:20:03.1201481+05:30"
2026-07-16 17:20:13.136 +05:30 [INF] Heartbeat running at "2026-07-16T17:20:13.1361372+05:30"
2026-07-16 17:20:23.149 +05:30 [INF] Heartbeat running at "2026-07-16T17:20:23.1496878+05:30"
2026-07-16 17:20:33.164 +05:30 [INF] Heartbeat running at "2026-07-16T17:20:33.1646209+05:30"
2026-07-16 17:20:43.171 +05:30 [INF] Heartbeat running at "2026-07-16T17:20:43.1710779+05:30"
2026-07-16 17:20:53.180 +05:30 [INF] Heartbeat running at "2026-07-16T17:20:53.1801634+05:30"
2026-07-16 17:21:03.193 +05:30 [INF] Heartbeat running at "2026-07-16T17:21:03.1938824+05:30"
2026-07-16 17:21:13.196 +05:30 [INF] Heartbeat running at "2026-07-16T17:21:13.1967497+05:30"
2026-07-16 17:21:23.205 +05:30 [INF] Heartbeat running at "2026-07-16T17:21:23.2058933+05:30"
2026-07-16 17:21:33.221 +05:30 [INF] Heartbeat running at "2026-07-16T17:21:33.2216856+05:30"
2026-07-16 17:21:43.234 +05:30 [INF] Heartbeat running at "2026-07-16T17:21:43.2347668+05:30"
2026-07-16 17:21:53.244 +05:30 [INF] Heartbeat running at "2026-07-16T17:21:53.2442006+05:30"
2026-07-16 17:22:03.253 +05:30 [INF] Heartbeat running at "2026-07-16T17:22:03.2537256+05:30"
2026-07-16 17:22:13.268 +05:30 [INF] Heartbeat running at "2026-07-16T17:22:13.2680381+05:30"
2026-07-16 17:22:23.281 +05:30 [INF] Heartbeat running at "2026-07-16T17:22:23.2812560+05:30"
2026-07-16 17:22:33.292 +05:30 [INF] Heartbeat running at "2026-07-16T17:22:33.2921451+05:30"
2026-07-16 17:22:43.304 +05:30 [INF] Heartbeat running at "2026-07-16T17:22:43.3046297+05:30"
2026-07-16 17:22:53.314 +05:30 [INF] Heartbeat running at "2026-07-16T17:22:53.3142324+05:30"
2026-07-16 17:23:03.330 +05:30 [INF] Heartbeat running at "2026-07-16T17:23:03.3303007+05:30"
2026-07-16 17:23:13.338 +05:30 [INF] Heartbeat running at "2026-07-16T17:23:13.3386450+05:30"
2026-07-16 17:23:23.348 +05:30 [INF] Heartbeat running at "2026-07-16T17:23:23.3482147+05:30"
2026-07-16 17:23:33.348 +05:30 [INF] Heartbeat running at "2026-07-16T17:23:33.3486747+05:30"
2026-07-16 17:23:43.362 +05:30 [INF] Heartbeat running at "2026-07-16T17:23:43.3623547+05:30"
2026-07-16 17:23:53.375 +05:30 [INF] Heartbeat running at "2026-07-16T17:23:53.3751276+05:30"
2026-07-16 17:24:03.382 +05:30 [INF] Heartbeat running at "2026-07-16T17:24:03.3821185+05:30"
2026-07-16 17:24:13.394 +05:30 [INF] Heartbeat running at "2026-07-16T17:24:13.3947999+05:30"
2026-07-16 17:24:23.411 +05:30 [INF] Heartbeat running at "2026-07-16T17:24:23.4112768+05:30"
2026-07-16 17:24:33.425 +05:30 [INF] Heartbeat running at "2026-07-16T17:24:33.4251767+05:30"
2026-07-16 17:24:43.432 +05:30 [INF] Heartbeat running at "2026-07-16T17:24:43.4328285+05:30"
2026-07-16 17:24:53.448 +05:30 [INF] Heartbeat running at "2026-07-16T17:24:53.4486312+05:30"
2026-07-16 17:25:03.461 +05:30 [INF] Heartbeat running at "2026-07-16T17:25:03.4610298+05:30"
2026-07-16 17:25:13.477 +05:30 [INF] Heartbeat running at "2026-07-16T17:25:13.4774278+05:30"
2026-07-16 17:25:23.483 +05:30 [INF] Heartbeat running at "2026-07-16T17:25:23.4832600+05:30"
2026-07-16 17:25:33.499 +05:30 [INF] Heartbeat running at "2026-07-16T17:25:33.4998119+05:30"
2026-07-16 17:25:43.511 +05:30 [INF] Heartbeat running at "2026-07-16T17:25:43.5112031+05:30"
2026-07-16 17:25:53.521 +05:30 [INF] Heartbeat running at "2026-07-16T17:25:53.5212244+05:30"
2026-07-16 17:26:03.532 +05:30 [INF] Heartbeat running at "2026-07-16T17:26:03.5325656+05:30"
2026-07-16 17:26:13.549 +05:30 [INF] Heartbeat running at "2026-07-16T17:26:13.5492937+05:30"
2026-07-16 17:26:23.556 +05:30 [INF] Heartbeat running at "2026-07-16T17:26:23.5560321+05:30"
2026-07-16 17:26:33.557 +05:30 [INF] Heartbeat running at "2026-07-16T17:26:33.5572295+05:30"
2026-07-16 17:26:43.558 +05:30 [INF] Heartbeat running at "2026-07-16T17:26:43.5585156+05:30"
2026-07-16 17:26:53.567 +05:30 [INF] Heartbeat running at "2026-07-16T17:26:53.5670974+05:30"
2026-07-16 17:27:03.572 +05:30 [INF] Heartbeat running at "2026-07-16T17:27:03.5726069+05:30"
2026-07-16 17:27:13.580 +05:30 [INF] Heartbeat running at "2026-07-16T17:27:13.5804585+05:30"
2026-07-16 17:27:23.586 +05:30 [INF] Heartbeat running at "2026-07-16T17:27:23.5863454+05:30"
2026-07-16 17:27:33.599 +05:30 [INF] Heartbeat running at "2026-07-16T17:27:33.5993923+05:30"
2026-07-16 17:27:43.603 +05:30 [INF] Heartbeat running at "2026-07-16T17:27:43.6031412+05:30"
2026-07-16 17:27:53.609 +05:30 [INF] Heartbeat running at "2026-07-16T17:27:53.6090192+05:30"
2026-07-16 17:28:03.618 +05:30 [INF] Heartbeat running at "2026-07-16T17:28:03.6182319+05:30"
2026-07-16 17:28:13.624 +05:30 [INF] Heartbeat running at "2026-07-16T17:28:13.6245804+05:30"
2026-07-16 17:28:23.639 +05:30 [INF] Heartbeat running at "2026-07-16T17:28:23.6395173+05:30"
2026-07-16 17:28:33.655 +05:30 [INF] Heartbeat running at "2026-07-16T17:28:33.6550083+05:30"
2026-07-16 17:28:43.662 +05:30 [INF] Heartbeat running at "2026-07-16T17:28:43.6620056+05:30"
2026-07-16 17:28:53.674 +05:30 [INF] Heartbeat running at "2026-07-16T17:28:53.6745057+05:30"
2026-07-16 17:29:03.691 +05:30 [INF] Heartbeat running at "2026-07-16T17:29:03.6911614+05:30"
2026-07-16 17:29:13.698 +05:30 [INF] Heartbeat running at "2026-07-16T17:29:13.6988529+05:30"
2026-07-16 17:29:23.715 +05:30 [INF] Heartbeat running at "2026-07-16T17:29:23.7158261+05:30"
2026-07-16 17:29:33.732 +05:30 [INF] Heartbeat running at "2026-07-16T17:29:33.7329505+05:30"
2026-07-16 17:29:43.750 +05:30 [INF] Heartbeat running at "2026-07-16T17:29:43.7504575+05:30"
2026-07-16 17:29:53.766 +05:30 [INF] Heartbeat running at "2026-07-16T17:29:53.7665890+05:30"
2026-07-16 17:30:03.776 +05:30 [INF] Heartbeat running at "2026-07-16T17:30:03.7761393+05:30"
2026-07-16 17:30:13.782 +05:30 [INF] Heartbeat running at "2026-07-16T17:30:13.7829232+05:30"
2026-07-16 17:30:23.787 +05:30 [INF] Heartbeat running at "2026-07-16T17:30:23.7878992+05:30"
2026-07-16 17:30:33.796 +05:30 [INF] Heartbeat running at "2026-07-16T17:30:33.7969043+05:30"
2026-07-16 17:30:43.804 +05:30 [INF] Heartbeat running at "2026-07-16T17:30:43.8044177+05:30"
2026-07-16 17:30:53.812 +05:30 [INF] Heartbeat running at "2026-07-16T17:30:53.8123603+05:30"
2026-07-16 17:31:03.818 +05:30 [INF] Heartbeat running at "2026-07-16T17:31:03.8185155+05:30"
2026-07-16 17:31:13.824 +05:30 [INF] Heartbeat running at "2026-07-16T17:31:13.8245433+05:30"
2026-07-16 17:31:23.836 +05:30 [INF] Heartbeat running at "2026-07-16T17:31:23.8366765+05:30"
2026-07-16 17:31:33.853 +05:30 [INF] Heartbeat running at "2026-07-16T17:31:33.8538524+05:30"
2026-07-16 17:31:43.869 +05:30 [INF] Heartbeat running at "2026-07-16T17:31:43.8692326+05:30"
2026-07-16 17:31:53.882 +05:30 [INF] Heartbeat running at "2026-07-16T17:31:53.8825809+05:30"
2026-07-16 17:32:03.886 +05:30 [INF] Heartbeat running at "2026-07-16T17:32:03.8865832+05:30"
2026-07-16 17:32:13.899 +05:30 [INF] Heartbeat running at "2026-07-16T17:32:13.8996474+05:30"
2026-07-16 17:32:23.919 +05:30 [INF] Heartbeat running at "2026-07-16T17:32:23.9194688+05:30"
2026-07-16 17:32:33.929 +05:30 [INF] Heartbeat running at "2026-07-16T17:32:33.9298243+05:30"
2026-07-16 17:32:43.938 +05:30 [INF] Heartbeat running at "2026-07-16T17:32:43.9383960+05:30"
2026-07-16 17:32:53.954 +05:30 [INF] Heartbeat running at "2026-07-16T17:32:53.9544299+05:30"
2026-07-16 17:33:03.967 +05:30 [INF] Heartbeat running at "2026-07-16T17:33:03.9674057+05:30"
2026-07-16 17:33:13.981 +05:30 [INF] Heartbeat running at "2026-07-16T17:33:13.9818518+05:30"
2026-07-16 17:33:23.987 +05:30 [INF] Heartbeat running at "2026-07-16T17:33:23.9856241+05:30"
2026-07-16 17:33:34.002 +05:30 [INF] Heartbeat running at "2026-07-16T17:33:34.0023186+05:30"
2026-07-16 17:33:44.013 +05:30 [INF] Heartbeat running at "2026-07-16T17:33:44.0136042+05:30"
2026-07-16 17:33:54.024 +05:30 [INF] Heartbeat running at "2026-07-16T17:33:54.0247366+05:30"
2026-07-16 17:34:04.038 +05:30 [INF] Heartbeat running at "2026-07-16T17:34:04.0382653+05:30"
2026-07-16 17:34:14.040 +05:30 [INF] Heartbeat running at "2026-07-16T17:34:14.0401207+05:30"
2026-07-16 17:34:24.051 +05:30 [INF] Heartbeat running at "2026-07-16T17:34:24.0513902+05:30"
2026-07-16 17:34:34.064 +05:30 [INF] Heartbeat running at "2026-07-16T17:34:34.0643590+05:30"
2026-07-16 17:34:44.068 +05:30 [INF] Heartbeat running at "2026-07-16T17:34:44.0684295+05:30"
2026-07-16 17:34:54.075 +05:30 [INF] Heartbeat running at "2026-07-16T17:34:54.0751790+05:30"
2026-07-16 17:35:04.087 +05:30 [INF] Heartbeat running at "2026-07-16T17:35:04.0872698+05:30"
2026-07-16 17:35:14.096 +05:30 [INF] Heartbeat running at "2026-07-16T17:35:14.0965121+05:30"
2026-07-16 17:35:24.108 +05:30 [INF] Heartbeat running at "2026-07-16T17:35:24.1086869+05:30"
2026-07-16 17:35:34.123 +05:30 [INF] Heartbeat running at "2026-07-16T17:35:34.1229995+05:30"
2026-07-16 17:35:44.138 +05:30 [INF] Heartbeat running at "2026-07-16T17:35:44.1386509+05:30"
2026-07-16 17:35:54.152 +05:30 [INF] Heartbeat running at "2026-07-16T17:35:54.1524517+05:30"
2026-07-16 17:36:04.156 +05:30 [INF] Heartbeat running at "2026-07-16T17:36:04.1568931+05:30"
2026-07-16 17:36:14.166 +05:30 [INF] Heartbeat running at "2026-07-16T17:36:14.1663918+05:30"
2026-07-16 17:36:24.180 +05:30 [INF] Heartbeat running at "2026-07-16T17:36:24.1799871+05:30"
2026-07-16 17:36:34.183 +05:30 [INF] Heartbeat running at "2026-07-16T17:36:34.1834249+05:30"
2026-07-16 17:36:44.192 +05:30 [INF] Heartbeat running at "2026-07-16T17:36:44.1922928+05:30"
2026-07-16 17:36:54.200 +05:30 [INF] Heartbeat running at "2026-07-16T17:36:54.2002660+05:30"
2026-07-16 17:37:04.218 +05:30 [INF] Heartbeat running at "2026-07-16T17:37:04.2187621+05:30"
2026-07-16 17:37:14.230 +05:30 [INF] Heartbeat running at "2026-07-16T17:37:14.2301133+05:30"
2026-07-16 17:37:24.243 +05:30 [INF] Heartbeat running at "2026-07-16T17:37:24.2430868+05:30"
2026-07-16 17:37:34.247 +05:30 [INF] Heartbeat running at "2026-07-16T17:37:34.2472681+05:30"
2026-07-16 17:37:44.255 +05:30 [INF] Heartbeat running at "2026-07-16T17:37:44.2550608+05:30"
2026-07-16 17:37:54.259 +05:30 [INF] Heartbeat running at "2026-07-16T17:37:54.2596948+05:30"
2026-07-16 17:38:04.270 +05:30 [INF] Heartbeat running at "2026-07-16T17:38:04.2703027+05:30"
2026-07-16 17:38:14.277 +05:30 [INF] Heartbeat running at "2026-07-16T17:38:14.2778144+05:30"
2026-07-16 17:38:24.286 +05:30 [INF] Heartbeat running at "2026-07-16T17:38:24.2860422+05:30"
2026-07-16 17:38:34.291 +05:30 [INF] Heartbeat running at "2026-07-16T17:38:34.2910101+05:30"
2026-07-16 17:38:44.299 +05:30 [INF] Heartbeat running at "2026-07-16T17:38:44.2990803+05:30"
2026-07-16 17:38:54.308 +05:30 [INF] Heartbeat running at "2026-07-16T17:38:54.3089263+05:30"
2026-07-16 17:39:04.313 +05:30 [INF] Heartbeat running at "2026-07-16T17:39:04.3138808+05:30"
2026-07-16 17:39:14.324 +05:30 [INF] Heartbeat running at "2026-07-16T17:39:14.3240060+05:30"
2026-07-16 17:39:24.332 +05:30 [INF] Heartbeat running at "2026-07-16T17:39:24.3319797+05:30"
2026-07-16 17:39:34.337 +05:30 [INF] Heartbeat running at "2026-07-16T17:39:34.3378487+05:30"
2026-07-16 17:39:44.345 +05:30 [INF] Heartbeat running at "2026-07-16T17:39:44.3449965+05:30"
2026-07-16 17:39:54.353 +05:30 [INF] Heartbeat running at "2026-07-16T17:39:54.3530900+05:30"
2026-07-16 17:40:04.359 +05:30 [INF] Heartbeat running at "2026-07-16T17:40:04.3598158+05:30"
2026-07-16 17:40:14.369 +05:30 [INF] Heartbeat running at "2026-07-16T17:40:14.3691919+05:30"
2026-07-16 17:40:24.383 +05:30 [INF] Heartbeat running at "2026-07-16T17:40:24.3830051+05:30"
2026-07-16 17:40:34.391 +05:30 [INF] Heartbeat running at "2026-07-16T17:40:34.3913467+05:30"
2026-07-16 17:40:44.403 +05:30 [INF] Heartbeat running at "2026-07-16T17:40:44.4034599+05:30"
2026-07-16 17:40:54.415 +05:30 [INF] Heartbeat running at "2026-07-16T17:40:54.4157419+05:30"
2026-07-16 17:41:04.427 +05:30 [INF] Heartbeat running at "2026-07-16T17:41:04.4276460+05:30"
2026-07-16 17:41:14.440 +05:30 [INF] Heartbeat running at "2026-07-16T17:41:14.4400518+05:30"
2026-07-16 17:41:24.453 +05:30 [INF] Heartbeat running at "2026-07-16T17:41:24.4530767+05:30"
2026-07-16 17:41:34.459 +05:30 [INF] Heartbeat running at "2026-07-16T17:41:34.4591140+05:30"
2026-07-16 17:41:44.468 +05:30 [INF] Heartbeat running at "2026-07-16T17:41:44.4689315+05:30"
2026-07-16 17:41:54.476 +05:30 [INF] Heartbeat running at "2026-07-16T17:41:54.4760238+05:30"
2026-07-16 17:42:04.481 +05:30 [INF] Heartbeat running at "2026-07-16T17:42:04.4812726+05:30"
2026-07-16 17:42:14.592 +05:30 [INF] Heartbeat running at "2026-07-16T17:42:14.5928185+05:30"
2026-07-16 17:42:24.604 +05:30 [INF] Heartbeat running at "2026-07-16T17:42:24.6041837+05:30"
2026-07-16 17:42:34.605 +05:30 [INF] Heartbeat running at "2026-07-16T17:42:34.6056348+05:30"
2026-07-16 17:42:44.613 +05:30 [INF] Heartbeat running at "2026-07-16T17:42:44.6131701+05:30"
2026-07-16 17:42:54.615 +05:30 [INF] Heartbeat running at "2026-07-16T17:42:54.6156913+05:30"
2026-07-16 17:43:04.622 +05:30 [INF] Heartbeat running at "2026-07-16T17:43:04.6226280+05:30"
2026-07-16 17:43:14.633 +05:30 [INF] Heartbeat running at "2026-07-16T17:43:14.6334209+05:30"
2026-07-16 17:43:24.646 +05:30 [INF] Heartbeat running at "2026-07-16T17:43:24.6460883+05:30"
2026-07-16 17:43:34.662 +05:30 [INF] Heartbeat running at "2026-07-16T17:43:34.6624884+05:30"
2026-07-16 17:43:44.674 +05:30 [INF] Heartbeat running at "2026-07-16T17:43:44.6741233+05:30"
2026-07-16 17:43:54.689 +05:30 [INF] Heartbeat running at "2026-07-16T17:43:54.6892229+05:30"
2026-07-16 17:44:04.692 +05:30 [INF] Heartbeat running at "2026-07-16T17:44:04.6923218+05:30"
2026-07-16 17:44:14.707 +05:30 [INF] Heartbeat running at "2026-07-16T17:44:14.7074762+05:30"
2026-07-16 17:44:24.711 +05:30 [INF] Heartbeat running at "2026-07-16T17:44:24.7112385+05:30"
2026-07-16 17:44:34.728 +05:30 [INF] Heartbeat running at "2026-07-16T17:44:34.7280485+05:30"
2026-07-16 17:44:44.745 +05:30 [INF] Heartbeat running at "2026-07-16T17:44:44.7458367+05:30"
2026-07-16 17:44:54.761 +05:30 [INF] Heartbeat running at "2026-07-16T17:44:54.7619773+05:30"
2026-07-16 17:45:04.769 +05:30 [INF] Heartbeat running at "2026-07-16T17:45:04.7690750+05:30"
2026-07-16 17:45:14.784 +05:30 [INF] Heartbeat running at "2026-07-16T17:45:14.7846933+05:30"
2026-07-16 17:45:24.795 +05:30 [INF] Heartbeat running at "2026-07-16T17:45:24.7959012+05:30"
2026-07-16 17:45:34.803 +05:30 [INF] Heartbeat running at "2026-07-16T17:45:34.8034414+05:30"
2026-07-16 17:45:44.820 +05:30 [INF] Heartbeat running at "2026-07-16T17:45:44.8207878+05:30"
2026-07-16 17:45:54.833 +05:30 [INF] Heartbeat running at "2026-07-16T17:45:54.8339478+05:30"
2026-07-16 17:46:04.846 +05:30 [INF] Heartbeat running at "2026-07-16T17:46:04.8462850+05:30"
2026-07-16 17:46:14.851 +05:30 [INF] Heartbeat running at "2026-07-16T17:46:14.8511339+05:30"
2026-07-16 17:46:24.866 +05:30 [INF] Heartbeat running at "2026-07-16T17:46:24.8664603+05:30"
2026-07-16 17:46:34.871 +05:30 [INF] Heartbeat running at "2026-07-16T17:46:34.8711809+05:30"
2026-07-16 17:46:44.875 +05:30 [INF] Heartbeat running at "2026-07-16T17:46:44.8751224+05:30"
2026-07-16 17:46:54.880 +05:30 [INF] Heartbeat running at "2026-07-16T17:46:54.8799936+05:30"
2026-07-16 17:47:04.887 +05:30 [INF] Heartbeat running at "2026-07-16T17:47:04.8871378+05:30"
2026-07-16 17:47:14.899 +05:30 [INF] Heartbeat running at "2026-07-16T17:47:14.8995261+05:30"
2026-07-16 17:47:24.904 +05:30 [INF] Heartbeat running at "2026-07-16T17:47:24.9042171+05:30"
2026-07-16 17:47:34.918 +05:30 [INF] Heartbeat running at "2026-07-16T17:47:34.9186122+05:30"
2026-07-16 17:47:44.923 +05:30 [INF] Heartbeat running at "2026-07-16T17:47:44.9238485+05:30"
2026-07-16 17:47:54.935 +05:30 [INF] Heartbeat running at "2026-07-16T17:47:54.9350414+05:30"
2026-07-16 17:48:04.942 +05:30 [INF] Heartbeat running at "2026-07-16T17:48:04.9423851+05:30"
2026-07-16 17:48:14.946 +05:30 [INF] Heartbeat running at "2026-07-16T17:48:14.9462246+05:30"
2026-07-16 17:48:24.954 +05:30 [INF] Heartbeat running at "2026-07-16T17:48:24.9540736+05:30"
2026-07-16 17:48:34.960 +05:30 [INF] Heartbeat running at "2026-07-16T17:48:34.9603892+05:30"
2026-07-16 17:48:44.965 +05:30 [INF] Heartbeat running at "2026-07-16T17:48:44.9650647+05:30"
2026-07-16 17:48:54.972 +05:30 [INF] Heartbeat running at "2026-07-16T17:48:54.9728534+05:30"
2026-07-16 17:49:04.981 +05:30 [INF] Heartbeat running at "2026-07-16T17:49:04.9810167+05:30"
2026-07-16 17:49:13.748 +05:30 [INF] HTTP OPTIONS /api/Doctor responded 204 in 26.1013 ms
2026-07-16 17:49:13.748 +05:30 [INF] HTTP OPTIONS /api/appointment/patient/8 responded 204 in 20.8691 ms
2026-07-16 17:49:14.393 +05:30 [INF] HTTP GET /api/appointment/patient/8 responded 401 in 97.6350 ms
2026-07-16 17:49:14.394 +05:30 [INF] HTTP GET /api/Doctor responded 401 in 100.1689 ms
2026-07-16 17:49:14.988 +05:30 [INF] Heartbeat running at "2026-07-16T17:49:14.9881217+05:30"
2026-07-16 17:49:25.462 +05:30 [INF] Heartbeat running at "2026-07-16T17:49:25.4623309+05:30"
2026-07-16 17:49:35.470 +05:30 [INF] Heartbeat running at "2026-07-16T17:49:35.4701321+05:30"
2026-07-16 17:49:45.471 +05:30 [INF] Heartbeat running at "2026-07-16T17:49:45.4717465+05:30"
2026-07-16 17:49:55.485 +05:30 [INF] Heartbeat running at "2026-07-16T17:49:55.4858277+05:30"
2026-07-16 17:50:05.501 +05:30 [INF] Heartbeat running at "2026-07-16T17:50:05.5018495+05:30"
2026-07-16 17:50:15.522 +05:30 [INF] Heartbeat running at "2026-07-16T17:50:15.5225807+05:30"
2026-07-16 17:50:25.538 +05:30 [INF] Heartbeat running at "2026-07-16T17:50:25.5387982+05:30"
2026-07-16 17:50:35.545 +05:30 [INF] Heartbeat running at "2026-07-16T17:50:35.5458595+05:30"
2026-07-16 17:50:45.558 +05:30 [INF] Heartbeat running at "2026-07-16T17:50:45.5585711+05:30"
2026-07-16 17:50:55.573 +05:30 [INF] Heartbeat running at "2026-07-16T17:50:55.5731289+05:30"
2026-07-16 17:51:05.588 +05:30 [INF] Heartbeat running at "2026-07-16T17:51:05.5880915+05:30"
2026-07-16 17:51:15.591 +05:30 [INF] Heartbeat running at "2026-07-16T17:51:15.5913729+05:30"
2026-07-16 17:51:25.598 +05:30 [INF] Heartbeat running at "2026-07-16T17:51:25.5986281+05:30"
2026-07-16 17:51:35.604 +05:30 [INF] Heartbeat running at "2026-07-16T17:51:35.6043521+05:30"
2026-07-16 17:51:45.620 +05:30 [INF] Heartbeat running at "2026-07-16T17:51:45.6201260+05:30"
2026-07-16 17:51:55.628 +05:30 [INF] Heartbeat running at "2026-07-16T17:51:55.6287379+05:30"
2026-07-16 17:52:05.647 +05:30 [INF] Heartbeat running at "2026-07-16T17:52:05.6479472+05:30"
2026-07-16 17:52:15.703 +05:30 [INF] Heartbeat running at "2026-07-16T17:52:15.7035454+05:30"
2026-07-16 17:52:25.716 +05:30 [INF] Heartbeat running at "2026-07-16T17:52:25.7166877+05:30"
2026-07-16 17:52:35.730 +05:30 [INF] Heartbeat running at "2026-07-16T17:52:35.7308136+05:30"
2026-07-16 17:52:45.740 +05:30 [INF] Heartbeat running at "2026-07-16T17:52:45.7408272+05:30"
2026-07-16 17:52:55.746 +05:30 [INF] Heartbeat running at "2026-07-16T17:52:55.7466410+05:30"
2026-07-16 17:53:05.746 +05:30 [INF] Heartbeat running at "2026-07-16T17:53:05.7468758+05:30"
2026-07-16 17:53:15.761 +05:30 [INF] Heartbeat running at "2026-07-16T17:53:15.7615436+05:30"
2026-07-16 17:53:25.775 +05:30 [INF] Heartbeat running at "2026-07-16T17:53:25.7752288+05:30"
2026-07-16 17:53:35.792 +05:30 [INF] Heartbeat running at "2026-07-16T17:53:35.7924857+05:30"
2026-07-16 17:53:44.936 +05:30 [INF] HTTP OPTIONS /api/Doctor responded 204 in 0.3166 ms
2026-07-16 17:53:44.936 +05:30 [INF] HTTP OPTIONS /api/appointment/patient/8 responded 204 in 0.3147 ms
2026-07-16 17:53:45.450 +05:30 [INF] HTTP GET /api/Doctor responded 401 in 2.8214 ms
2026-07-16 17:53:45.453 +05:30 [INF] HTTP GET /api/appointment/patient/8 responded 401 in 1.6017 ms
2026-07-16 17:53:45.847 +05:30 [INF] Heartbeat running at "2026-07-16T17:53:45.8476744+05:30"
2026-07-16 17:53:55.927 +05:30 [INF] Heartbeat running at "2026-07-16T17:53:55.9279641+05:30"
2026-07-16 17:54:05.941 +05:30 [INF] Heartbeat running at "2026-07-16T17:54:05.9415959+05:30"
2026-07-16 17:54:15.949 +05:30 [INF] Heartbeat running at "2026-07-16T17:54:15.9495422+05:30"
2026-07-16 17:54:25.962 +05:30 [INF] Heartbeat running at "2026-07-16T17:54:25.9628217+05:30"
2026-07-16 17:54:35.974 +05:30 [INF] Heartbeat running at "2026-07-16T17:54:35.9749339+05:30"
