2026-07-16 08:53:14.284 +05:30 [INF] Heartbeat running at "2026-07-16T08:53:14.2844290+05:30"
2026-07-16 08:53:52.081 +05:30 [INF] Heartbeat running at "2026-07-16T08:53:52.0819273+05:30"
2026-07-16 08:54:03.470 +05:30 [INF] Heartbeat running at "2026-07-16T08:54:03.4705546+05:30"
2026-07-16 08:54:18.445 +05:30 [INF] Heartbeat running at "2026-07-16T08:54:18.4451626+05:30"
2026-07-16 08:54:34.644 +05:30 [INF] Heartbeat running at "2026-07-16T08:54:34.6444697+05:30"
2026-07-16 08:54:46.776 +05:30 [INF] Heartbeat running at "2026-07-16T08:54:46.7763122+05:30"
2026-07-16 08:54:57.184 +05:30 [INF] Heartbeat running at "2026-07-16T08:54:57.1845460+05:30"
2026-07-16 08:55:07.472 +05:30 [INF] Heartbeat running at "2026-07-16T08:55:07.4723450+05:30"
2026-07-16 08:55:17.950 +05:30 [INF] Heartbeat running at "2026-07-16T08:55:17.9503879+05:30"
2026-07-16 08:55:31.056 +05:30 [INF] Heartbeat running at "2026-07-16T08:55:31.0563696+05:30"
2026-07-16 08:55:43.337 +05:30 [INF] Heartbeat running at "2026-07-16T08:55:43.3374582+05:30"
2026-07-16 08:55:46.148 +05:30 [INF] HTTP OPTIONS /api/appointment/patient/9 responded 204 in 1.8056 ms
2026-07-16 08:55:46.148 +05:30 [INF] HTTP OPTIONS /api/Doctor responded 204 in 275.2532 ms
2026-07-16 08:55:52.256 +05:30 [INF] HTTP GET /api/appointment/patient/9 responded 401 in 157.9874 ms
2026-07-16 08:55:52.256 +05:30 [INF] HTTP GET /api/Doctor responded 401 in 144.2951 ms
2026-07-16 08:55:57.524 +05:30 [INF] Heartbeat running at "2026-07-16T08:55:57.5244035+05:30"
2026-07-16 08:56:10.225 +05:30 [INF] Heartbeat running at "2026-07-16T08:56:10.2254624+05:30"
2026-07-16 08:56:23.154 +05:30 [INF] Heartbeat running at "2026-07-16T08:56:23.1537809+05:30"
2026-07-16 08:56:33.367 +05:30 [INF] Heartbeat running at "2026-07-16T08:56:33.3679622+05:30"
2026-07-16 08:56:43.403 +05:30 [INF] Heartbeat running at "2026-07-16T08:56:43.4038593+05:30"
2026-07-16 08:56:53.433 +05:30 [INF] Heartbeat running at "2026-07-16T08:56:53.4333400+05:30"
2026-07-16 08:57:03.484 +05:30 [INF] Heartbeat running at "2026-07-16T08:57:03.4846052+05:30"
2026-07-16 08:57:13.510 +05:30 [INF] Heartbeat running at "2026-07-16T08:57:13.5108613+05:30"
2026-07-16 08:57:23.547 +05:30 [INF] Heartbeat running at "2026-07-16T08:57:23.5476441+05:30"
2026-07-16 08:57:33.583 +05:30 [INF] Heartbeat running at "2026-07-16T08:57:33.5838086+05:30"
2026-07-16 08:57:43.638 +05:30 [INF] Heartbeat running at "2026-07-16T08:57:43.6382534+05:30"
2026-07-16 08:57:53.676 +05:30 [INF] Heartbeat running at "2026-07-16T08:57:53.6765665+05:30"
2026-07-16 08:58:03.701 +05:30 [INF] Heartbeat running at "2026-07-16T08:58:03.7016734+05:30"
2026-07-16 08:58:13.715 +05:30 [INF] Heartbeat running at "2026-07-16T08:58:13.7158484+05:30"
2026-07-16 08:58:23.739 +05:30 [INF] Heartbeat running at "2026-07-16T08:58:23.7390492+05:30"
2026-07-16 08:58:33.765 +05:30 [INF] Heartbeat running at "2026-07-16T08:58:33.7655921+05:30"
2026-07-16 08:58:43.780 +05:30 [INF] Heartbeat running at "2026-07-16T08:58:43.7806710+05:30"
2026-07-16 08:58:53.865 +05:30 [INF] Heartbeat running at "2026-07-16T08:58:53.8653857+05:30"
2026-07-16 08:59:03.933 +05:30 [INF] Heartbeat running at "2026-07-16T08:59:03.9335392+05:30"
2026-07-16 08:59:14.105 +05:30 [INF] Heartbeat running at "2026-07-16T08:59:14.1055332+05:30"
2026-07-16 08:59:24.392 +05:30 [INF] Heartbeat running at "2026-07-16T08:59:24.3924030+05:30"
2026-07-16 08:59:34.487 +05:30 [INF] Heartbeat running at "2026-07-16T08:59:34.4877846+05:30"
2026-07-16 08:59:45.130 +05:30 [INF] Heartbeat running at "2026-07-16T08:59:45.1309301+05:30"
2026-07-16 08:59:55.239 +05:30 [INF] Heartbeat running at "2026-07-16T08:59:55.2390015+05:30"
2026-07-16 09:00:05.302 +05:30 [INF] Heartbeat running at "2026-07-16T09:00:05.3021462+05:30"
2026-07-16 09:00:15.344 +05:30 [INF] Heartbeat running at "2026-07-16T09:00:15.3440833+05:30"
2026-07-16 09:00:25.396 +05:30 [INF] Heartbeat running at "2026-07-16T09:00:25.3968005+05:30"
2026-07-16 09:00:35.692 +05:30 [INF] Heartbeat running at "2026-07-16T09:00:35.6926388+05:30"
2026-07-16 09:00:45.712 +05:30 [INF] Heartbeat running at "2026-07-16T09:00:45.7128356+05:30"
2026-07-16 09:00:55.737 +05:30 [INF] Heartbeat running at "2026-07-16T09:00:55.7373104+05:30"
2026-07-16 09:01:05.752 +05:30 [INF] Heartbeat running at "2026-07-16T09:01:05.7528846+05:30"
2026-07-16 09:01:15.778 +05:30 [INF] Heartbeat running at "2026-07-16T09:01:15.7781479+05:30"
2026-07-16 09:01:25.800 +05:30 [INF] Heartbeat running at "2026-07-16T09:01:25.8009558+05:30"
2026-07-16 09:01:35.818 +05:30 [INF] Heartbeat running at "2026-07-16T09:01:35.8186641+05:30"
2026-07-16 09:01:45.835 +05:30 [INF] Heartbeat running at "2026-07-16T09:01:45.8354230+05:30"
2026-07-16 09:01:55.860 +05:30 [INF] Heartbeat running at "2026-07-16T09:01:55.8599641+05:30"
2026-07-16 09:02:05.886 +05:30 [INF] Heartbeat running at "2026-07-16T09:02:05.8865009+05:30"
2026-07-16 09:02:15.907 +05:30 [INF] Heartbeat running at "2026-07-16T09:02:15.9073888+05:30"
2026-07-16 09:02:25.929 +05:30 [INF] Heartbeat running at "2026-07-16T09:02:25.9291683+05:30"
2026-07-16 09:02:35.976 +05:30 [INF] Heartbeat running at "2026-07-16T09:02:35.9766969+05:30"
2026-07-16 09:02:46.999 +05:30 [INF] Heartbeat running at "2026-07-16T09:02:46.9996305+05:30"
2026-07-16 09:02:57.195 +05:30 [INF] Heartbeat running at "2026-07-16T09:02:57.1951728+05:30"
2026-07-16 09:03:07.235 +05:30 [INF] Heartbeat running at "2026-07-16T09:03:07.2354008+05:30"
2026-07-16 09:03:17.261 +05:30 [INF] Heartbeat running at "2026-07-16T09:03:17.2613526+05:30"
2026-07-16 09:03:27.284 +05:30 [INF] Heartbeat running at "2026-07-16T09:03:27.2847632+05:30"
2026-07-16 09:03:37.303 +05:30 [INF] Heartbeat running at "2026-07-16T09:03:37.3036546+05:30"
2026-07-16 09:03:47.331 +05:30 [INF] Heartbeat running at "2026-07-16T09:03:47.3314341+05:30"
2026-07-16 09:03:57.349 +05:30 [INF] Heartbeat running at "2026-07-16T09:03:57.3494301+05:30"
2026-07-16 09:04:07.379 +05:30 [INF] Heartbeat running at "2026-07-16T09:04:07.3794094+05:30"
2026-07-16 09:04:17.408 +05:30 [INF] Heartbeat running at "2026-07-16T09:04:17.4086243+05:30"
2026-07-16 09:04:27.433 +05:30 [INF] Heartbeat running at "2026-07-16T09:04:27.4338332+05:30"
2026-07-16 09:04:37.460 +05:30 [INF] Heartbeat running at "2026-07-16T09:04:37.4601413+05:30"
2026-07-16 09:04:47.489 +05:30 [INF] Heartbeat running at "2026-07-16T09:04:47.4888792+05:30"
2026-07-16 09:04:57.515 +05:30 [INF] Heartbeat running at "2026-07-16T09:04:57.5152824+05:30"
2026-07-16 09:05:07.554 +05:30 [INF] Heartbeat running at "2026-07-16T09:05:07.5545582+05:30"
2026-07-16 09:05:17.588 +05:30 [INF] Heartbeat running at "2026-07-16T09:05:17.5884573+05:30"
2026-07-16 09:05:27.608 +05:30 [INF] Heartbeat running at "2026-07-16T09:05:27.6080256+05:30"
2026-07-16 09:05:37.699 +05:30 [INF] Heartbeat running at "2026-07-16T09:05:37.6989756+05:30"
2026-07-16 09:05:47.738 +05:30 [INF] Heartbeat running at "2026-07-16T09:05:47.7387502+05:30"
2026-07-16 09:05:57.774 +05:30 [INF] Heartbeat running at "2026-07-16T09:05:57.7747884+05:30"
2026-07-16 09:06:07.813 +05:30 [INF] Heartbeat running at "2026-07-16T09:06:07.8135228+05:30"
2026-07-16 09:06:17.840 +05:30 [INF] Heartbeat running at "2026-07-16T09:06:17.8401347+05:30"
2026-07-16 09:06:28.081 +05:30 [INF] Heartbeat running at "2026-07-16T09:06:28.0810976+05:30"
2026-07-16 09:06:38.099 +05:30 [INF] Heartbeat running at "2026-07-16T09:06:38.0993303+05:30"
2026-07-16 09:06:48.141 +05:30 [INF] Heartbeat running at "2026-07-16T09:06:48.1414473+05:30"
2026-07-16 09:06:58.156 +05:30 [INF] Heartbeat running at "2026-07-16T09:06:58.1567847+05:30"
2026-07-16 09:07:08.180 +05:30 [INF] Heartbeat running at "2026-07-16T09:07:08.1809058+05:30"
2026-07-16 09:07:18.198 +05:30 [INF] Heartbeat running at "2026-07-16T09:07:18.1986374+05:30"
2026-07-16 09:07:28.213 +05:30 [INF] Heartbeat running at "2026-07-16T09:07:28.2139341+05:30"
2026-07-16 09:07:38.227 +05:30 [INF] Heartbeat running at "2026-07-16T09:07:38.2271502+05:30"
2026-07-16 09:07:48.233 +05:30 [INF] Heartbeat running at "2026-07-16T09:07:48.2338533+05:30"
2026-07-16 09:07:58.247 +05:30 [INF] Heartbeat running at "2026-07-16T09:07:58.2478050+05:30"
2026-07-16 09:08:08.301 +05:30 [INF] Heartbeat running at "2026-07-16T09:08:08.3009648+05:30"
2026-07-16 09:08:18.323 +05:30 [INF] Heartbeat running at "2026-07-16T09:08:18.3234195+05:30"
2026-07-16 09:08:28.353 +05:30 [INF] Heartbeat running at "2026-07-16T09:08:28.3538277+05:30"
2026-07-16 09:08:38.366 +05:30 [INF] Heartbeat running at "2026-07-16T09:08:38.3661164+05:30"
2026-07-16 09:08:48.391 +05:30 [INF] Heartbeat running at "2026-07-16T09:08:48.3913699+05:30"
2026-07-16 09:08:58.410 +05:30 [INF] Heartbeat running at "2026-07-16T09:08:58.4101544+05:30"
2026-07-16 09:09:08.431 +05:30 [INF] Heartbeat running at "2026-07-16T09:09:08.4314345+05:30"
2026-07-16 09:09:13.522 +05:30 [INF] HTTP OPTIONS /api/auth/login responded 204 in 3.0925 ms
2026-07-16 09:09:14.492 +05:30 [INF] HTTP POST /api/auth/login responded 200 in 863.2133 ms
2026-07-16 09:09:14.513 +05:30 [INF] HTTP POST /api/auth/login responded 200 in 889.7649 ms
2026-07-16 09:09:14.576 +05:30 [INF] HTTP OPTIONS /api/Doctor responded 204 in 0.8204 ms
2026-07-16 09:09:14.576 +05:30 [INF] HTTP OPTIONS /api/appointment/patient/8 responded 204 in 0.9540 ms
2026-07-16 09:09:14.723 +05:30 [INF] HTTP GET /api/appointment/patient/8 responded 200 in 55.7244 ms
2026-07-16 09:09:14.739 +05:30 [INF] Search doctors cache validated. CacheKey: doctors:all
2026-07-16 09:09:14.746 +05:30 [INF] HTTP GET /api/appointment/patient/8 responded 200 in 82.2040 ms
2026-07-16 09:09:14.784 +05:30 [INF] HTTP GET /api/Doctor responded 200 in 122.3001 ms
2026-07-16 09:09:14.805 +05:30 [INF] HTTP GET /api/Doctor responded 200 in 148.4238 ms
2026-07-16 09:09:18.449 +05:30 [INF] Heartbeat running at "2026-07-16T09:09:18.4493104+05:30"
2026-07-16 09:09:28.478 +05:30 [INF] Heartbeat running at "2026-07-16T09:09:28.4780039+05:30"
2026-07-16 09:09:38.502 +05:30 [INF] Heartbeat running at "2026-07-16T09:09:38.5027561+05:30"
2026-07-16 09:09:48.529 +05:30 [INF] Heartbeat running at "2026-07-16T09:09:48.5292224+05:30"
2026-07-16 09:09:58.545 +05:30 [INF] Heartbeat running at "2026-07-16T09:09:58.5450387+05:30"
2026-07-16 09:10:08.569 +05:30 [INF] Heartbeat running at "2026-07-16T09:10:08.5697347+05:30"
2026-07-16 09:10:18.592 +05:30 [INF] Heartbeat running at "2026-07-16T09:10:18.5925455+05:30"
2026-07-16 09:10:28.608 +05:30 [INF] Heartbeat running at "2026-07-16T09:10:28.6082179+05:30"
2026-07-16 09:10:38.623 +05:30 [INF] Heartbeat running at "2026-07-16T09:10:38.6239439+05:30"
2026-07-16 09:10:48.638 +05:30 [INF] Heartbeat running at "2026-07-16T09:10:48.6380363+05:30"
2026-07-16 09:10:58.664 +05:30 [INF] Heartbeat running at "2026-07-16T09:10:58.6645466+05:30"
2026-07-16 09:11:08.677 +05:30 [INF] Heartbeat running at "2026-07-16T09:11:08.6770511+05:30"
2026-07-16 09:11:18.698 +05:30 [INF] Heartbeat running at "2026-07-16T09:11:18.6983850+05:30"
2026-07-16 09:11:28.725 +05:30 [INF] Heartbeat running at "2026-07-16T09:11:28.7255100+05:30"
2026-07-16 09:11:39.505 +05:30 [INF] Heartbeat running at "2026-07-16T09:11:39.5056758+05:30"
2026-07-16 09:11:49.517 +05:30 [INF] Heartbeat running at "2026-07-16T09:11:49.5177051+05:30"
2026-07-16 09:11:59.758 +05:30 [INF] Heartbeat running at "2026-07-16T09:11:59.7587571+05:30"
2026-07-16 09:12:09.785 +05:30 [INF] Heartbeat running at "2026-07-16T09:12:09.7853049+05:30"
2026-07-16 09:12:19.826 +05:30 [INF] Heartbeat running at "2026-07-16T09:12:19.8261128+05:30"
2026-07-16 09:12:29.826 +05:30 [INF] HTTP OPTIONS /api/auth/login responded 204 in 0.4088 ms
2026-07-16 09:12:29.846 +05:30 [INF] Heartbeat running at "2026-07-16T09:12:29.8462680+05:30"
2026-07-16 09:12:30.419 +05:30 [INF] HTTP POST /api/auth/login responded 200 in 539.9805 ms
2026-07-16 09:12:30.445 +05:30 [INF] HTTP POST /api/auth/login responded 200 in 569.4482 ms
2026-07-16 09:12:30.552 +05:30 [INF] HTTP OPTIONS /api/Doctor/10 responded 204 in 0.1687 ms
2026-07-16 09:12:30.553 +05:30 [INF] HTTP OPTIONS /api/appointment/doctor/10 responded 204 in 0.1603 ms
2026-07-16 09:12:30.880 +05:30 [INF] HTTP GET /api/Doctor/10 responded 200 in 284.0193 ms
2026-07-16 09:12:30.892 +05:30 [INF] HTTP GET /api/appointment/doctor/10 responded 200 in 276.5100 ms
2026-07-16 09:12:30.922 +05:30 [INF] HTTP GET /api/Doctor/10 responded 200 in 331.5137 ms
2026-07-16 09:12:30.932 +05:30 [INF] HTTP GET /api/appointment/doctor/10 responded 200 in 321.1249 ms
2026-07-16 09:12:39.874 +05:30 [INF] Heartbeat running at "2026-07-16T09:12:39.8743634+05:30"
2026-07-16 09:12:42.094 +05:30 [INF] HTTP OPTIONS /api/appointment/5/status responded 204 in 0.1935 ms
2026-07-16 09:12:42.533 +05:30 [INF] HTTP PUT /api/appointment/5/status responded 200 in 398.2007 ms
2026-07-16 09:12:42.558 +05:30 [INF] HTTP PUT /api/appointment/5/status responded 200 in 426.4058 ms
2026-07-16 09:12:48.569 +05:30 [INF] HTTP OPTIONS /api/appointment/5/status responded 204 in 0.1720 ms
2026-07-16 09:12:48.623 +05:30 [INF] HTTP PUT /api/appointment/5/status responded 200 in 13.4132 ms
2026-07-16 09:12:48.646 +05:30 [INF] HTTP PUT /api/appointment/5/status responded 200 in 38.1073 ms
2026-07-16 09:12:49.898 +05:30 [INF] Heartbeat running at "2026-07-16T09:12:49.8984924+05:30"
2026-07-16 09:12:59.916 +05:30 [INF] Heartbeat running at "2026-07-16T09:12:59.9167890+05:30"
2026-07-16 09:13:06.532 +05:30 [INF] HTTP OPTIONS /api/appointment/5/status responded 204 in 0.2185 ms
2026-07-16 09:13:06.578 +05:30 [INF] HTTP PUT /api/appointment/5/status responded 200 in 15.6573 ms
2026-07-16 09:13:06.606 +05:30 [INF] HTTP PUT /api/appointment/5/status responded 200 in 44.3405 ms
2026-07-16 09:13:09.935 +05:30 [INF] Heartbeat running at "2026-07-16T09:13:09.9357190+05:30"
2026-07-16 09:13:19.967 +05:30 [INF] Heartbeat running at "2026-07-16T09:13:19.9672057+05:30"
2026-07-16 09:13:30.057 +05:30 [INF] Heartbeat running at "2026-07-16T09:13:30.0571152+05:30"
2026-07-16 09:13:40.095 +05:30 [INF] Heartbeat running at "2026-07-16T09:13:40.0952303+05:30"
2026-07-16 09:13:50.124 +05:30 [INF] Heartbeat running at "2026-07-16T09:13:50.1239807+05:30"
2026-07-16 09:14:00.154 +05:30 [INF] Heartbeat running at "2026-07-16T09:14:00.1544278+05:30"
2026-07-16 09:14:10.182 +05:30 [INF] Heartbeat running at "2026-07-16T09:14:10.1820017+05:30"
2026-07-16 09:14:20.227 +05:30 [INF] Heartbeat running at "2026-07-16T09:14:20.2271256+05:30"
2026-07-16 09:14:30.246 +05:30 [INF] Heartbeat running at "2026-07-16T09:14:30.2462196+05:30"
2026-07-16 09:14:40.280 +05:30 [INF] Heartbeat running at "2026-07-16T09:14:40.2808826+05:30"
2026-07-16 09:14:50.304 +05:30 [INF] Heartbeat running at "2026-07-16T09:14:50.3041488+05:30"
2026-07-16 09:15:00.347 +05:30 [INF] Heartbeat running at "2026-07-16T09:15:00.3472522+05:30"
2026-07-16 09:15:10.379 +05:30 [INF] Heartbeat running at "2026-07-16T09:15:10.3792925+05:30"
2026-07-16 09:15:20.416 +05:30 [INF] Heartbeat running at "2026-07-16T09:15:20.4165915+05:30"
2026-07-16 09:15:30.434 +05:30 [INF] Heartbeat running at "2026-07-16T09:15:30.4344915+05:30"
2026-07-16 09:15:40.467 +05:30 [INF] Heartbeat running at "2026-07-16T09:15:40.4674361+05:30"
2026-07-16 09:15:50.490 +05:30 [INF] Heartbeat running at "2026-07-16T09:15:50.4908314+05:30"
2026-07-16 09:16:00.510 +05:30 [INF] Heartbeat running at "2026-07-16T09:16:00.5101508+05:30"
2026-07-16 09:16:10.551 +05:30 [INF] Heartbeat running at "2026-07-16T09:16:10.5514485+05:30"
2026-07-16 09:16:20.572 +05:30 [INF] Heartbeat running at "2026-07-16T09:16:20.5720173+05:30"
2026-07-16 09:16:30.619 +05:30 [INF] Heartbeat running at "2026-07-16T09:16:30.6189871+05:30"
2026-07-16 09:16:40.646 +05:30 [INF] Heartbeat running at "2026-07-16T09:16:40.6464187+05:30"
2026-07-16 09:16:50.671 +05:30 [INF] Heartbeat running at "2026-07-16T09:16:50.6715412+05:30"
2026-07-16 09:17:00.698 +05:30 [INF] Heartbeat running at "2026-07-16T09:17:00.6987853+05:30"
2026-07-16 09:17:10.724 +05:30 [INF] Heartbeat running at "2026-07-16T09:17:10.7241511+05:30"
2026-07-16 09:17:20.751 +05:30 [INF] Heartbeat running at "2026-07-16T09:17:20.7510661+05:30"
2026-07-16 09:17:30.952 +05:30 [INF] Heartbeat running at "2026-07-16T09:17:30.9529226+05:30"
2026-07-16 09:17:40.978 +05:30 [INF] Heartbeat running at "2026-07-16T09:17:40.9786187+05:30"
2026-07-16 09:17:50.997 +05:30 [INF] Heartbeat running at "2026-07-16T09:17:50.9973937+05:30"
2026-07-16 09:18:01.021 +05:30 [INF] Heartbeat running at "2026-07-16T09:18:01.0217835+05:30"
2026-07-16 09:18:11.051 +05:30 [INF] Heartbeat running at "2026-07-16T09:18:11.0518153+05:30"
2026-07-16 09:18:21.075 +05:30 [INF] Heartbeat running at "2026-07-16T09:18:21.0757107+05:30"
2026-07-16 09:18:31.096 +05:30 [INF] Heartbeat running at "2026-07-16T09:18:31.0962714+05:30"
2026-07-16 09:18:41.119 +05:30 [INF] Heartbeat running at "2026-07-16T09:18:41.1192253+05:30"
2026-07-16 09:18:51.142 +05:30 [INF] Heartbeat running at "2026-07-16T09:18:51.1426653+05:30"
2026-07-16 09:19:01.169 +05:30 [INF] Heartbeat running at "2026-07-16T09:19:01.1693751+05:30"
2026-07-16 09:19:11.188 +05:30 [INF] Heartbeat running at "2026-07-16T09:19:11.1889080+05:30"
2026-07-16 09:19:21.209 +05:30 [INF] Heartbeat running at "2026-07-16T09:19:21.2090033+05:30"
2026-07-16 09:19:31.234 +05:30 [INF] Heartbeat running at "2026-07-16T09:19:31.2339871+05:30"
2026-07-16 09:19:41.259 +05:30 [INF] Heartbeat running at "2026-07-16T09:19:41.2591457+05:30"
2026-07-16 09:19:51.290 +05:30 [INF] Heartbeat running at "2026-07-16T09:19:51.2907686+05:30"
2026-07-16 09:20:01.294 +05:30 [INF] Heartbeat running at "2026-07-16T09:20:01.2943163+05:30"
2026-07-16 09:20:11.318 +05:30 [INF] Heartbeat running at "2026-07-16T09:20:11.3185862+05:30"
2026-07-16 09:20:21.339 +05:30 [INF] Heartbeat running at "2026-07-16T09:20:21.3391676+05:30"
2026-07-16 09:20:31.361 +05:30 [INF] Heartbeat running at "2026-07-16T09:20:31.3614576+05:30"
2026-07-16 09:20:41.402 +05:30 [INF] Heartbeat running at "2026-07-16T09:20:41.4020303+05:30"
2026-07-16 09:20:51.427 +05:30 [INF] Heartbeat running at "2026-07-16T09:20:51.4274524+05:30"
2026-07-16 09:21:01.437 +05:30 [INF] Heartbeat running at "2026-07-16T09:21:01.4377742+05:30"
2026-07-16 09:21:11.466 +05:30 [INF] Heartbeat running at "2026-07-16T09:21:11.4668092+05:30"
2026-07-16 09:21:21.492 +05:30 [INF] Heartbeat running at "2026-07-16T09:21:21.4929109+05:30"
2026-07-16 09:21:31.520 +05:30 [INF] Heartbeat running at "2026-07-16T09:21:31.5202602+05:30"
2026-07-16 09:21:41.536 +05:30 [INF] Heartbeat running at "2026-07-16T09:21:41.5369262+05:30"
2026-07-16 09:21:51.565 +05:30 [INF] Heartbeat running at "2026-07-16T09:21:51.5651658+05:30"
2026-07-16 09:22:01.579 +05:30 [INF] Heartbeat running at "2026-07-16T09:22:01.5795450+05:30"
2026-07-16 09:22:11.611 +05:30 [INF] Heartbeat running at "2026-07-16T09:22:11.6116063+05:30"
2026-07-16 09:22:21.653 +05:30 [INF] Heartbeat running at "2026-07-16T09:22:21.6536253+05:30"
2026-07-16 09:22:31.682 +05:30 [INF] Heartbeat running at "2026-07-16T09:22:31.6819514+05:30"
2026-07-16 09:22:41.697 +05:30 [INF] Heartbeat running at "2026-07-16T09:22:41.6970771+05:30"
2026-07-16 09:23:43.231 +05:30 [INF] Heartbeat running at "2026-07-16T09:23:43.2317897+05:30"
2026-07-16 09:24:03.173 +05:30 [INF] Heartbeat running at "2026-07-16T09:24:03.1735200+05:30"
2026-07-16 09:24:15.711 +05:30 [INF] Heartbeat running at "2026-07-16T09:24:15.7115376+05:30"
2026-07-16 09:24:23.665 +05:30 [INF] HTTP OPTIONS /api/Doctor/10 responded 204 in 0.1499 ms
2026-07-16 09:24:23.673 +05:30 [INF] HTTP OPTIONS /api/appointment/doctor/10 responded 204 in 0.2905 ms
2026-07-16 09:24:23.776 +05:30 [INF] HTTP GET /api/Doctor/10 responded 200 in 69.9335 ms
2026-07-16 09:24:23.784 +05:30 [INF] HTTP GET /api/Doctor/10 responded 200 in 83.8065 ms
2026-07-16 09:24:23.793 +05:30 [INF] HTTP GET /api/appointment/doctor/10 responded 200 in 38.4979 ms
2026-07-16 09:24:23.808 +05:30 [INF] HTTP GET /api/appointment/doctor/10 responded 200 in 91.2782 ms
2026-07-16 09:24:26.099 +05:30 [INF] Heartbeat running at "2026-07-16T09:24:26.0998257+05:30"
2026-07-16 09:24:36.121 +05:30 [INF] Heartbeat running at "2026-07-16T09:24:36.1219256+05:30"
2026-07-16 09:24:46.146 +05:30 [INF] Heartbeat running at "2026-07-16T09:24:46.1469158+05:30"
2026-07-16 09:24:56.150 +05:30 [INF] Heartbeat running at "2026-07-16T09:24:56.1508011+05:30"
2026-07-16 09:25:06.162 +05:30 [INF] Heartbeat running at "2026-07-16T09:25:06.1623982+05:30"
