2026-07-07 11:54:39.118 +05:30 [INF] Executed DbCommand (5,059ms) [Parameters=[@normalizedName='?' (Size = 256)], CommandType='"Text"', CommandTimeout='30']
SELECT TOP(1) [a].[Id], [a].[ConcurrencyStamp], [a].[Name], [a].[NormalizedName]
FROM [AspNetRoles] AS [a]
WHERE [a].[NormalizedName] = @normalizedName
2026-07-07 11:54:39.802 +05:30 [INF] Executed DbCommand (77ms) [Parameters=[@normalizedName='?' (Size = 256)], CommandType='"Text"', CommandTimeout='30']
SELECT TOP(1) [a].[Id], [a].[ConcurrencyStamp], [a].[Name], [a].[NormalizedName]
FROM [AspNetRoles] AS [a]
WHERE [a].[NormalizedName] = @normalizedName
2026-07-07 11:54:39.877 +05:30 [INF] Executed DbCommand (1ms) [Parameters=[@normalizedName='?' (Size = 256)], CommandType='"Text"', CommandTimeout='30']
SELECT TOP(1) [a].[Id], [a].[ConcurrencyStamp], [a].[Name], [a].[NormalizedName]
FROM [AspNetRoles] AS [a]
WHERE [a].[NormalizedName] = @normalizedName
2026-07-07 11:54:40.883 +05:30 [INF] User profile is available. Using 'C:\Users\310054\AppData\Local\ASP.NET\DataProtection-Keys' as key repository and Windows DPAPI to encrypt keys at rest.
2026-07-07 11:54:41.359 +05:30 [INF] Configured endpoint AppointmentBooked, Consumer: HealthAxis3.API.Events.AppointmentBookedConsumer
2026-07-07 11:54:42.452 +05:30 [INF] Heartbeat running at "2026-07-07T11:54:42.4521654+05:30"
2026-07-07 11:54:42.779 +05:30 [ERR] Hosting failed to start
System.IO.IOException: Failed to bind to address https://127.0.0.1:7120: address already in use.
 ---> Microsoft.AspNetCore.Connections.AddressInUseException: Only one usage of each socket address (protocol/network address/port) is normally permitted.
 ---> System.Net.Sockets.SocketException (10048): Only one usage of each socket address (protocol/network address/port) is normally permitted.
   at System.Net.Sockets.Socket.UpdateStatusAfterSocketErrorAndThrowException(SocketError error, Boolean disconnectOnFailure, String callerName)
   at System.Net.Sockets.Socket.DoBind(EndPoint endPointSnapshot, SocketAddress socketAddress)
   at System.Net.Sockets.Socket.Bind(EndPoint localEP)
   at Microsoft.AspNetCore.Server.Kestrel.Transport.Sockets.SocketTransportOptions.CreateDefaultBoundListenSocket(EndPoint endpoint)
   at Microsoft.AspNetCore.Server.Kestrel.Transport.Sockets.SocketConnectionListener.Bind()
   --- End of inner exception stack trace ---
   at Microsoft.AspNetCore.Server.Kestrel.Transport.Sockets.SocketConnectionListener.Bind()
   at Microsoft.AspNetCore.Server.Kestrel.Transport.Sockets.SocketTransportFactory.BindAsync(EndPoint endpoint, CancellationToken cancellationToken)
   at Microsoft.AspNetCore.Server.Kestrel.Core.Internal.Infrastructure.TransportManager.BindAsync(EndPoint endPoint, ConnectionDelegate connectionDelegate, EndpointConfig endpointConfig, CancellationToken cancellationToken)
   at Microsoft.AspNetCore.Server.Kestrel.Core.KestrelServerImpl.<>c__DisplayClass28_0`1.<<StartAsync>g__OnBind|0>d.MoveNext()
--- End of stack trace from previous location ---
   at Microsoft.AspNetCore.Server.Kestrel.Core.Internal.AddressBinder.BindEndpointAsync(ListenOptions endpoint, AddressBindContext context, CancellationToken cancellationToken)
   --- End of inner exception stack trace ---
   at Microsoft.AspNetCore.Server.Kestrel.Core.Internal.AddressBinder.BindEndpointAsync(ListenOptions endpoint, AddressBindContext context, CancellationToken cancellationToken)
   at Microsoft.AspNetCore.Server.Kestrel.Core.LocalhostListenOptions.BindAsync(AddressBindContext context, CancellationToken cancellationToken)
   at Microsoft.AspNetCore.Server.Kestrel.Core.Internal.AddressBinder.AddressesStrategy.BindAsync(AddressBindContext context, CancellationToken cancellationToken)
   at Microsoft.AspNetCore.Server.Kestrel.Core.KestrelServerImpl.BindAsync(CancellationToken cancellationToken)
   at Microsoft.AspNetCore.Server.Kestrel.Core.KestrelServerImpl.StartAsync[TContext](IHttpApplication`1 application, CancellationToken cancellationToken)
   at Microsoft.AspNetCore.Hosting.GenericWebHostService.StartAsync(CancellationToken cancellationToken)
   at Microsoft.Extensions.Hosting.Internal.Host.<StartAsync>b__14_1(IHostedService service, CancellationToken token)
   at Microsoft.Extensions.Hosting.Internal.Host.ForeachService[T](IEnumerable`1 services, CancellationToken token, Boolean concurrent, Boolean abortOnFirstException, List`1 exceptions, Func`3 operation)
2026-07-07 11:54:42.799 +05:30 [WRN] Failed to stop bus: "rabbitmq://localhost/5CD2452FZP_HealthAxis3API_bus_ctsoyyf4mbcgdyb1bdxpzhdpfn?temporary=true" (Not Started)
2026-07-07 11:55:51.784 +05:30 [INF] Executed DbCommand (76ms) [Parameters=[@normalizedName='?' (Size = 256)], CommandType='"Text"', CommandTimeout='30']
SELECT TOP(1) [a].[Id], [a].[ConcurrencyStamp], [a].[Name], [a].[NormalizedName]
FROM [AspNetRoles] AS [a]
WHERE [a].[NormalizedName] = @normalizedName
2026-07-07 11:55:51.958 +05:30 [INF] Executed DbCommand (2ms) [Parameters=[@normalizedName='?' (Size = 256)], CommandType='"Text"', CommandTimeout='30']
SELECT TOP(1) [a].[Id], [a].[ConcurrencyStamp], [a].[Name], [a].[NormalizedName]
FROM [AspNetRoles] AS [a]
WHERE [a].[NormalizedName] = @normalizedName
2026-07-07 11:55:51.964 +05:30 [INF] Executed DbCommand (1ms) [Parameters=[@normalizedName='?' (Size = 256)], CommandType='"Text"', CommandTimeout='30']
SELECT TOP(1) [a].[Id], [a].[ConcurrencyStamp], [a].[Name], [a].[NormalizedName]
FROM [AspNetRoles] AS [a]
WHERE [a].[NormalizedName] = @normalizedName
2026-07-07 11:55:52.186 +05:30 [INF] User profile is available. Using 'C:\Users\310054\AppData\Local\ASP.NET\DataProtection-Keys' as key repository and Windows DPAPI to encrypt keys at rest.
2026-07-07 11:55:52.706 +05:30 [INF] Configured endpoint AppointmentBooked, Consumer: HealthAxis3.API.Events.AppointmentBookedConsumer
2026-07-07 11:55:52.895 +05:30 [INF] Heartbeat running at "2026-07-07T11:55:52.8956297+05:30"
2026-07-07 11:55:53.386 +05:30 [INF] Now listening on: https://localhost:7120
2026-07-07 11:55:53.389 +05:30 [INF] Now listening on: http://localhost:5042
2026-07-07 11:55:53.530 +05:30 [INF] Bus started: "rabbitmq://localhost/"
2026-07-07 11:55:53.564 +05:30 [INF] Application started. Press Ctrl+C to shut down.
2026-07-07 11:55:53.565 +05:30 [INF] Hosting environment: Development
2026-07-07 11:55:53.566 +05:30 [INF] Content root path: C:\Users\310054\source\repos\HealthAxis4\HealthAxis3.API
2026-07-07 11:56:02.908 +05:30 [INF] Heartbeat running at "2026-07-07T11:56:02.9085287+05:30"
2026-07-07 11:56:12.925 +05:30 [INF] Heartbeat running at "2026-07-07T11:56:12.9253965+05:30"
2026-07-07 11:56:22.936 +05:30 [INF] Heartbeat running at "2026-07-07T11:56:22.9364994+05:30"
2026-07-07 11:56:32.943 +05:30 [INF] Heartbeat running at "2026-07-07T11:56:32.9430060+05:30"
2026-07-07 11:56:42.955 +05:30 [INF] Heartbeat running at "2026-07-07T11:56:42.9544387+05:30"
2026-07-07 11:56:52.964 +05:30 [INF] Heartbeat running at "2026-07-07T11:56:52.9640364+05:30"
