2026-07-16 14:38:08.219 +05:30 [INF] Configured endpoint HealthAxis3.API.events.queue, Consumer: HealthAxis3.API.Messaging.AppointmentBookedConsumer
2026-07-16 14:38:13.316 +05:30 [INF] Heartbeat running at "2026-07-16T14:38:13.3060119+05:30"
2026-07-16 14:38:15.042 +05:30 [INF] Now listening on: https://localhost:7120
2026-07-16 14:38:15.803 +05:30 [INF] Now listening on: http://localhost:5042
2026-07-16 14:38:17.045 +05:30 [INF] Application started. Press Ctrl+C to shut down.
2026-07-16 14:38:17.207 +05:30 [INF] Hosting environment: Development
2026-07-16 14:38:17.349 +05:30 [INF] Bus started: "rabbitmq://localhost/"
2026-07-16 14:38:17.382 +05:30 [INF] Content root path: C:\Users\310054\source\repos\HealthAxis4\HealthAxis3.API
2026-07-16 14:38:23.686 +05:30 [INF] Heartbeat running at "2026-07-16T14:38:23.6867560+05:30"
2026-07-16 14:38:33.707 +05:30 [INF] Heartbeat running at "2026-07-16T14:38:33.7071462+05:30"
2026-07-16 14:38:43.731 +05:30 [INF] Heartbeat running at "2026-07-16T14:38:43.7316814+05:30"
2026-07-16 14:38:53.749 +05:30 [INF] Heartbeat running at "2026-07-16T14:38:53.7495838+05:30"
2026-07-16 14:39:03.766 +05:30 [INF] Heartbeat running at "2026-07-16T14:39:03.7661848+05:30"
2026-07-16 14:39:13.780 +05:30 [INF] Heartbeat running at "2026-07-16T14:39:13.7801452+05:30"
2026-07-16 14:39:23.790 +05:30 [INF] Heartbeat running at "2026-07-16T14:39:23.7900487+05:30"
2026-07-16 14:39:33.812 +05:30 [INF] Heartbeat running at "2026-07-16T14:39:33.8126815+05:30"
2026-07-16 14:39:39.433 +05:30 [INF] HTTP OPTIONS /api/auth/login responded 204 in 24.2111 ms
2026-07-16 14:39:40.549 +05:30 [INF] HTTP POST /api/auth/login responded 200 in 1038.7102 ms
2026-07-16 14:39:40.562 +05:30 [INF] HTTP POST /api/auth/login responded 200 in 1087.2412 ms
2026-07-16 14:39:40.646 +05:30 [INF] HTTP OPTIONS /api/Doctor/10 responded 204 in 0.7325 ms
2026-07-16 14:39:40.646 +05:30 [INF] HTTP OPTIONS /api/appointment/doctor/10 responded 204 in 0.0614 ms
2026-07-16 14:39:40.918 +05:30 [WRN] You do not have a valid license key for the Lucky Penny software AutoMapper. This is allowed for development and testing scenarios. If you are running in production you are required to have a licensed version. Please visit https://luckypennysoftware.com to obtain a valid license.
2026-07-16 14:39:41.092 +05:30 [INF] HTTP GET /api/Doctor/10 responded 200 in 317.0092 ms
2026-07-16 14:39:41.098 +05:30 [INF] HTTP GET /api/Doctor/10 responded 200 in 442.5412 ms
2026-07-16 14:39:41.182 +05:30 [INF] HTTP GET /api/appointment/doctor/10 responded 200 in 407.1102 ms
2026-07-16 14:39:41.191 +05:30 [INF] HTTP GET /api/appointment/doctor/10 responded 200 in 535.3623 ms
2026-07-16 14:39:43.831 +05:30 [INF] Heartbeat running at "2026-07-16T14:39:43.8314485+05:30"
2026-07-16 14:39:53.845 +05:30 [INF] Heartbeat running at "2026-07-16T14:39:53.8456418+05:30"
2026-07-16 14:40:03.864 +05:30 [INF] Heartbeat running at "2026-07-16T14:40:03.8646066+05:30"
2026-07-16 14:40:13.878 +05:30 [INF] Heartbeat running at "2026-07-16T14:40:13.8784012+05:30"
2026-07-16 14:40:23.889 +05:30 [INF] Heartbeat running at "2026-07-16T14:40:23.8896431+05:30"
2026-07-16 14:40:33.904 +05:30 [INF] Heartbeat running at "2026-07-16T14:40:33.9039880+05:30"
2026-07-16 14:40:43.916 +05:30 [INF] Heartbeat running at "2026-07-16T14:40:43.9163037+05:30"
2026-07-16 14:40:53.930 +05:30 [INF] Heartbeat running at "2026-07-16T14:40:53.9300754+05:30"
2026-07-16 14:41:03.935 +05:30 [INF] Heartbeat running at "2026-07-16T14:41:03.9358007+05:30"
2026-07-16 14:41:13.950 +05:30 [INF] Heartbeat running at "2026-07-16T14:41:13.9503127+05:30"
2026-07-16 14:41:23.964 +05:30 [INF] Heartbeat running at "2026-07-16T14:41:23.9648916+05:30"
2026-07-16 14:41:33.974 +05:30 [INF] Heartbeat running at "2026-07-16T14:41:33.9747085+05:30"
2026-07-16 14:41:43.982 +05:30 [INF] Heartbeat running at "2026-07-16T14:41:43.9822882+05:30"
2026-07-16 14:41:53.987 +05:30 [INF] Heartbeat running at "2026-07-16T14:41:53.9876521+05:30"
2026-07-16 14:42:03.996 +05:30 [INF] Heartbeat running at "2026-07-16T14:42:03.9964820+05:30"
2026-07-16 14:42:14.003 +05:30 [INF] Heartbeat running at "2026-07-16T14:42:14.0032975+05:30"
2026-07-16 14:42:24.011 +05:30 [INF] Heartbeat running at "2026-07-16T14:42:24.0113169+05:30"
2026-07-16 14:42:34.018 +05:30 [INF] Heartbeat running at "2026-07-16T14:42:34.0182637+05:30"
2026-07-16 14:42:44.026 +05:30 [INF] Heartbeat running at "2026-07-16T14:42:44.0262522+05:30"
2026-07-16 14:42:54.045 +05:30 [INF] Heartbeat running at "2026-07-16T14:42:54.0455880+05:30"
2026-07-16 14:43:04.059 +05:30 [INF] Heartbeat running at "2026-07-16T14:43:04.0598706+05:30"
2026-07-16 14:43:14.064 +05:30 [INF] Heartbeat running at "2026-07-16T14:43:14.0646250+05:30"
2026-07-16 14:43:24.075 +05:30 [INF] Heartbeat running at "2026-07-16T14:43:24.0752886+05:30"
2026-07-16 14:43:34.088 +05:30 [INF] Heartbeat running at "2026-07-16T14:43:34.0885036+05:30"
2026-07-16 14:43:44.105 +05:30 [INF] Heartbeat running at "2026-07-16T14:43:44.1049742+05:30"
2026-07-16 14:43:54.115 +05:30 [INF] Heartbeat running at "2026-07-16T14:43:54.1156675+05:30"
2026-07-16 14:44:04.127 +05:30 [INF] Heartbeat running at "2026-07-16T14:44:04.1275995+05:30"
2026-07-16 14:44:14.131 +05:30 [INF] Heartbeat running at "2026-07-16T14:44:14.1316316+05:30"
2026-07-16 14:44:24.134 +05:30 [INF] Heartbeat running at "2026-07-16T14:44:24.1347220+05:30"
2026-07-16 14:44:34.142 +05:30 [INF] Heartbeat running at "2026-07-16T14:44:34.1423197+05:30"
2026-07-16 14:44:44.160 +05:30 [INF] Heartbeat running at "2026-07-16T14:44:44.1598446+05:30"
2026-07-16 14:44:54.173 +05:30 [INF] Heartbeat running at "2026-07-16T14:44:54.1734139+05:30"
2026-07-16 14:45:04.176 +05:30 [INF] Heartbeat running at "2026-07-16T14:45:04.1767198+05:30"
2026-07-16 14:45:14.185 +05:30 [INF] Heartbeat running at "2026-07-16T14:45:14.1852613+05:30"
2026-07-16 14:45:24.192 +05:30 [INF] Heartbeat running at "2026-07-16T14:45:24.1925197+05:30"
2026-07-16 14:45:34.204 +05:30 [INF] Heartbeat running at "2026-07-16T14:45:34.2048522+05:30"
2026-07-16 14:45:44.215 +05:30 [INF] Heartbeat running at "2026-07-16T14:45:44.2154913+05:30"
2026-07-16 14:45:54.229 +05:30 [INF] Heartbeat running at "2026-07-16T14:45:54.2294656+05:30"
2026-07-16 14:46:04.244 +05:30 [INF] Heartbeat running at "2026-07-16T14:46:04.2439949+05:30"
2026-07-16 14:46:14.258 +05:30 [INF] Heartbeat running at "2026-07-16T14:46:14.2585149+05:30"
2026-07-16 14:46:24.276 +05:30 [INF] Heartbeat running at "2026-07-16T14:46:24.2766736+05:30"
2026-07-16 14:46:34.292 +05:30 [INF] Heartbeat running at "2026-07-16T14:46:34.2927474+05:30"
2026-07-16 14:46:44.299 +05:30 [INF] Heartbeat running at "2026-07-16T14:46:44.2989403+05:30"
2026-07-16 14:46:54.309 +05:30 [INF] Heartbeat running at "2026-07-16T14:46:54.3090767+05:30"
2026-07-16 14:47:04.316 +05:30 [INF] Heartbeat running at "2026-07-16T14:47:04.3166746+05:30"
2026-07-16 14:47:14.330 +05:30 [INF] Heartbeat running at "2026-07-16T14:47:14.3295786+05:30"
2026-07-16 14:47:24.333 +05:30 [INF] Heartbeat running at "2026-07-16T14:47:24.3334116+05:30"
2026-07-16 14:47:34.333 +05:30 [INF] Heartbeat running at "2026-07-16T14:47:34.3337846+05:30"
2026-07-16 14:47:44.349 +05:30 [INF] Heartbeat running at "2026-07-16T14:47:44.3491892+05:30"
2026-07-16 14:47:54.366 +05:30 [INF] Heartbeat running at "2026-07-16T14:47:54.3662055+05:30"
2026-07-16 14:48:04.373 +05:30 [INF] Heartbeat running at "2026-07-16T14:48:04.3730918+05:30"
2026-07-16 14:48:14.377 +05:30 [INF] Heartbeat running at "2026-07-16T14:48:14.3774101+05:30"
2026-07-16 14:48:24.383 +05:30 [INF] Heartbeat running at "2026-07-16T14:48:24.3836235+05:30"
2026-07-16 14:48:34.393 +05:30 [INF] Heartbeat running at "2026-07-16T14:48:34.3933582+05:30"
2026-07-16 14:48:44.407 +05:30 [INF] Heartbeat running at "2026-07-16T14:48:44.4069545+05:30"
2026-07-16 14:48:54.421 +05:30 [INF] Heartbeat running at "2026-07-16T14:48:54.4210870+05:30"
2026-07-16 14:49:04.437 +05:30 [INF] Heartbeat running at "2026-07-16T14:49:04.4376955+05:30"
2026-07-16 14:49:14.443 +05:30 [INF] Heartbeat running at "2026-07-16T14:49:14.4439097+05:30"
2026-07-16 14:49:24.456 +05:30 [INF] Heartbeat running at "2026-07-16T14:49:24.4566193+05:30"
2026-07-16 14:49:34.469 +05:30 [INF] Heartbeat running at "2026-07-16T14:49:34.4691229+05:30"
2026-07-16 14:49:44.477 +05:30 [INF] Heartbeat running at "2026-07-16T14:49:44.4772335+05:30"
2026-07-16 14:49:54.493 +05:30 [INF] Heartbeat running at "2026-07-16T14:49:54.4931372+05:30"
2026-07-16 14:50:04.507 +05:30 [INF] Heartbeat running at "2026-07-16T14:50:04.5076202+05:30"
2026-07-16 14:50:14.515 +05:30 [INF] Heartbeat running at "2026-07-16T14:50:14.5153147+05:30"
2026-07-16 14:50:24.528 +05:30 [INF] Heartbeat running at "2026-07-16T14:50:24.5281695+05:30"
2026-07-16 14:50:34.543 +05:30 [INF] Heartbeat running at "2026-07-16T14:50:34.5432594+05:30"
2026-07-16 14:50:44.555 +05:30 [INF] Heartbeat running at "2026-07-16T14:50:44.5552038+05:30"
2026-07-16 14:50:54.565 +05:30 [INF] Heartbeat running at "2026-07-16T14:50:54.5649769+05:30"
2026-07-16 14:51:04.577 +05:30 [INF] Heartbeat running at "2026-07-16T14:51:04.5771168+05:30"
2026-07-16 14:51:14.590 +05:30 [INF] Heartbeat running at "2026-07-16T14:51:14.5900834+05:30"
2026-07-16 14:51:24.602 +05:30 [INF] Heartbeat running at "2026-07-16T14:51:24.6027055+05:30"
2026-07-16 14:51:34.616 +05:30 [INF] Heartbeat running at "2026-07-16T14:51:34.6168095+05:30"
2026-07-16 14:51:44.627 +05:30 [INF] Heartbeat running at "2026-07-16T14:51:44.6277677+05:30"
2026-07-16 14:51:54.639 +05:30 [INF] Heartbeat running at "2026-07-16T14:51:54.6395536+05:30"
2026-07-16 14:52:04.647 +05:30 [INF] Heartbeat running at "2026-07-16T14:52:04.6471558+05:30"
2026-07-16 14:52:14.658 +05:30 [INF] Heartbeat running at "2026-07-16T14:52:14.6587142+05:30"
2026-07-16 14:52:23.302 +05:30 [INF] HTTP OPTIONS /api/auth/login responded 204 in 0.3342 ms
2026-07-16 14:52:23.539 +05:30 [INF] HTTP POST /api/auth/login responded 200 in 150.8148 ms
2026-07-16 14:52:23.545 +05:30 [INF] HTTP POST /api/auth/login responded 200 in 235.4312 ms
2026-07-16 14:52:24.675 +05:30 [INF] Heartbeat running at "2026-07-16T14:52:24.6752135+05:30"
2026-07-16 14:52:34.687 +05:30 [INF] Heartbeat running at "2026-07-16T14:52:34.6874046+05:30"
2026-07-16 14:52:44.693 +05:30 [INF] Heartbeat running at "2026-07-16T14:52:44.6936525+05:30"
2026-07-16 14:52:54.704 +05:30 [INF] Heartbeat running at "2026-07-16T14:52:54.7040084+05:30"
2026-07-16 14:53:04.711 +05:30 [INF] Heartbeat running at "2026-07-16T14:53:04.7111125+05:30"
2026-07-16 14:53:14.716 +05:30 [INF] Heartbeat running at "2026-07-16T14:53:14.7160999+05:30"
2026-07-16 14:53:24.724 +05:30 [INF] Heartbeat running at "2026-07-16T14:53:24.7246139+05:30"
2026-07-16 14:53:34.732 +05:30 [INF] Heartbeat running at "2026-07-16T14:53:34.7323971+05:30"
2026-07-16 14:53:44.762 +05:30 [INF] Heartbeat running at "2026-07-16T14:53:44.7621338+05:30"
2026-07-16 14:53:53.004 +05:30 [INF] HTTP OPTIONS /api/auth/login responded 204 in 0.3037 ms
2026-07-16 14:53:53.137 +05:30 [INF] HTTP POST /api/auth/login responded 401 in 124.0486 ms
2026-07-16 14:53:53.144 +05:30 [INF] HTTP POST /api/auth/login responded 401 in 131.6123 ms
2026-07-16 14:53:54.768 +05:30 [INF] Heartbeat running at "2026-07-16T14:53:54.7688993+05:30"
2026-07-16 14:54:04.790 +05:30 [INF] Heartbeat running at "2026-07-16T14:54:04.7901343+05:30"
2026-07-16 14:54:05.422 +05:30 [INF] HTTP OPTIONS /api/auth/login responded 204 in 0.1177 ms
2026-07-16 14:54:05.549 +05:30 [INF] HTTP POST /api/auth/login responded 200 in 116.0964 ms
2026-07-16 14:54:05.555 +05:30 [INF] HTTP POST /api/auth/login responded 200 in 122.7316 ms
2026-07-16 14:54:05.599 +05:30 [INF] HTTP OPTIONS /api/Doctor responded 204 in 0.1354 ms
2026-07-16 14:54:05.603 +05:30 [INF] HTTP OPTIONS /api/appointment/patient/14 responded 204 in 0.1230 ms
2026-07-16 14:54:05.700 +05:30 [INF] HTTP GET /api/appointment/patient/14 responded 200 in 42.6170 ms
2026-07-16 14:54:05.707 +05:30 [INF] HTTP GET /api/appointment/patient/14 responded 200 in 89.7706 ms
2026-07-16 14:54:06.080 +05:30 [INF] Search doctors cache validated. CacheKey: doctors:all
2026-07-16 14:54:06.119 +05:30 [INF] HTTP GET /api/Doctor responded 200 in 462.2602 ms
2026-07-16 14:54:06.128 +05:30 [INF] HTTP GET /api/Doctor responded 200 in 511.0178 ms
2026-07-16 14:54:14.796 +05:30 [INF] Heartbeat running at "2026-07-16T14:54:14.7962055+05:30"
2026-07-16 14:54:24.799 +05:30 [INF] Heartbeat running at "2026-07-16T14:54:24.7993245+05:30"
2026-07-16 14:54:34.806 +05:30 [INF] Heartbeat running at "2026-07-16T14:54:34.8060696+05:30"
2026-07-16 14:54:44.816 +05:30 [INF] Heartbeat running at "2026-07-16T14:54:44.8168914+05:30"
2026-07-16 14:54:54.822 +05:30 [INF] Heartbeat running at "2026-07-16T14:54:54.8225747+05:30"
2026-07-16 14:55:04.827 +05:30 [INF] Heartbeat running at "2026-07-16T14:55:04.8277675+05:30"
2026-07-16 14:55:14.843 +05:30 [INF] Heartbeat running at "2026-07-16T14:55:14.8432143+05:30"
2026-07-16 14:55:24.849 +05:30 [INF] Heartbeat running at "2026-07-16T14:55:24.8493617+05:30"
2026-07-16 14:55:34.860 +05:30 [INF] Heartbeat running at "2026-07-16T14:55:34.8602964+05:30"
2026-07-16 14:55:44.861 +05:30 [INF] Heartbeat running at "2026-07-16T14:55:44.8619620+05:30"
2026-07-16 14:55:54.866 +05:30 [INF] Heartbeat running at "2026-07-16T14:55:54.8664060+05:30"
2026-07-16 14:55:57.026 +05:30 [INF] HTTP OPTIONS /api/appointment/patient/14 responded 204 in 0.4180 ms
2026-07-16 14:55:57.026 +05:30 [INF] HTTP OPTIONS /api/Doctor responded 204 in 0.2104 ms
2026-07-16 14:55:57.233 +05:30 [INF] HTTP GET /api/Doctor responded 200 in 86.5788 ms
2026-07-16 14:55:57.246 +05:30 [INF] HTTP GET /api/appointment/patient/14 responded 200 in 98.8165 ms
2026-07-16 14:55:57.259 +05:30 [INF] HTTP GET /api/Doctor responded 200 in 115.2225 ms
2026-07-16 14:55:57.264 +05:30 [INF] HTTP GET /api/appointment/patient/14 responded 200 in 122.4124 ms
2026-07-16 14:56:04.883 +05:30 [INF] Heartbeat running at "2026-07-16T14:56:04.8839392+05:30"
2026-07-16 14:56:14.886 +05:30 [INF] Heartbeat running at "2026-07-16T14:56:14.8868795+05:30"
2026-07-16 14:56:24.894 +05:30 [INF] Heartbeat running at "2026-07-16T14:56:24.8942970+05:30"
2026-07-16 14:56:34.903 +05:30 [INF] Heartbeat running at "2026-07-16T14:56:34.9034365+05:30"
2026-07-16 14:56:44.910 +05:30 [INF] Heartbeat running at "2026-07-16T14:56:44.9104394+05:30"
2026-07-16 14:56:54.918 +05:30 [INF] Heartbeat running at "2026-07-16T14:56:54.9183284+05:30"
2026-07-16 14:57:04.925 +05:30 [INF] Heartbeat running at "2026-07-16T14:57:04.9259504+05:30"
2026-07-16 14:57:14.932 +05:30 [INF] Heartbeat running at "2026-07-16T14:57:14.9321987+05:30"
2026-07-16 14:57:24.938 +05:30 [INF] Heartbeat running at "2026-07-16T14:57:24.9385309+05:30"
2026-07-16 14:57:34.944 +05:30 [INF] Heartbeat running at "2026-07-16T14:57:34.9444287+05:30"
2026-07-16 14:57:44.952 +05:30 [INF] Heartbeat running at "2026-07-16T14:57:44.9520329+05:30"
2026-07-16 14:57:54.603 +05:30 [INF] HTTP OPTIONS /api/Doctor responded 204 in 62.9368 ms
2026-07-16 14:57:54.603 +05:30 [INF] HTTP OPTIONS /api/appointment/patient/14 responded 204 in 0.2085 ms
2026-07-16 14:57:54.737 +05:30 [INF] HTTP GET /api/Doctor responded 200 in 23.7521 ms
2026-07-16 14:57:54.751 +05:30 [INF] HTTP GET /api/appointment/patient/14 responded 200 in 62.4676 ms
2026-07-16 14:57:54.759 +05:30 [INF] HTTP GET /api/Doctor responded 200 in 69.0297 ms
2026-07-16 14:57:54.761 +05:30 [INF] HTTP GET /api/appointment/patient/14 responded 200 in 74.8510 ms
2026-07-16 14:57:54.978 +05:30 [INF] Heartbeat running at "2026-07-16T14:57:54.9781094+05:30"
2026-07-16 14:58:04.985 +05:30 [INF] Heartbeat running at "2026-07-16T14:58:04.9854270+05:30"
2026-07-16 14:58:15.001 +05:30 [INF] Heartbeat running at "2026-07-16T14:58:15.0019075+05:30"
2026-07-16 14:58:25.016 +05:30 [INF] Heartbeat running at "2026-07-16T14:58:25.0169529+05:30"
2026-07-16 14:58:35.018 +05:30 [INF] Heartbeat running at "2026-07-16T14:58:35.0187028+05:30"
2026-07-16 14:58:45.031 +05:30 [INF] Heartbeat running at "2026-07-16T14:58:45.0318213+05:30"
2026-07-16 14:58:55.047 +05:30 [INF] Heartbeat running at "2026-07-16T14:58:55.0470895+05:30"
2026-07-16 14:59:05.060 +05:30 [INF] Heartbeat running at "2026-07-16T14:59:05.0599935+05:30"
2026-07-16 14:59:15.068 +05:30 [INF] Heartbeat running at "2026-07-16T14:59:15.0688502+05:30"
2026-07-16 14:59:25.080 +05:30 [INF] Heartbeat running at "2026-07-16T14:59:25.0804522+05:30"
2026-07-16 14:59:35.091 +05:30 [INF] Heartbeat running at "2026-07-16T14:59:35.0915765+05:30"
2026-07-16 14:59:45.103 +05:30 [INF] Heartbeat running at "2026-07-16T14:59:45.1032409+05:30"
2026-07-16 14:59:55.116 +05:30 [INF] Heartbeat running at "2026-07-16T14:59:55.1169486+05:30"
2026-07-16 15:00:05.123 +05:30 [INF] Heartbeat running at "2026-07-16T15:00:05.1237551+05:30"
2026-07-16 15:00:15.129 +05:30 [INF] Heartbeat running at "2026-07-16T15:00:15.1293643+05:30"
2026-07-16 15:00:25.137 +05:30 [INF] Heartbeat running at "2026-07-16T15:00:25.1375463+05:30"
2026-07-16 15:00:35.153 +05:30 [INF] Heartbeat running at "2026-07-16T15:00:35.1531042+05:30"
2026-07-16 15:00:45.161 +05:30 [INF] Heartbeat running at "2026-07-16T15:00:45.1616234+05:30"
2026-07-16 15:00:55.176 +05:30 [INF] Heartbeat running at "2026-07-16T15:00:55.1762314+05:30"
2026-07-16 15:01:05.188 +05:30 [INF] Heartbeat running at "2026-07-16T15:01:05.1888002+05:30"
2026-07-16 15:01:15.202 +05:30 [INF] Heartbeat running at "2026-07-16T15:01:15.2022758+05:30"
2026-07-16 15:01:25.212 +05:30 [INF] Heartbeat running at "2026-07-16T15:01:25.2124401+05:30"
2026-07-16 15:01:35.220 +05:30 [INF] Heartbeat running at "2026-07-16T15:01:35.2200588+05:30"
2026-07-16 15:01:45.225 +05:30 [INF] Heartbeat running at "2026-07-16T15:01:45.2252196+05:30"
2026-07-16 15:01:55.232 +05:30 [INF] Heartbeat running at "2026-07-16T15:01:55.2319856+05:30"
2026-07-16 15:02:05.243 +05:30 [INF] Heartbeat running at "2026-07-16T15:02:05.2438795+05:30"
2026-07-16 15:02:15.258 +05:30 [INF] Heartbeat running at "2026-07-16T15:02:15.2588783+05:30"
2026-07-16 15:02:20.606 +05:30 [INF] HTTP OPTIONS /api/Doctor responded 204 in 1.8422 ms
2026-07-16 15:02:20.615 +05:30 [INF] HTTP OPTIONS /api/appointment/patient/14 responded 204 in 0.1865 ms
2026-07-16 15:02:20.921 +05:30 [INF] Search doctors cache validated. CacheKey: doctors:all
2026-07-16 15:02:20.926 +05:30 [INF] HTTP GET /api/Doctor responded 200 in 44.9743 ms
2026-07-16 15:02:20.951 +05:30 [INF] HTTP GET /api/Doctor responded 200 in 71.5435 ms
2026-07-16 15:02:20.960 +05:30 [INF] HTTP GET /api/appointment/patient/14 responded 200 in 76.5643 ms
2026-07-16 15:02:20.963 +05:30 [INF] HTTP GET /api/appointment/patient/14 responded 200 in 82.1043 ms
2026-07-16 15:02:25.276 +05:30 [INF] Heartbeat running at "2026-07-16T15:02:25.2759893+05:30"
2026-07-16 15:02:35.285 +05:30 [INF] Heartbeat running at "2026-07-16T15:02:35.2853325+05:30"
2026-07-16 15:02:45.294 +05:30 [INF] Heartbeat running at "2026-07-16T15:02:45.2949570+05:30"
2026-07-16 15:02:55.305 +05:30 [INF] Heartbeat running at "2026-07-16T15:02:55.3057196+05:30"
2026-07-16 15:03:05.314 +05:30 [INF] Heartbeat running at "2026-07-16T15:03:05.3142774+05:30"
2026-07-16 15:03:15.331 +05:30 [INF] Heartbeat running at "2026-07-16T15:03:15.3312649+05:30"
2026-07-16 15:03:21.910 +05:30 [INF] HTTP OPTIONS /api/auth/login responded 204 in 0.1362 ms
2026-07-16 15:03:22.005 +05:30 [INF] HTTP POST /api/auth/login responded 401 in 86.4162 ms
2026-07-16 15:03:22.011 +05:30 [INF] HTTP POST /api/auth/login responded 401 in 92.8453 ms
2026-07-16 15:03:25.343 +05:30 [INF] Heartbeat running at "2026-07-16T15:03:25.3434884+05:30"
2026-07-16 15:03:30.162 +05:30 [INF] HTTP OPTIONS /api/auth/login responded 204 in 0.1903 ms
2026-07-16 15:03:30.357 +05:30 [INF] HTTP POST /api/auth/login responded 401 in 179.4589 ms
2026-07-16 15:03:30.363 +05:30 [INF] HTTP POST /api/auth/login responded 401 in 186.0660 ms
2026-07-16 15:03:35.360 +05:30 [INF] Heartbeat running at "2026-07-16T15:03:35.3600657+05:30"
2026-07-16 15:03:38.249 +05:30 [INF] HTTP OPTIONS /api/auth/login responded 204 in 0.0822 ms
2026-07-16 15:03:38.258 +05:30 [INF] HTTP POST /api/auth/login responded 401 in 2.6892 ms
2026-07-16 15:03:38.263 +05:30 [INF] HTTP POST /api/auth/login responded 401 in 7.2338 ms
2026-07-16 15:03:45.367 +05:30 [INF] Heartbeat running at "2026-07-16T15:03:45.3678799+05:30"
2026-07-16 15:03:55.379 +05:30 [INF] Heartbeat running at "2026-07-16T15:03:55.3792095+05:30"
2026-07-16 15:04:05.396 +05:30 [INF] Heartbeat running at "2026-07-16T15:04:05.3959865+05:30"
2026-07-16 15:04:15.407 +05:30 [INF] Heartbeat running at "2026-07-16T15:04:15.4071326+05:30"
2026-07-16 15:04:25.421 +05:30 [INF] Heartbeat running at "2026-07-16T15:04:25.4219214+05:30"
2026-07-16 15:04:33.182 +05:30 [INF] HTTP OPTIONS /api/auth/login responded 204 in 0.1117 ms
2026-07-16 15:04:33.316 +05:30 [INF] HTTP POST /api/auth/login responded 401 in 126.4996 ms
2026-07-16 15:04:33.322 +05:30 [INF] HTTP POST /api/auth/login responded 401 in 132.9438 ms
2026-07-16 15:04:35.431 +05:30 [INF] Heartbeat running at "2026-07-16T15:04:35.4314217+05:30"
2026-07-16 15:04:45.448 +05:30 [INF] Heartbeat running at "2026-07-16T15:04:45.4488574+05:30"
2026-07-16 15:04:54.363 +05:30 [INF] HTTP OPTIONS /api/auth/login responded 204 in 0.2424 ms
2026-07-16 15:04:54.468 +05:30 [INF] HTTP POST /api/auth/login responded 200 in 97.3453 ms
2026-07-16 15:04:54.474 +05:30 [INF] HTTP POST /api/auth/login responded 200 in 103.2794 ms
2026-07-16 15:04:55.453 +05:30 [INF] Heartbeat running at "2026-07-16T15:04:55.4533370+05:30"
2026-07-16 15:05:05.454 +05:30 [INF] Heartbeat running at "2026-07-16T15:05:05.4544681+05:30"
2026-07-16 15:05:15.463 +05:30 [INF] Heartbeat running at "2026-07-16T15:05:15.4633078+05:30"
2026-07-16 15:05:25.471 +05:30 [INF] Heartbeat running at "2026-07-16T15:05:25.4710515+05:30"
2026-07-16 15:05:35.476 +05:30 [INF] Heartbeat running at "2026-07-16T15:05:35.4765853+05:30"
2026-07-16 15:05:45.483 +05:30 [INF] Heartbeat running at "2026-07-16T15:05:45.4830336+05:30"
2026-07-16 15:05:55.491 +05:30 [INF] Heartbeat running at "2026-07-16T15:05:55.4919707+05:30"
2026-07-16 15:06:05.500 +05:30 [INF] Heartbeat running at "2026-07-16T15:06:05.5002328+05:30"
2026-07-16 15:06:15.504 +05:30 [INF] Heartbeat running at "2026-07-16T15:06:15.5044040+05:30"
2026-07-16 15:06:25.510 +05:30 [INF] Heartbeat running at "2026-07-16T15:06:25.5107714+05:30"
2026-07-16 15:06:35.525 +05:30 [INF] Heartbeat running at "2026-07-16T15:06:35.5254331+05:30"
2026-07-16 15:06:45.529 +05:30 [INF] Heartbeat running at "2026-07-16T15:06:45.5299377+05:30"
2026-07-16 15:06:47.404 +05:30 [INF] HTTP OPTIONS /api/auth/login responded 204 in 0.2665 ms
2026-07-16 15:06:47.526 +05:30 [INF] HTTP POST /api/auth/login responded 200 in 109.6738 ms
2026-07-16 15:06:47.531 +05:30 [INF] HTTP POST /api/auth/login responded 200 in 115.4632 ms
2026-07-16 15:06:47.565 +05:30 [INF] HTTP OPTIONS /api/Doctor/10 responded 204 in 0.1275 ms
2026-07-16 15:06:47.566 +05:30 [INF] HTTP OPTIONS /api/appointment/doctor/10 responded 204 in 0.0689 ms
2026-07-16 15:06:47.591 +05:30 [INF] HTTP GET /api/Doctor/10 responded 200 in 9.0879 ms
2026-07-16 15:06:47.599 +05:30 [INF] HTTP GET /api/appointment/doctor/10 responded 200 in 15.7900 ms
2026-07-16 15:06:47.601 +05:30 [INF] HTTP GET /api/Doctor/10 responded 200 in 20.2890 ms
2026-07-16 15:06:47.606 +05:30 [INF] HTTP GET /api/appointment/doctor/10 responded 200 in 23.2124 ms
2026-07-16 15:06:55.536 +05:30 [INF] Heartbeat running at "2026-07-16T15:06:55.5364022+05:30"
2026-07-16 15:07:05.556 +05:30 [INF] Heartbeat running at "2026-07-16T15:07:05.5564543+05:30"
2026-07-16 15:07:15.570 +05:30 [INF] Heartbeat running at "2026-07-16T15:07:15.5702880+05:30"
2026-07-16 15:07:25.577 +05:30 [INF] Heartbeat running at "2026-07-16T15:07:25.5775404+05:30"
2026-07-16 15:07:35.599 +05:30 [INF] Heartbeat running at "2026-07-16T15:07:35.5991284+05:30"
2026-07-16 15:07:45.607 +05:30 [INF] Heartbeat running at "2026-07-16T15:07:45.6077447+05:30"
2026-07-16 15:07:55.615 +05:30 [INF] Heartbeat running at "2026-07-16T15:07:55.6150726+05:30"
2026-07-16 15:08:05.620 +05:30 [INF] Heartbeat running at "2026-07-16T15:08:05.6207593+05:30"
2026-07-16 15:08:15.630 +05:30 [INF] Heartbeat running at "2026-07-16T15:08:15.6304974+05:30"
2026-07-16 15:08:25.636 +05:30 [INF] Heartbeat running at "2026-07-16T15:08:25.6363054+05:30"
2026-07-16 15:08:35.645 +05:30 [INF] Heartbeat running at "2026-07-16T15:08:35.6453253+05:30"
2026-07-16 15:08:45.653 +05:30 [INF] Heartbeat running at "2026-07-16T15:08:45.6531406+05:30"
2026-07-16 15:08:55.659 +05:30 [INF] Heartbeat running at "2026-07-16T15:08:55.6597428+05:30"
2026-07-16 15:09:05.669 +05:30 [INF] Heartbeat running at "2026-07-16T15:09:05.6693818+05:30"
2026-07-16 15:09:15.676 +05:30 [INF] Heartbeat running at "2026-07-16T15:09:15.6766435+05:30"
2026-07-16 15:09:25.697 +05:30 [INF] Heartbeat running at "2026-07-16T15:09:25.6975193+05:30"
2026-07-16 15:09:35.707 +05:30 [INF] Heartbeat running at "2026-07-16T15:09:35.7077691+05:30"
2026-07-16 15:09:45.714 +05:30 [INF] Heartbeat running at "2026-07-16T15:09:45.7144153+05:30"
2026-07-16 15:09:55.721 +05:30 [INF] Heartbeat running at "2026-07-16T15:09:55.7215931+05:30"
2026-07-16 15:10:05.730 +05:30 [INF] Heartbeat running at "2026-07-16T15:10:05.7302871+05:30"
2026-07-16 15:10:15.737 +05:30 [INF] Heartbeat running at "2026-07-16T15:10:15.7370007+05:30"
2026-07-16 15:10:25.744 +05:30 [INF] Heartbeat running at "2026-07-16T15:10:25.7449079+05:30"
2026-07-16 15:10:35.751 +05:30 [INF] Heartbeat running at "2026-07-16T15:10:35.7510645+05:30"
2026-07-16 15:10:45.760 +05:30 [INF] Heartbeat running at "2026-07-16T15:10:45.7605338+05:30"
2026-07-16 15:10:55.767 +05:30 [INF] Heartbeat running at "2026-07-16T15:10:55.7678832+05:30"
2026-07-16 15:11:05.776 +05:30 [INF] Heartbeat running at "2026-07-16T15:11:05.7762228+05:30"
2026-07-16 15:11:15.783 +05:30 [INF] Heartbeat running at "2026-07-16T15:11:15.7831125+05:30"
2026-07-16 15:11:25.790 +05:30 [INF] Heartbeat running at "2026-07-16T15:11:25.7900379+05:30"
2026-07-16 15:11:35.809 +05:30 [INF] Heartbeat running at "2026-07-16T15:11:35.8096199+05:30"
2026-07-16 15:11:45.829 +05:30 [INF] Heartbeat running at "2026-07-16T15:11:45.8298375+05:30"
2026-07-16 15:11:55.840 +05:30 [INF] Heartbeat running at "2026-07-16T15:11:55.8403439+05:30"
2026-07-16 15:12:05.864 +05:30 [INF] Heartbeat running at "2026-07-16T15:12:05.8648872+05:30"
2026-07-16 15:12:15.870 +05:30 [INF] Heartbeat running at "2026-07-16T15:12:15.8701761+05:30"
2026-07-16 15:12:25.885 +05:30 [INF] Heartbeat running at "2026-07-16T15:12:25.8858782+05:30"
2026-07-16 15:12:35.905 +05:30 [INF] Heartbeat running at "2026-07-16T15:12:35.9058291+05:30"
2026-07-16 15:12:45.913 +05:30 [INF] Heartbeat running at "2026-07-16T15:12:45.9130387+05:30"
2026-07-16 15:12:55.922 +05:30 [INF] Heartbeat running at "2026-07-16T15:12:55.9229148+05:30"
2026-07-16 15:13:05.928 +05:30 [INF] Heartbeat running at "2026-07-16T15:13:05.9285261+05:30"
2026-07-16 15:13:15.938 +05:30 [INF] Heartbeat running at "2026-07-16T15:13:15.9387269+05:30"
2026-07-16 15:13:25.947 +05:30 [INF] Heartbeat running at "2026-07-16T15:13:25.9479200+05:30"
2026-07-16 15:13:27.001 +05:30 [INF] HTTP OPTIONS /api/HealthRecord responded 204 in 0.1873 ms
2026-07-16 15:13:27.143 +05:30 [INF] HTTP POST /api/HealthRecord responded 400 in 119.3957 ms
2026-07-16 15:13:27.149 +05:30 [INF] HTTP POST /api/HealthRecord responded 400 in 126.1564 ms
2026-07-16 15:13:35.964 +05:30 [INF] Heartbeat running at "2026-07-16T15:13:35.9644726+05:30"
2026-07-16 15:13:45.963 +05:30 [INF] Heartbeat running at "2026-07-16T15:13:45.9635140+05:30"
2026-07-16 15:13:55.969 +05:30 [INF] Heartbeat running at "2026-07-16T15:13:55.9697887+05:30"
2026-07-16 15:14:05.976 +05:30 [INF] Heartbeat running at "2026-07-16T15:14:05.9765448+05:30"
2026-07-16 15:14:15.985 +05:30 [INF] Heartbeat running at "2026-07-16T15:14:15.9850027+05:30"
2026-07-16 15:14:26.009 +05:30 [INF] Heartbeat running at "2026-07-16T15:14:26.0092724+05:30"
2026-07-16 15:14:36.020 +05:30 [INF] Heartbeat running at "2026-07-16T15:14:36.0208604+05:30"
2026-07-16 15:14:46.032 +05:30 [INF] Heartbeat running at "2026-07-16T15:14:46.0325091+05:30"
2026-07-16 15:14:56.047 +05:30 [INF] Heartbeat running at "2026-07-16T15:14:56.0474717+05:30"
2026-07-16 15:15:06.050 +05:30 [INF] Heartbeat running at "2026-07-16T15:15:06.0507495+05:30"
2026-07-16 15:15:16.061 +05:30 [INF] Heartbeat running at "2026-07-16T15:15:16.0610717+05:30"
2026-07-16 15:15:26.069 +05:30 [INF] Heartbeat running at "2026-07-16T15:15:26.0693554+05:30"
2026-07-16 15:15:36.081 +05:30 [INF] Heartbeat running at "2026-07-16T15:15:36.0817139+05:30"
2026-07-16 15:15:46.089 +05:30 [INF] Heartbeat running at "2026-07-16T15:15:46.0894655+05:30"
2026-07-16 15:15:56.100 +05:30 [INF] Heartbeat running at "2026-07-16T15:15:56.1005866+05:30"
2026-07-16 15:16:06.116 +05:30 [INF] Heartbeat running at "2026-07-16T15:16:06.1167645+05:30"
2026-07-16 15:16:16.129 +05:30 [INF] Heartbeat running at "2026-07-16T15:16:16.1295563+05:30"
2026-07-16 15:16:26.139 +05:30 [INF] Heartbeat running at "2026-07-16T15:16:26.1395760+05:30"
2026-07-16 15:16:36.152 +05:30 [INF] Heartbeat running at "2026-07-16T15:16:36.1520229+05:30"
2026-07-16 15:16:46.163 +05:30 [INF] Heartbeat running at "2026-07-16T15:16:46.1635250+05:30"
2026-07-16 15:16:56.167 +05:30 [INF] Heartbeat running at "2026-07-16T15:16:56.1673121+05:30"
2026-07-16 15:17:06.175 +05:30 [INF] Heartbeat running at "2026-07-16T15:17:06.1755968+05:30"
2026-07-16 15:17:16.185 +05:30 [INF] Heartbeat running at "2026-07-16T15:17:16.1854526+05:30"
2026-07-16 15:17:26.189 +05:30 [INF] Heartbeat running at "2026-07-16T15:17:26.1891194+05:30"
2026-07-16 15:17:36.190 +05:30 [INF] Heartbeat running at "2026-07-16T15:17:36.1900160+05:30"
2026-07-16 15:17:46.208 +05:30 [INF] Heartbeat running at "2026-07-16T15:17:46.2083251+05:30"
2026-07-16 15:17:56.216 +05:30 [INF] Heartbeat running at "2026-07-16T15:17:56.2167611+05:30"
2026-07-16 15:18:06.228 +05:30 [INF] Heartbeat running at "2026-07-16T15:18:06.2282488+05:30"
2026-07-16 15:18:16.241 +05:30 [INF] Heartbeat running at "2026-07-16T15:18:16.2417485+05:30"
2026-07-16 15:18:26.254 +05:30 [INF] Heartbeat running at "2026-07-16T15:18:26.2549166+05:30"
2026-07-16 15:18:36.261 +05:30 [INF] Heartbeat running at "2026-07-16T15:18:36.2611503+05:30"
2026-07-16 15:18:37.351 +05:30 [INF] HTTP OPTIONS /api/HealthRecord responded 204 in 0.1916 ms
2026-07-16 15:18:37.364 +05:30 [INF] HTTP POST /api/HealthRecord responded 400 in 3.0820 ms
2026-07-16 15:18:37.369 +05:30 [INF] HTTP POST /api/HealthRecord responded 400 in 8.8209 ms
2026-07-16 15:18:46.270 +05:30 [INF] Heartbeat running at "2026-07-16T15:18:46.2700263+05:30"
2026-07-16 15:18:56.278 +05:30 [INF] Heartbeat running at "2026-07-16T15:18:56.2787644+05:30"
2026-07-16 15:19:06.301 +05:30 [INF] Heartbeat running at "2026-07-16T15:19:06.3012551+05:30"
2026-07-16 15:19:16.308 +05:30 [INF] Heartbeat running at "2026-07-16T15:19:16.3089041+05:30"
2026-07-16 15:19:26.316 +05:30 [INF] Heartbeat running at "2026-07-16T15:19:26.3166822+05:30"
2026-07-16 15:19:36.325 +05:30 [INF] Heartbeat running at "2026-07-16T15:19:36.3257656+05:30"
2026-07-16 15:19:46.333 +05:30 [INF] Heartbeat running at "2026-07-16T15:19:46.3333811+05:30"
2026-07-16 15:19:56.348 +05:30 [INF] Heartbeat running at "2026-07-16T15:19:56.3483232+05:30"
2026-07-16 15:20:06.362 +05:30 [INF] Heartbeat running at "2026-07-16T15:20:06.3626446+05:30"
2026-07-16 15:20:16.373 +05:30 [INF] Heartbeat running at "2026-07-16T15:20:16.3730156+05:30"
2026-07-16 15:20:26.382 +05:30 [INF] Heartbeat running at "2026-07-16T15:20:26.3821740+05:30"
2026-07-16 15:20:36.388 +05:30 [INF] Heartbeat running at "2026-07-16T15:20:36.3880900+05:30"
2026-07-16 15:20:46.394 +05:30 [INF] Heartbeat running at "2026-07-16T15:20:46.3943804+05:30"
2026-07-16 15:20:56.399 +05:30 [INF] Heartbeat running at "2026-07-16T15:20:56.3996425+05:30"
2026-07-16 15:21:06.409 +05:30 [INF] Heartbeat running at "2026-07-16T15:21:06.4096745+05:30"
2026-07-16 15:21:16.413 +05:30 [INF] Heartbeat running at "2026-07-16T15:21:16.4137025+05:30"
2026-07-16 15:21:26.426 +05:30 [INF] Heartbeat running at "2026-07-16T15:21:26.4266526+05:30"
2026-07-16 15:21:36.433 +05:30 [INF] Heartbeat running at "2026-07-16T15:21:36.4336187+05:30"
2026-07-16 15:21:46.440 +05:30 [INF] Heartbeat running at "2026-07-16T15:21:46.4406591+05:30"
2026-07-16 15:21:56.446 +05:30 [INF] Heartbeat running at "2026-07-16T15:21:56.4463500+05:30"
2026-07-16 15:22:06.449 +05:30 [INF] Heartbeat running at "2026-07-16T15:22:06.4497172+05:30"
2026-07-16 15:22:16.461 +05:30 [INF] Heartbeat running at "2026-07-16T15:22:16.4616504+05:30"
2026-07-16 15:22:26.474 +05:30 [INF] Heartbeat running at "2026-07-16T15:22:26.4741087+05:30"
2026-07-16 15:22:36.493 +05:30 [INF] Heartbeat running at "2026-07-16T15:22:36.4933137+05:30"
2026-07-16 15:22:46.509 +05:30 [INF] Heartbeat running at "2026-07-16T15:22:46.5098048+05:30"
2026-07-16 15:22:56.519 +05:30 [INF] Heartbeat running at "2026-07-16T15:22:56.5198081+05:30"
2026-07-16 15:23:06.539 +05:30 [INF] Heartbeat running at "2026-07-16T15:23:06.5389915+05:30"
2026-07-16 15:23:16.543 +05:30 [INF] Heartbeat running at "2026-07-16T15:23:16.5439212+05:30"
2026-07-16 15:23:26.376 +05:30 [INF] HTTP OPTIONS /api/Doctor/10 responded 204 in 0.2847 ms
2026-07-16 15:23:26.379 +05:30 [INF] HTTP OPTIONS /api/appointment/doctor/10 responded 204 in 0.5630 ms
2026-07-16 15:23:26.477 +05:30 [INF] HTTP GET /api/Doctor/10 responded 401 in 38.0198 ms
2026-07-16 15:23:26.477 +05:30 [INF] HTTP GET /api/appointment/doctor/10 responded 401 in 34.2292 ms
2026-07-16 15:23:26.563 +05:30 [INF] Heartbeat running at "2026-07-16T15:23:26.5631231+05:30"
2026-07-16 15:23:36.572 +05:30 [INF] Heartbeat running at "2026-07-16T15:23:36.5727061+05:30"
2026-07-16 15:23:46.580 +05:30 [INF] Heartbeat running at "2026-07-16T15:23:46.5809227+05:30"
2026-07-16 15:23:56.588 +05:30 [INF] Heartbeat running at "2026-07-16T15:23:56.5886811+05:30"
2026-07-16 15:24:06.207 +05:30 [INF] HTTP OPTIONS /api/auth/login responded 204 in 0.1038 ms
2026-07-16 15:24:06.404 +05:30 [INF] HTTP POST /api/auth/login responded 200 in 189.5573 ms
2026-07-16 15:24:06.412 +05:30 [INF] HTTP POST /api/auth/login responded 200 in 197.2768 ms
2026-07-16 15:24:06.433 +05:30 [INF] HTTP OPTIONS /api/Doctor/10 responded 204 in 0.0528 ms
2026-07-16 15:24:06.433 +05:30 [INF] HTTP OPTIONS /api/appointment/doctor/10 responded 204 in 0.0527 ms
2026-07-16 15:24:06.492 +05:30 [INF] HTTP GET /api/appointment/doctor/10 responded 200 in 44.7440 ms
2026-07-16 15:24:06.497 +05:30 [INF] HTTP GET /api/Doctor/10 responded 200 in 48.9105 ms
2026-07-16 15:24:06.500 +05:30 [INF] HTTP GET /api/appointment/doctor/10 responded 200 in 52.7328 ms
2026-07-16 15:24:06.505 +05:30 [INF] HTTP GET /api/Doctor/10 responded 200 in 60.5213 ms
2026-07-16 15:24:06.594 +05:30 [INF] Heartbeat running at "2026-07-16T15:24:06.5940652+05:30"
2026-07-16 15:24:16.602 +05:30 [INF] Heartbeat running at "2026-07-16T15:24:16.6027333+05:30"
2026-07-16 15:24:26.611 +05:30 [INF] Heartbeat running at "2026-07-16T15:24:26.6113014+05:30"
2026-07-16 15:24:32.847 +05:30 [INF] HTTP OPTIONS /api/HealthRecord responded 204 in 0.1885 ms
2026-07-16 15:24:32.879 +05:30 [INF] HTTP POST /api/HealthRecord responded 400 in 8.0348 ms
2026-07-16 15:24:32.889 +05:30 [INF] HTTP POST /api/HealthRecord responded 400 in 19.6037 ms
2026-07-16 15:24:36.619 +05:30 [INF] Heartbeat running at "2026-07-16T15:24:36.6196824+05:30"
2026-07-16 15:24:46.626 +05:30 [INF] Heartbeat running at "2026-07-16T15:24:46.6261562+05:30"
2026-07-16 15:24:56.634 +05:30 [INF] Heartbeat running at "2026-07-16T15:24:56.6349470+05:30"
2026-07-16 15:25:06.637 +05:30 [INF] Heartbeat running at "2026-07-16T15:25:06.6378099+05:30"
2026-07-16 15:25:16.648 +05:30 [INF] Heartbeat running at "2026-07-16T15:25:16.6486125+05:30"
2026-07-16 15:25:26.655 +05:30 [INF] Heartbeat running at "2026-07-16T15:25:26.6552458+05:30"
2026-07-16 15:25:36.662 +05:30 [INF] Heartbeat running at "2026-07-16T15:25:36.6628663+05:30"
2026-07-16 15:25:46.670 +05:30 [INF] Heartbeat running at "2026-07-16T15:25:46.6707174+05:30"
2026-07-16 15:25:56.679 +05:30 [INF] Heartbeat running at "2026-07-16T15:25:56.6793835+05:30"
2026-07-16 15:26:06.685 +05:30 [INF] Heartbeat running at "2026-07-16T15:26:06.6854445+05:30"
2026-07-16 15:26:16.693 +05:30 [INF] Heartbeat running at "2026-07-16T15:26:16.6933118+05:30"
2026-07-16 15:26:26.701 +05:30 [INF] Heartbeat running at "2026-07-16T15:26:26.7014037+05:30"
2026-07-16 15:26:36.710 +05:30 [INF] Heartbeat running at "2026-07-16T15:26:36.7102438+05:30"
2026-07-16 15:26:46.723 +05:30 [INF] Heartbeat running at "2026-07-16T15:26:46.7234956+05:30"
2026-07-16 15:26:56.740 +05:30 [INF] Heartbeat running at "2026-07-16T15:26:56.7406331+05:30"
2026-07-16 15:27:06.747 +05:30 [INF] Heartbeat running at "2026-07-16T15:27:06.7473893+05:30"
2026-07-16 15:27:16.756 +05:30 [INF] Heartbeat running at "2026-07-16T15:27:16.7561174+05:30"
2026-07-16 15:27:26.763 +05:30 [INF] Heartbeat running at "2026-07-16T15:27:26.7639341+05:30"
2026-07-16 15:27:36.769 +05:30 [INF] Heartbeat running at "2026-07-16T15:27:36.7695980+05:30"
2026-07-16 15:27:46.776 +05:30 [INF] Heartbeat running at "2026-07-16T15:27:46.7766471+05:30"
2026-07-16 15:27:56.780 +05:30 [INF] Heartbeat running at "2026-07-16T15:27:56.7809671+05:30"
2026-07-16 15:28:06.795 +05:30 [INF] Heartbeat running at "2026-07-16T15:28:06.7951697+05:30"
2026-07-16 15:28:16.800 +05:30 [INF] Heartbeat running at "2026-07-16T15:28:16.8002581+05:30"
2026-07-16 15:28:26.812 +05:30 [INF] Heartbeat running at "2026-07-16T15:28:26.8125380+05:30"
2026-07-16 15:28:36.826 +05:30 [INF] Heartbeat running at "2026-07-16T15:28:36.8268547+05:30"
2026-07-16 15:28:46.839 +05:30 [INF] Heartbeat running at "2026-07-16T15:28:46.8392143+05:30"
2026-07-16 15:28:56.843 +05:30 [INF] Heartbeat running at "2026-07-16T15:28:56.8434851+05:30"
2026-07-16 15:29:06.853 +05:30 [INF] Heartbeat running at "2026-07-16T15:29:06.8538849+05:30"
2026-07-16 15:29:16.862 +05:30 [INF] Heartbeat running at "2026-07-16T15:29:16.8628087+05:30"
2026-07-16 15:29:26.868 +05:30 [INF] Heartbeat running at "2026-07-16T15:29:26.8681883+05:30"
2026-07-16 15:29:36.885 +05:30 [INF] Heartbeat running at "2026-07-16T15:29:36.8854101+05:30"
2026-07-16 15:29:46.897 +05:30 [INF] Heartbeat running at "2026-07-16T15:29:46.8976189+05:30"
2026-07-16 15:29:56.898 +05:30 [INF] Heartbeat running at "2026-07-16T15:29:56.8981361+05:30"
2026-07-16 15:30:06.921 +05:30 [INF] Heartbeat running at "2026-07-16T15:30:06.9219229+05:30"
2026-07-16 15:30:16.929 +05:30 [INF] Heartbeat running at "2026-07-16T15:30:16.9294776+05:30"
2026-07-16 15:30:26.941 +05:30 [INF] Heartbeat running at "2026-07-16T15:30:26.9415897+05:30"
2026-07-16 15:30:36.957 +05:30 [INF] Heartbeat running at "2026-07-16T15:30:36.9573998+05:30"
2026-07-16 15:30:38.171 +05:30 [INF] HTTP OPTIONS /api/appointment/doctor/10 responded 204 in 0.1307 ms
2026-07-16 15:30:38.174 +05:30 [INF] HTTP OPTIONS /api/Doctor/10 responded 204 in 6.9178 ms
2026-07-16 15:30:38.267 +05:30 [INF] HTTP GET /api/Doctor/10 responded 200 in 56.9702 ms
2026-07-16 15:30:38.267 +05:30 [INF] HTTP GET /api/appointment/doctor/10 responded 200 in 63.1905 ms
2026-07-16 15:30:38.295 +05:30 [INF] HTTP GET /api/Doctor/10 responded 200 in 85.1778 ms
2026-07-16 15:30:38.297 +05:30 [INF] HTTP GET /api/appointment/doctor/10 responded 200 in 94.1376 ms
2026-07-16 15:30:46.964 +05:30 [INF] Heartbeat running at "2026-07-16T15:30:46.9640159+05:30"
2026-07-16 15:30:56.970 +05:30 [INF] Heartbeat running at "2026-07-16T15:30:56.9706055+05:30"
2026-07-16 15:30:58.658 +05:30 [INF] HTTP OPTIONS /api/HealthRecord responded 204 in 0.0728 ms
2026-07-16 15:30:58.668 +05:30 [INF] HTTP POST /api/HealthRecord responded 400 in 2.5061 ms
2026-07-16 15:30:58.677 +05:30 [INF] HTTP POST /api/HealthRecord responded 400 in 12.3346 ms
2026-07-16 15:31:06.978 +05:30 [INF] Heartbeat running at "2026-07-16T15:31:06.9784588+05:30"
2026-07-16 15:31:16.987 +05:30 [INF] Heartbeat running at "2026-07-16T15:31:16.9871711+05:30"
2026-07-16 15:31:26.993 +05:30 [INF] Heartbeat running at "2026-07-16T15:31:26.9933654+05:30"
2026-07-16 15:31:37.006 +05:30 [INF] Heartbeat running at "2026-07-16T15:31:37.0069115+05:30"
2026-07-16 15:31:47.023 +05:30 [INF] Heartbeat running at "2026-07-16T15:31:47.0234424+05:30"
2026-07-16 15:31:57.038 +05:30 [INF] Heartbeat running at "2026-07-16T15:31:57.0381924+05:30"
2026-07-16 15:32:07.039 +05:30 [INF] Heartbeat running at "2026-07-16T15:32:07.0398288+05:30"
2026-07-16 15:32:17.045 +05:30 [INF] Heartbeat running at "2026-07-16T15:32:17.0450339+05:30"
2026-07-16 15:32:25.401 +05:30 [INF] HTTP OPTIONS /api/Doctor/10 responded 204 in 0.1267 ms
2026-07-16 15:32:25.402 +05:30 [INF] HTTP OPTIONS /api/appointment/doctor/10 responded 204 in 0.0672 ms
2026-07-16 15:32:25.434 +05:30 [INF] HTTP GET /api/Doctor/10 responded 200 in 16.1366 ms
2026-07-16 15:32:25.452 +05:30 [INF] HTTP GET /api/appointment/doctor/10 responded 200 in 24.5047 ms
2026-07-16 15:32:25.482 +05:30 [INF] HTTP GET /api/Doctor/10 responded 200 in 65.6179 ms
2026-07-16 15:32:25.484 +05:30 [INF] HTTP GET /api/appointment/doctor/10 responded 200 in 64.4491 ms
2026-07-16 15:32:27.055 +05:30 [INF] Heartbeat running at "2026-07-16T15:32:27.0550495+05:30"
2026-07-16 15:32:37.062 +05:30 [INF] Heartbeat running at "2026-07-16T15:32:37.0624263+05:30"
2026-07-16 15:32:43.584 +05:30 [INF] HTTP OPTIONS /api/HealthRecord responded 204 in 5.5443 ms
2026-07-16 15:32:43.597 +05:30 [INF] HTTP POST /api/HealthRecord responded 400 in 2.9689 ms
2026-07-16 15:32:43.602 +05:30 [INF] HTTP POST /api/HealthRecord responded 400 in 8.1263 ms
2026-07-16 15:32:47.072 +05:30 [INF] Heartbeat running at "2026-07-16T15:32:47.0723225+05:30"
2026-07-16 15:32:57.081 +05:30 [INF] Heartbeat running at "2026-07-16T15:32:57.0813344+05:30"
2026-07-16 15:33:07.086 +05:30 [INF] Heartbeat running at "2026-07-16T15:33:07.0865926+05:30"
2026-07-16 15:33:17.092 +05:30 [INF] Heartbeat running at "2026-07-16T15:33:17.0926187+05:30"
2026-07-16 15:33:27.101 +05:30 [INF] Heartbeat running at "2026-07-16T15:33:27.1015700+05:30"
2026-07-16 15:33:37.109 +05:30 [INF] Heartbeat running at "2026-07-16T15:33:37.1091513+05:30"
2026-07-16 15:34:23.897 +05:30 [INF] Configured endpoint HealthAxis3.API.events.queue, Consumer: HealthAxis3.API.Messaging.AppointmentBookedConsumer
2026-07-16 15:34:26.626 +05:30 [INF] Heartbeat running at "2026-07-16T15:34:26.6248718+05:30"
2026-07-16 15:34:27.547 +05:30 [INF] Bus started: "rabbitmq://localhost/"
2026-07-16 15:34:27.632 +05:30 [INF] Now listening on: https://localhost:7120
2026-07-16 15:34:27.642 +05:30 [INF] Now listening on: http://localhost:5042
2026-07-16 15:34:27.761 +05:30 [INF] Application started. Press Ctrl+C to shut down.
2026-07-16 15:34:27.769 +05:30 [INF] Hosting environment: Development
2026-07-16 15:34:27.774 +05:30 [INF] Content root path: C:\Users\310054\source\repos\HealthAxis4\HealthAxis3.API
2026-07-16 15:34:36.830 +05:30 [INF] Heartbeat running at "2026-07-16T15:34:36.8299681+05:30"
2026-07-16 15:34:46.889 +05:30 [INF] Heartbeat running at "2026-07-16T15:34:46.8892695+05:30"
2026-07-16 15:34:56.913 +05:30 [INF] Heartbeat running at "2026-07-16T15:34:56.9131059+05:30"
2026-07-16 15:35:02.448 +05:30 [INF] HTTP OPTIONS /api/auth/login responded 204 in 34.6267 ms
2026-07-16 15:35:03.438 +05:30 [INF] HTTP POST /api/auth/login responded 200 in 886.7866 ms
2026-07-16 15:35:03.449 +05:30 [INF] HTTP POST /api/auth/login responded 200 in 948.0856 ms
2026-07-16 15:35:03.533 +05:30 [INF] HTTP OPTIONS /api/appointment/doctor/10 responded 204 in 0.7235 ms
2026-07-16 15:35:03.533 +05:30 [INF] HTTP OPTIONS /api/Doctor/10 responded 204 in 0.7264 ms
2026-07-16 15:35:03.969 +05:30 [WRN] You do not have a valid license key for the Lucky Penny software AutoMapper. This is allowed for development and testing scenarios. If you are running in production you are required to have a licensed version. Please visit https://luckypennysoftware.com to obtain a valid license.
2026-07-16 15:35:04.142 +05:30 [INF] HTTP GET /api/Doctor/10 responded 200 in 431.0454 ms
2026-07-16 15:35:04.151 +05:30 [INF] HTTP GET /api/Doctor/10 responded 200 in 603.2894 ms
2026-07-16 15:35:04.326 +05:30 [INF] HTTP GET /api/appointment/doctor/10 responded 200 in 615.5276 ms
2026-07-16 15:35:04.335 +05:30 [INF] HTTP GET /api/appointment/doctor/10 responded 200 in 790.0975 ms
2026-07-16 15:35:06.927 +05:30 [INF] Heartbeat running at "2026-07-16T15:35:06.9268766+05:30"
2026-07-16 15:35:16.933 +05:30 [INF] Heartbeat running at "2026-07-16T15:35:16.9338599+05:30"
2026-07-16 15:35:26.936 +05:30 [INF] Heartbeat running at "2026-07-16T15:35:26.9365547+05:30"
2026-07-16 15:35:36.941 +05:30 [INF] Heartbeat running at "2026-07-16T15:35:36.9409284+05:30"
2026-07-16 15:35:46.981 +05:30 [INF] Heartbeat running at "2026-07-16T15:35:46.9816422+05:30"
2026-07-16 15:35:55.663 +05:30 [INF] HTTP OPTIONS /api/HealthRecord responded 204 in 0.2131 ms
2026-07-16 15:35:56.197 +05:30 [ERR] HTTP POST /api/HealthRecord responded 500 in 517.8771 ms
System.InvalidOperationException: No route matches the supplied values.
   at Microsoft.AspNetCore.Mvc.CreatedAtActionResult.OnFormatting(ActionContext context)
   at Microsoft.AspNetCore.Mvc.Infrastructure.ObjectResultExecutor.ExecuteAsyncCore(ActionContext context, ObjectResult result, Type objectType, Object value)
   at Microsoft.AspNetCore.Mvc.Infrastructure.ObjectResultExecutor.ExecuteAsync(ActionContext context, ObjectResult result)
   at Microsoft.AspNetCore.Mvc.Infrastructure.ResourceInvoker.ResultNext[TFilter,TFilterAsync](State& next, Scope& scope, Object& state, Boolean& isCompleted)
   at Microsoft.AspNetCore.Mvc.Infrastructure.ResourceInvoker.InvokeNextResultFilterAsync[TFilter,TFilterAsync]()
--- End of stack trace from previous location ---
   at Microsoft.AspNetCore.Mvc.Infrastructure.ResourceInvoker.Rethrow(ResultExecutedContextSealed context)
   at Microsoft.AspNetCore.Mvc.Infrastructure.ResourceInvoker.ResultNext[TFilter,TFilterAsync](State& next, Scope& scope, Object& state, Boolean& isCompleted)
   at Microsoft.AspNetCore.Mvc.Infrastructure.ResourceInvoker.InvokeResultFilters()
--- End of stack trace from previous location ---
   at Microsoft.AspNetCore.Mvc.Infrastructure.ResourceInvoker.<InvokeFilterPipelineAsync>g__Awaited|20_0(ResourceInvoker invoker, Task lastTask, State next, Scope scope, Object state, Boolean isCompleted)
   at Microsoft.AspNetCore.Mvc.Infrastructure.ResourceInvoker.<InvokeAsync>g__Awaited|17_0(ResourceInvoker invoker, Task task, IDisposable scope)
   at Microsoft.AspNetCore.Mvc.Infrastructure.ResourceInvoker.<InvokeAsync>g__Awaited|17_0(ResourceInvoker invoker, Task task, IDisposable scope)
   at Serilog.AspNetCore.RequestLoggingMiddleware.Invoke(HttpContext httpContext)
2026-07-16 15:35:56.242 +05:30 [ERR] HTTP POST /api/HealthRecord responded 500 in 569.9437 ms
System.InvalidOperationException: No route matches the supplied values.
   at Microsoft.AspNetCore.Mvc.CreatedAtActionResult.OnFormatting(ActionContext context)
   at Microsoft.AspNetCore.Mvc.Infrastructure.ObjectResultExecutor.ExecuteAsyncCore(ActionContext context, ObjectResult result, Type objectType, Object value)
   at Microsoft.AspNetCore.Mvc.Infrastructure.ObjectResultExecutor.ExecuteAsync(ActionContext context, ObjectResult result)
   at Microsoft.AspNetCore.Mvc.Infrastructure.ResourceInvoker.ResultNext[TFilter,TFilterAsync](State& next, Scope& scope, Object& state, Boolean& isCompleted)
   at Microsoft.AspNetCore.Mvc.Infrastructure.ResourceInvoker.InvokeNextResultFilterAsync[TFilter,TFilterAsync]()
--- End of stack trace from previous location ---
   at Microsoft.AspNetCore.Mvc.Infrastructure.ResourceInvoker.Rethrow(ResultExecutedContextSealed context)
   at Microsoft.AspNetCore.Mvc.Infrastructure.ResourceInvoker.ResultNext[TFilter,TFilterAsync](State& next, Scope& scope, Object& state, Boolean& isCompleted)
   at Microsoft.AspNetCore.Mvc.Infrastructure.ResourceInvoker.InvokeResultFilters()
--- End of stack trace from previous location ---
   at Microsoft.AspNetCore.Mvc.Infrastructure.ResourceInvoker.<InvokeFilterPipelineAsync>g__Awaited|20_0(ResourceInvoker invoker, Task lastTask, State next, Scope scope, Object state, Boolean isCompleted)
   at Microsoft.AspNetCore.Mvc.Infrastructure.ResourceInvoker.<InvokeAsync>g__Awaited|17_0(ResourceInvoker invoker, Task task, IDisposable scope)
   at Microsoft.AspNetCore.Mvc.Infrastructure.ResourceInvoker.<InvokeAsync>g__Awaited|17_0(ResourceInvoker invoker, Task task, IDisposable scope)
   at Serilog.AspNetCore.RequestLoggingMiddleware.Invoke(HttpContext httpContext)
   at Microsoft.AspNetCore.Authorization.AuthorizationMiddleware.Invoke(HttpContext context)
   at Microsoft.AspNetCore.Authentication.AuthenticationMiddleware.Invoke(HttpContext context)
   at Swashbuckle.AspNetCore.SwaggerUI.SwaggerUIMiddleware.Invoke(HttpContext httpContext)
   at Swashbuckle.AspNetCore.Swagger.SwaggerMiddleware.Invoke(HttpContext httpContext, ISwaggerProvider swaggerProvider)
   at Serilog.AspNetCore.RequestLoggingMiddleware.Invoke(HttpContext httpContext)
2026-07-16 15:35:56.265 +05:30 [ERR] An unhandled exception has occurred while executing the request.
System.InvalidOperationException: No route matches the supplied values.
   at Microsoft.AspNetCore.Mvc.CreatedAtActionResult.OnFormatting(ActionContext context)
   at Microsoft.AspNetCore.Mvc.Infrastructure.ObjectResultExecutor.ExecuteAsyncCore(ActionContext context, ObjectResult result, Type objectType, Object value)
   at Microsoft.AspNetCore.Mvc.Infrastructure.ObjectResultExecutor.ExecuteAsync(ActionContext context, ObjectResult result)
   at Microsoft.AspNetCore.Mvc.Infrastructure.ResourceInvoker.ResultNext[TFilter,TFilterAsync](State& next, Scope& scope, Object& state, Boolean& isCompleted)
   at Microsoft.AspNetCore.Mvc.Infrastructure.ResourceInvoker.InvokeNextResultFilterAsync[TFilter,TFilterAsync]()
--- End of stack trace from previous location ---
   at Microsoft.AspNetCore.Mvc.Infrastructure.ResourceInvoker.Rethrow(ResultExecutedContextSealed context)
   at Microsoft.AspNetCore.Mvc.Infrastructure.ResourceInvoker.ResultNext[TFilter,TFilterAsync](State& next, Scope& scope, Object& state, Boolean& isCompleted)
   at Microsoft.AspNetCore.Mvc.Infrastructure.ResourceInvoker.InvokeResultFilters()
--- End of stack trace from previous location ---
   at Microsoft.AspNetCore.Mvc.Infrastructure.ResourceInvoker.<InvokeFilterPipelineAsync>g__Awaited|20_0(ResourceInvoker invoker, Task lastTask, State next, Scope scope, Object state, Boolean isCompleted)
   at Microsoft.AspNetCore.Mvc.Infrastructure.ResourceInvoker.<InvokeAsync>g__Awaited|17_0(ResourceInvoker invoker, Task task, IDisposable scope)
   at Microsoft.AspNetCore.Mvc.Infrastructure.ResourceInvoker.<InvokeAsync>g__Awaited|17_0(ResourceInvoker invoker, Task task, IDisposable scope)
   at Serilog.AspNetCore.RequestLoggingMiddleware.Invoke(HttpContext httpContext)
   at Microsoft.AspNetCore.Authorization.AuthorizationMiddleware.Invoke(HttpContext context)
   at Microsoft.AspNetCore.Authentication.AuthenticationMiddleware.Invoke(HttpContext context)
   at Swashbuckle.AspNetCore.SwaggerUI.SwaggerUIMiddleware.Invoke(HttpContext httpContext)
   at Swashbuckle.AspNetCore.Swagger.SwaggerMiddleware.Invoke(HttpContext httpContext, ISwaggerProvider swaggerProvider)
   at Serilog.AspNetCore.RequestLoggingMiddleware.Invoke(HttpContext httpContext)
   at Microsoft.AspNetCore.Diagnostics.DeveloperExceptionPageMiddlewareImpl.Invoke(HttpContext context)
2026-07-16 15:35:56.992 +05:30 [INF] Heartbeat running at "2026-07-16T15:35:56.9928136+05:30"
2026-07-16 15:36:07.004 +05:30 [INF] Heartbeat running at "2026-07-16T15:36:07.0039375+05:30"
2026-07-16 15:36:17.011 +05:30 [INF] Heartbeat running at "2026-07-16T15:36:17.0115816+05:30"
2026-07-16 15:36:27.021 +05:30 [INF] Heartbeat running at "2026-07-16T15:36:27.0214420+05:30"
2026-07-16 15:36:37.027 +05:30 [INF] Heartbeat running at "2026-07-16T15:36:37.0269821+05:30"
2026-07-16 15:36:47.035 +05:30 [INF] Heartbeat running at "2026-07-16T15:36:47.0350835+05:30"
2026-07-16 15:36:57.042 +05:30 [INF] Heartbeat running at "2026-07-16T15:36:57.0425426+05:30"
2026-07-16 15:37:07.063 +05:30 [INF] Heartbeat running at "2026-07-16T15:37:07.0633095+05:30"
2026-07-16 15:37:17.067 +05:30 [INF] Heartbeat running at "2026-07-16T15:37:17.0677188+05:30"
2026-07-16 15:37:27.170 +05:30 [INF] Heartbeat running at "2026-07-16T15:37:27.1703230+05:30"
2026-07-16 15:37:37.179 +05:30 [INF] Heartbeat running at "2026-07-16T15:37:37.1793945+05:30"
2026-07-16 15:37:47.180 +05:30 [INF] Heartbeat running at "2026-07-16T15:37:47.1809147+05:30"
2026-07-16 15:37:57.188 +05:30 [INF] Heartbeat running at "2026-07-16T15:37:57.1886578+05:30"
2026-07-16 15:38:07.200 +05:30 [INF] Heartbeat running at "2026-07-16T15:38:07.2002836+05:30"
2026-07-16 15:38:17.216 +05:30 [INF] Heartbeat running at "2026-07-16T15:38:17.2160753+05:30"
2026-07-16 15:38:27.225 +05:30 [INF] Heartbeat running at "2026-07-16T15:38:27.2251824+05:30"
2026-07-16 15:38:37.230 +05:30 [INF] Heartbeat running at "2026-07-16T15:38:37.2308321+05:30"
2026-07-16 15:38:47.243 +05:30 [INF] Heartbeat running at "2026-07-16T15:38:47.2425723+05:30"
2026-07-16 15:38:57.249 +05:30 [INF] Heartbeat running at "2026-07-16T15:38:57.2493035+05:30"
2026-07-16 15:39:07.258 +05:30 [INF] Heartbeat running at "2026-07-16T15:39:07.2580387+05:30"
2026-07-16 15:39:17.268 +05:30 [INF] Heartbeat running at "2026-07-16T15:39:17.2687197+05:30"
2026-07-16 15:39:27.281 +05:30 [INF] Heartbeat running at "2026-07-16T15:39:27.2811906+05:30"
2026-07-16 15:39:37.294 +05:30 [INF] Heartbeat running at "2026-07-16T15:39:37.2948595+05:30"
2026-07-16 15:39:47.305 +05:30 [INF] Heartbeat running at "2026-07-16T15:39:47.3054011+05:30"
2026-07-16 15:39:57.315 +05:30 [INF] Heartbeat running at "2026-07-16T15:39:57.3152848+05:30"
2026-07-16 15:40:07.335 +05:30 [INF] Heartbeat running at "2026-07-16T15:40:07.3354833+05:30"
2026-07-16 15:40:17.340 +05:30 [INF] Heartbeat running at "2026-07-16T15:40:17.3407832+05:30"
2026-07-16 15:40:27.354 +05:30 [INF] Heartbeat running at "2026-07-16T15:40:27.3540626+05:30"
2026-07-16 15:40:37.366 +05:30 [INF] Heartbeat running at "2026-07-16T15:40:37.3660418+05:30"
2026-07-16 15:40:47.384 +05:30 [INF] Heartbeat running at "2026-07-16T15:40:47.3834528+05:30"
2026-07-16 15:40:57.402 +05:30 [INF] Heartbeat running at "2026-07-16T15:40:57.4022620+05:30"
2026-07-16 15:41:07.416 +05:30 [INF] Heartbeat running at "2026-07-16T15:41:07.4162235+05:30"
2026-07-16 15:41:17.422 +05:30 [INF] Heartbeat running at "2026-07-16T15:41:17.4225949+05:30"
2026-07-16 15:41:27.444 +05:30 [INF] Heartbeat running at "2026-07-16T15:41:27.4448291+05:30"
2026-07-16 15:41:37.462 +05:30 [INF] Heartbeat running at "2026-07-16T15:41:37.4629435+05:30"
2026-07-16 15:41:47.476 +05:30 [INF] Heartbeat running at "2026-07-16T15:41:47.4762988+05:30"
2026-07-16 15:41:57.484 +05:30 [INF] Heartbeat running at "2026-07-16T15:41:57.4843802+05:30"
2026-07-16 15:42:07.502 +05:30 [INF] Heartbeat running at "2026-07-16T15:42:07.5028361+05:30"
2026-07-16 15:42:17.518 +05:30 [INF] Heartbeat running at "2026-07-16T15:42:17.5182832+05:30"
2026-07-16 15:42:27.535 +05:30 [INF] Heartbeat running at "2026-07-16T15:42:27.5350290+05:30"
2026-07-16 15:42:30.643 +05:30 [INF] HTTP OPTIONS /api/HealthRecord responded 204 in 0.3295 ms
2026-07-16 15:42:30.706 +05:30 [ERR] HTTP POST /api/HealthRecord responded 500 in 34.9708 ms
System.InvalidOperationException: No route matches the supplied values.
   at Microsoft.AspNetCore.Mvc.CreatedAtActionResult.OnFormatting(ActionContext context)
   at Microsoft.AspNetCore.Mvc.Infrastructure.ObjectResultExecutor.ExecuteAsyncCore(ActionContext context, ObjectResult result, Type objectType, Object value)
   at Microsoft.AspNetCore.Mvc.Infrastructure.ObjectResultExecutor.ExecuteAsync(ActionContext context, ObjectResult result)
   at Microsoft.AspNetCore.Mvc.Infrastructure.ResourceInvoker.ResultNext[TFilter,TFilterAsync](State& next, Scope& scope, Object& state, Boolean& isCompleted)
   at Microsoft.AspNetCore.Mvc.Infrastructure.ResourceInvoker.InvokeNextResultFilterAsync[TFilter,TFilterAsync]()
--- End of stack trace from previous location ---
   at Microsoft.AspNetCore.Mvc.Infrastructure.ResourceInvoker.Rethrow(ResultExecutedContextSealed context)
   at Microsoft.AspNetCore.Mvc.Infrastructure.ResourceInvoker.ResultNext[TFilter,TFilterAsync](State& next, Scope& scope, Object& state, Boolean& isCompleted)
   at Microsoft.AspNetCore.Mvc.Infrastructure.ResourceInvoker.InvokeResultFilters()
--- End of stack trace from previous location ---
   at Microsoft.AspNetCore.Mvc.Infrastructure.ResourceInvoker.<InvokeFilterPipelineAsync>g__Awaited|20_0(ResourceInvoker invoker, Task lastTask, State next, Scope scope, Object state, Boolean isCompleted)
   at Microsoft.AspNetCore.Mvc.Infrastructure.ResourceInvoker.<InvokeAsync>g__Awaited|17_0(ResourceInvoker invoker, Task task, IDisposable scope)
   at Microsoft.AspNetCore.Mvc.Infrastructure.ResourceInvoker.<InvokeAsync>g__Awaited|17_0(ResourceInvoker invoker, Task task, IDisposable scope)
   at Serilog.AspNetCore.RequestLoggingMiddleware.Invoke(HttpContext httpContext)
2026-07-16 15:42:30.717 +05:30 [ERR] HTTP POST /api/HealthRecord responded 500 in 48.2082 ms
System.InvalidOperationException: No route matches the supplied values.
   at Microsoft.AspNetCore.Mvc.CreatedAtActionResult.OnFormatting(ActionContext context)
   at Microsoft.AspNetCore.Mvc.Infrastructure.ObjectResultExecutor.ExecuteAsyncCore(ActionContext context, ObjectResult result, Type objectType, Object value)
   at Microsoft.AspNetCore.Mvc.Infrastructure.ObjectResultExecutor.ExecuteAsync(ActionContext context, ObjectResult result)
   at Microsoft.AspNetCore.Mvc.Infrastructure.ResourceInvoker.ResultNext[TFilter,TFilterAsync](State& next, Scope& scope, Object& state, Boolean& isCompleted)
   at Microsoft.AspNetCore.Mvc.Infrastructure.ResourceInvoker.InvokeNextResultFilterAsync[TFilter,TFilterAsync]()
--- End of stack trace from previous location ---
   at Microsoft.AspNetCore.Mvc.Infrastructure.ResourceInvoker.Rethrow(ResultExecutedContextSealed context)
   at Microsoft.AspNetCore.Mvc.Infrastructure.ResourceInvoker.ResultNext[TFilter,TFilterAsync](State& next, Scope& scope, Object& state, Boolean& isCompleted)
   at Microsoft.AspNetCore.Mvc.Infrastructure.ResourceInvoker.InvokeResultFilters()
--- End of stack trace from previous location ---
   at Microsoft.AspNetCore.Mvc.Infrastructure.ResourceInvoker.<InvokeFilterPipelineAsync>g__Awaited|20_0(ResourceInvoker invoker, Task lastTask, State next, Scope scope, Object state, Boolean isCompleted)
   at Microsoft.AspNetCore.Mvc.Infrastructure.ResourceInvoker.<InvokeAsync>g__Awaited|17_0(ResourceInvoker invoker, Task task, IDisposable scope)
   at Microsoft.AspNetCore.Mvc.Infrastructure.ResourceInvoker.<InvokeAsync>g__Awaited|17_0(ResourceInvoker invoker, Task task, IDisposable scope)
   at Serilog.AspNetCore.RequestLoggingMiddleware.Invoke(HttpContext httpContext)
   at Microsoft.AspNetCore.Authorization.AuthorizationMiddleware.Invoke(HttpContext context)
   at Microsoft.AspNetCore.Authentication.AuthenticationMiddleware.Invoke(HttpContext context)
   at Swashbuckle.AspNetCore.SwaggerUI.SwaggerUIMiddleware.Invoke(HttpContext httpContext)
   at Swashbuckle.AspNetCore.Swagger.SwaggerMiddleware.Invoke(HttpContext httpContext, ISwaggerProvider swaggerProvider)
   at Serilog.AspNetCore.RequestLoggingMiddleware.Invoke(HttpContext httpContext)
2026-07-16 15:42:30.733 +05:30 [ERR] An unhandled exception has occurred while executing the request.
System.InvalidOperationException: No route matches the supplied values.
   at Microsoft.AspNetCore.Mvc.CreatedAtActionResult.OnFormatting(ActionContext context)
   at Microsoft.AspNetCore.Mvc.Infrastructure.ObjectResultExecutor.ExecuteAsyncCore(ActionContext context, ObjectResult result, Type objectType, Object value)
   at Microsoft.AspNetCore.Mvc.Infrastructure.ObjectResultExecutor.ExecuteAsync(ActionContext context, ObjectResult result)
   at Microsoft.AspNetCore.Mvc.Infrastructure.ResourceInvoker.ResultNext[TFilter,TFilterAsync](State& next, Scope& scope, Object& state, Boolean& isCompleted)
   at Microsoft.AspNetCore.Mvc.Infrastructure.ResourceInvoker.InvokeNextResultFilterAsync[TFilter,TFilterAsync]()
--- End of stack trace from previous location ---
   at Microsoft.AspNetCore.Mvc.Infrastructure.ResourceInvoker.Rethrow(ResultExecutedContextSealed context)
   at Microsoft.AspNetCore.Mvc.Infrastructure.ResourceInvoker.ResultNext[TFilter,TFilterAsync](State& next, Scope& scope, Object& state, Boolean& isCompleted)
   at Microsoft.AspNetCore.Mvc.Infrastructure.ResourceInvoker.InvokeResultFilters()
--- End of stack trace from previous location ---
   at Microsoft.AspNetCore.Mvc.Infrastructure.ResourceInvoker.<InvokeFilterPipelineAsync>g__Awaited|20_0(ResourceInvoker invoker, Task lastTask, State next, Scope scope, Object state, Boolean isCompleted)
   at Microsoft.AspNetCore.Mvc.Infrastructure.ResourceInvoker.<InvokeAsync>g__Awaited|17_0(ResourceInvoker invoker, Task task, IDisposable scope)
   at Microsoft.AspNetCore.Mvc.Infrastructure.ResourceInvoker.<InvokeAsync>g__Awaited|17_0(ResourceInvoker invoker, Task task, IDisposable scope)
   at Serilog.AspNetCore.RequestLoggingMiddleware.Invoke(HttpContext httpContext)
   at Microsoft.AspNetCore.Authorization.AuthorizationMiddleware.Invoke(HttpContext context)
   at Microsoft.AspNetCore.Authentication.AuthenticationMiddleware.Invoke(HttpContext context)
   at Swashbuckle.AspNetCore.SwaggerUI.SwaggerUIMiddleware.Invoke(HttpContext httpContext)
   at Swashbuckle.AspNetCore.Swagger.SwaggerMiddleware.Invoke(HttpContext httpContext, ISwaggerProvider swaggerProvider)
   at Serilog.AspNetCore.RequestLoggingMiddleware.Invoke(HttpContext httpContext)
   at Microsoft.AspNetCore.Diagnostics.DeveloperExceptionPageMiddlewareImpl.Invoke(HttpContext context)
2026-07-16 15:42:37.545 +05:30 [INF] Heartbeat running at "2026-07-16T15:42:37.5444613+05:30"
2026-07-16 15:42:47.609 +05:30 [INF] Heartbeat running at "2026-07-16T15:42:47.6084061+05:30"
2026-07-16 15:42:57.632 +05:30 [INF] Heartbeat running at "2026-07-16T15:42:57.6325304+05:30"
2026-07-16 15:43:07.637 +05:30 [INF] Heartbeat running at "2026-07-16T15:43:07.6377709+05:30"
2026-07-16 15:43:17.646 +05:30 [INF] Heartbeat running at "2026-07-16T15:43:17.6461662+05:30"
2026-07-16 15:43:27.659 +05:30 [INF] Heartbeat running at "2026-07-16T15:43:27.6596911+05:30"
2026-07-16 15:43:37.670 +05:30 [INF] Heartbeat running at "2026-07-16T15:43:37.6704109+05:30"
2026-07-16 15:43:47.683 +05:30 [INF] Heartbeat running at "2026-07-16T15:43:47.6828646+05:30"
2026-07-16 15:43:57.694 +05:30 [INF] Heartbeat running at "2026-07-16T15:43:57.6944092+05:30"
2026-07-16 15:44:07.703 +05:30 [INF] Heartbeat running at "2026-07-16T15:44:07.7031956+05:30"
2026-07-16 15:44:17.717 +05:30 [INF] Heartbeat running at "2026-07-16T15:44:17.7176529+05:30"
2026-07-16 15:44:27.729 +05:30 [INF] Heartbeat running at "2026-07-16T15:44:27.7298244+05:30"
2026-07-16 15:44:37.739 +05:30 [INF] Heartbeat running at "2026-07-16T15:44:37.7391465+05:30"
2026-07-16 15:44:47.778 +05:30 [INF] Heartbeat running at "2026-07-16T15:44:47.7786875+05:30"
2026-07-16 15:44:57.787 +05:30 [INF] Heartbeat running at "2026-07-16T15:44:57.7870769+05:30"
2026-07-16 15:45:07.796 +05:30 [INF] Heartbeat running at "2026-07-16T15:45:07.7965680+05:30"
2026-07-16 15:45:17.804 +05:30 [INF] Heartbeat running at "2026-07-16T15:45:17.8041956+05:30"
2026-07-16 15:45:27.810 +05:30 [INF] Heartbeat running at "2026-07-16T15:45:27.8105190+05:30"
2026-07-16 15:45:37.814 +05:30 [INF] Heartbeat running at "2026-07-16T15:45:37.8147214+05:30"
2026-07-16 15:45:47.945 +05:30 [INF] Heartbeat running at "2026-07-16T15:45:47.9453570+05:30"
2026-07-16 15:45:57.962 +05:30 [INF] Heartbeat running at "2026-07-16T15:45:57.9628371+05:30"
2026-07-16 15:46:07.981 +05:30 [INF] Heartbeat running at "2026-07-16T15:46:07.9812019+05:30"
2026-07-16 15:46:17.995 +05:30 [INF] Heartbeat running at "2026-07-16T15:46:17.9954284+05:30"
2026-07-16 15:46:28.004 +05:30 [INF] Heartbeat running at "2026-07-16T15:46:28.0044991+05:30"
2026-07-16 15:46:35.965 +05:30 [INF] HTTP OPTIONS /api/HealthRecord responded 204 in 0.2041 ms
2026-07-16 15:46:35.989 +05:30 [ERR] HTTP POST /api/HealthRecord responded 500 in 15.0904 ms
System.InvalidOperationException: No route matches the supplied values.
   at Microsoft.AspNetCore.Mvc.CreatedAtActionResult.OnFormatting(ActionContext context)
   at Microsoft.AspNetCore.Mvc.Infrastructure.ObjectResultExecutor.ExecuteAsyncCore(ActionContext context, ObjectResult result, Type objectType, Object value)
   at Microsoft.AspNetCore.Mvc.Infrastructure.ObjectResultExecutor.ExecuteAsync(ActionContext context, ObjectResult result)
   at Microsoft.AspNetCore.Mvc.Infrastructure.ResourceInvoker.ResultNext[TFilter,TFilterAsync](State& next, Scope& scope, Object& state, Boolean& isCompleted)
   at Microsoft.AspNetCore.Mvc.Infrastructure.ResourceInvoker.InvokeNextResultFilterAsync[TFilter,TFilterAsync]()
--- End of stack trace from previous location ---
   at Microsoft.AspNetCore.Mvc.Infrastructure.ResourceInvoker.Rethrow(ResultExecutedContextSealed context)
   at Microsoft.AspNetCore.Mvc.Infrastructure.ResourceInvoker.ResultNext[TFilter,TFilterAsync](State& next, Scope& scope, Object& state, Boolean& isCompleted)
   at Microsoft.AspNetCore.Mvc.Infrastructure.ResourceInvoker.InvokeResultFilters()
--- End of stack trace from previous location ---
   at Microsoft.AspNetCore.Mvc.Infrastructure.ResourceInvoker.<InvokeFilterPipelineAsync>g__Awaited|20_0(ResourceInvoker invoker, Task lastTask, State next, Scope scope, Object state, Boolean isCompleted)
   at Microsoft.AspNetCore.Mvc.Infrastructure.ResourceInvoker.<InvokeAsync>g__Awaited|17_0(ResourceInvoker invoker, Task task, IDisposable scope)
   at Microsoft.AspNetCore.Mvc.Infrastructure.ResourceInvoker.<InvokeAsync>g__Awaited|17_0(ResourceInvoker invoker, Task task, IDisposable scope)
   at Serilog.AspNetCore.RequestLoggingMiddleware.Invoke(HttpContext httpContext)
2026-07-16 15:46:36.001 +05:30 [ERR] HTTP POST /api/HealthRecord responded 500 in 27.8305 ms
System.InvalidOperationException: No route matches the supplied values.
   at Microsoft.AspNetCore.Mvc.CreatedAtActionResult.OnFormatting(ActionContext context)
   at Microsoft.AspNetCore.Mvc.Infrastructure.ObjectResultExecutor.ExecuteAsyncCore(ActionContext context, ObjectResult result, Type objectType, Object value)
   at Microsoft.AspNetCore.Mvc.Infrastructure.ObjectResultExecutor.ExecuteAsync(ActionContext context, ObjectResult result)
   at Microsoft.AspNetCore.Mvc.Infrastructure.ResourceInvoker.ResultNext[TFilter,TFilterAsync](State& next, Scope& scope, Object& state, Boolean& isCompleted)
   at Microsoft.AspNetCore.Mvc.Infrastructure.ResourceInvoker.InvokeNextResultFilterAsync[TFilter,TFilterAsync]()
--- End of stack trace from previous location ---
   at Microsoft.AspNetCore.Mvc.Infrastructure.ResourceInvoker.Rethrow(ResultExecutedContextSealed context)
   at Microsoft.AspNetCore.Mvc.Infrastructure.ResourceInvoker.ResultNext[TFilter,TFilterAsync](State& next, Scope& scope, Object& state, Boolean& isCompleted)
   at Microsoft.AspNetCore.Mvc.Infrastructure.ResourceInvoker.InvokeResultFilters()
--- End of stack trace from previous location ---
   at Microsoft.AspNetCore.Mvc.Infrastructure.ResourceInvoker.<InvokeFilterPipelineAsync>g__Awaited|20_0(ResourceInvoker invoker, Task lastTask, State next, Scope scope, Object state, Boolean isCompleted)
   at Microsoft.AspNetCore.Mvc.Infrastructure.ResourceInvoker.<InvokeAsync>g__Awaited|17_0(ResourceInvoker invoker, Task task, IDisposable scope)
   at Microsoft.AspNetCore.Mvc.Infrastructure.ResourceInvoker.<InvokeAsync>g__Awaited|17_0(ResourceInvoker invoker, Task task, IDisposable scope)
   at Serilog.AspNetCore.RequestLoggingMiddleware.Invoke(HttpContext httpContext)
   at Microsoft.AspNetCore.Authorization.AuthorizationMiddleware.Invoke(HttpContext context)
   at Microsoft.AspNetCore.Authentication.AuthenticationMiddleware.Invoke(HttpContext context)
   at Swashbuckle.AspNetCore.SwaggerUI.SwaggerUIMiddleware.Invoke(HttpContext httpContext)
   at Swashbuckle.AspNetCore.Swagger.SwaggerMiddleware.Invoke(HttpContext httpContext, ISwaggerProvider swaggerProvider)
   at Serilog.AspNetCore.RequestLoggingMiddleware.Invoke(HttpContext httpContext)
2026-07-16 15:46:36.015 +05:30 [ERR] An unhandled exception has occurred while executing the request.
System.InvalidOperationException: No route matches the supplied values.
   at Microsoft.AspNetCore.Mvc.CreatedAtActionResult.OnFormatting(ActionContext context)
   at Microsoft.AspNetCore.Mvc.Infrastructure.ObjectResultExecutor.ExecuteAsyncCore(ActionContext context, ObjectResult result, Type objectType, Object value)
   at Microsoft.AspNetCore.Mvc.Infrastructure.ObjectResultExecutor.ExecuteAsync(ActionContext context, ObjectResult result)
   at Microsoft.AspNetCore.Mvc.Infrastructure.ResourceInvoker.ResultNext[TFilter,TFilterAsync](State& next, Scope& scope, Object& state, Boolean& isCompleted)
   at Microsoft.AspNetCore.Mvc.Infrastructure.ResourceInvoker.InvokeNextResultFilterAsync[TFilter,TFilterAsync]()
--- End of stack trace from previous location ---
   at Microsoft.AspNetCore.Mvc.Infrastructure.ResourceInvoker.Rethrow(ResultExecutedContextSealed context)
   at Microsoft.AspNetCore.Mvc.Infrastructure.ResourceInvoker.ResultNext[TFilter,TFilterAsync](State& next, Scope& scope, Object& state, Boolean& isCompleted)
   at Microsoft.AspNetCore.Mvc.Infrastructure.ResourceInvoker.InvokeResultFilters()
--- End of stack trace from previous location ---
   at Microsoft.AspNetCore.Mvc.Infrastructure.ResourceInvoker.<InvokeFilterPipelineAsync>g__Awaited|20_0(ResourceInvoker invoker, Task lastTask, State next, Scope scope, Object state, Boolean isCompleted)
   at Microsoft.AspNetCore.Mvc.Infrastructure.ResourceInvoker.<InvokeAsync>g__Awaited|17_0(ResourceInvoker invoker, Task task, IDisposable scope)
   at Microsoft.AspNetCore.Mvc.Infrastructure.ResourceInvoker.<InvokeAsync>g__Awaited|17_0(ResourceInvoker invoker, Task task, IDisposable scope)
   at Serilog.AspNetCore.RequestLoggingMiddleware.Invoke(HttpContext httpContext)
   at Microsoft.AspNetCore.Authorization.AuthorizationMiddleware.Invoke(HttpContext context)
   at Microsoft.AspNetCore.Authentication.AuthenticationMiddleware.Invoke(HttpContext context)
   at Swashbuckle.AspNetCore.SwaggerUI.SwaggerUIMiddleware.Invoke(HttpContext httpContext)
   at Swashbuckle.AspNetCore.Swagger.SwaggerMiddleware.Invoke(HttpContext httpContext, ISwaggerProvider swaggerProvider)
   at Serilog.AspNetCore.RequestLoggingMiddleware.Invoke(HttpContext httpContext)
   at Microsoft.AspNetCore.Diagnostics.DeveloperExceptionPageMiddlewareImpl.Invoke(HttpContext context)
2026-07-16 15:46:38.014 +05:30 [INF] Heartbeat running at "2026-07-16T15:46:38.0147515+05:30"
2026-07-16 15:46:39.263 +05:30 [ERR] HTTP POST /api/HealthRecord responded 500 in 12.5995 ms
System.InvalidOperationException: No route matches the supplied values.
   at Microsoft.AspNetCore.Mvc.CreatedAtActionResult.OnFormatting(ActionContext context)
   at Microsoft.AspNetCore.Mvc.Infrastructure.ObjectResultExecutor.ExecuteAsyncCore(ActionContext context, ObjectResult result, Type objectType, Object value)
   at Microsoft.AspNetCore.Mvc.Infrastructure.ObjectResultExecutor.ExecuteAsync(ActionContext context, ObjectResult result)
   at Microsoft.AspNetCore.Mvc.Infrastructure.ResourceInvoker.ResultNext[TFilter,TFilterAsync](State& next, Scope& scope, Object& state, Boolean& isCompleted)
   at Microsoft.AspNetCore.Mvc.Infrastructure.ResourceInvoker.InvokeNextResultFilterAsync[TFilter,TFilterAsync]()
--- End of stack trace from previous location ---
   at Microsoft.AspNetCore.Mvc.Infrastructure.ResourceInvoker.Rethrow(ResultExecutedContextSealed context)
   at Microsoft.AspNetCore.Mvc.Infrastructure.ResourceInvoker.ResultNext[TFilter,TFilterAsync](State& next, Scope& scope, Object& state, Boolean& isCompleted)
   at Microsoft.AspNetCore.Mvc.Infrastructure.ResourceInvoker.InvokeResultFilters()
--- End of stack trace from previous location ---
   at Microsoft.AspNetCore.Mvc.Infrastructure.ResourceInvoker.<InvokeFilterPipelineAsync>g__Awaited|20_0(ResourceInvoker invoker, Task lastTask, State next, Scope scope, Object state, Boolean isCompleted)
   at Microsoft.AspNetCore.Mvc.Infrastructure.ResourceInvoker.<InvokeAsync>g__Awaited|17_0(ResourceInvoker invoker, Task task, IDisposable scope)
   at Microsoft.AspNetCore.Mvc.Infrastructure.ResourceInvoker.<InvokeAsync>g__Awaited|17_0(ResourceInvoker invoker, Task task, IDisposable scope)
   at Serilog.AspNetCore.RequestLoggingMiddleware.Invoke(HttpContext httpContext)
2026-07-16 15:46:39.276 +05:30 [ERR] HTTP POST /api/HealthRecord responded 500 in 26.0675 ms
System.InvalidOperationException: No route matches the supplied values.
   at Microsoft.AspNetCore.Mvc.CreatedAtActionResult.OnFormatting(ActionContext context)
   at Microsoft.AspNetCore.Mvc.Infrastructure.ObjectResultExecutor.ExecuteAsyncCore(ActionContext context, ObjectResult result, Type objectType, Object value)
   at Microsoft.AspNetCore.Mvc.Infrastructure.ObjectResultExecutor.ExecuteAsync(ActionContext context, ObjectResult result)
   at Microsoft.AspNetCore.Mvc.Infrastructure.ResourceInvoker.ResultNext[TFilter,TFilterAsync](State& next, Scope& scope, Object& state, Boolean& isCompleted)
   at Microsoft.AspNetCore.Mvc.Infrastructure.ResourceInvoker.InvokeNextResultFilterAsync[TFilter,TFilterAsync]()
--- End of stack trace from previous location ---
   at Microsoft.AspNetCore.Mvc.Infrastructure.ResourceInvoker.Rethrow(ResultExecutedContextSealed context)
   at Microsoft.AspNetCore.Mvc.Infrastructure.ResourceInvoker.ResultNext[TFilter,TFilterAsync](State& next, Scope& scope, Object& state, Boolean& isCompleted)
   at Microsoft.AspNetCore.Mvc.Infrastructure.ResourceInvoker.InvokeResultFilters()
--- End of stack trace from previous location ---
   at Microsoft.AspNetCore.Mvc.Infrastructure.ResourceInvoker.<InvokeFilterPipelineAsync>g__Awaited|20_0(ResourceInvoker invoker, Task lastTask, State next, Scope scope, Object state, Boolean isCompleted)
   at Microsoft.AspNetCore.Mvc.Infrastructure.ResourceInvoker.<InvokeAsync>g__Awaited|17_0(ResourceInvoker invoker, Task task, IDisposable scope)
   at Microsoft.AspNetCore.Mvc.Infrastructure.ResourceInvoker.<InvokeAsync>g__Awaited|17_0(ResourceInvoker invoker, Task task, IDisposable scope)
   at Serilog.AspNetCore.RequestLoggingMiddleware.Invoke(HttpContext httpContext)
   at Microsoft.AspNetCore.Authorization.AuthorizationMiddleware.Invoke(HttpContext context)
   at Microsoft.AspNetCore.Authentication.AuthenticationMiddleware.Invoke(HttpContext context)
   at Swashbuckle.AspNetCore.SwaggerUI.SwaggerUIMiddleware.Invoke(HttpContext httpContext)
   at Swashbuckle.AspNetCore.Swagger.SwaggerMiddleware.Invoke(HttpContext httpContext, ISwaggerProvider swaggerProvider)
   at Serilog.AspNetCore.RequestLoggingMiddleware.Invoke(HttpContext httpContext)
2026-07-16 15:46:39.290 +05:30 [ERR] An unhandled exception has occurred while executing the request.
System.InvalidOperationException: No route matches the supplied values.
   at Microsoft.AspNetCore.Mvc.CreatedAtActionResult.OnFormatting(ActionContext context)
   at Microsoft.AspNetCore.Mvc.Infrastructure.ObjectResultExecutor.ExecuteAsyncCore(ActionContext context, ObjectResult result, Type objectType, Object value)
   at Microsoft.AspNetCore.Mvc.Infrastructure.ObjectResultExecutor.ExecuteAsync(ActionContext context, ObjectResult result)
   at Microsoft.AspNetCore.Mvc.Infrastructure.ResourceInvoker.ResultNext[TFilter,TFilterAsync](State& next, Scope& scope, Object& state, Boolean& isCompleted)
   at Microsoft.AspNetCore.Mvc.Infrastructure.ResourceInvoker.InvokeNextResultFilterAsync[TFilter,TFilterAsync]()
--- End of stack trace from previous location ---
   at Microsoft.AspNetCore.Mvc.Infrastructure.ResourceInvoker.Rethrow(ResultExecutedContextSealed context)
   at Microsoft.AspNetCore.Mvc.Infrastructure.ResourceInvoker.ResultNext[TFilter,TFilterAsync](State& next, Scope& scope, Object& state, Boolean& isCompleted)
   at Microsoft.AspNetCore.Mvc.Infrastructure.ResourceInvoker.InvokeResultFilters()
--- End of stack trace from previous location ---
   at Microsoft.AspNetCore.Mvc.Infrastructure.ResourceInvoker.<InvokeFilterPipelineAsync>g__Awaited|20_0(ResourceInvoker invoker, Task lastTask, State next, Scope scope, Object state, Boolean isCompleted)
   at Microsoft.AspNetCore.Mvc.Infrastructure.ResourceInvoker.<InvokeAsync>g__Awaited|17_0(ResourceInvoker invoker, Task task, IDisposable scope)
   at Microsoft.AspNetCore.Mvc.Infrastructure.ResourceInvoker.<InvokeAsync>g__Awaited|17_0(ResourceInvoker invoker, Task task, IDisposable scope)
   at Serilog.AspNetCore.RequestLoggingMiddleware.Invoke(HttpContext httpContext)
   at Microsoft.AspNetCore.Authorization.AuthorizationMiddleware.Invoke(HttpContext context)
   at Microsoft.AspNetCore.Authentication.AuthenticationMiddleware.Invoke(HttpContext context)
   at Swashbuckle.AspNetCore.SwaggerUI.SwaggerUIMiddleware.Invoke(HttpContext httpContext)
   at Swashbuckle.AspNetCore.Swagger.SwaggerMiddleware.Invoke(HttpContext httpContext, ISwaggerProvider swaggerProvider)
   at Serilog.AspNetCore.RequestLoggingMiddleware.Invoke(HttpContext httpContext)
   at Microsoft.AspNetCore.Diagnostics.DeveloperExceptionPageMiddlewareImpl.Invoke(HttpContext context)
2026-07-16 15:46:42.728 +05:30 [INF] HTTP OPTIONS /api/HealthRecord responded 204 in 0.1143 ms
2026-07-16 15:46:42.746 +05:30 [ERR] HTTP POST /api/HealthRecord responded 500 in 7.5430 ms
System.InvalidOperationException: No route matches the supplied values.
   at Microsoft.AspNetCore.Mvc.CreatedAtActionResult.OnFormatting(ActionContext context)
   at Microsoft.AspNetCore.Mvc.Infrastructure.ObjectResultExecutor.ExecuteAsyncCore(ActionContext context, ObjectResult result, Type objectType, Object value)
   at Microsoft.AspNetCore.Mvc.Infrastructure.ObjectResultExecutor.ExecuteAsync(ActionContext context, ObjectResult result)
   at Microsoft.AspNetCore.Mvc.Infrastructure.ResourceInvoker.ResultNext[TFilter,TFilterAsync](State& next, Scope& scope, Object& state, Boolean& isCompleted)
   at Microsoft.AspNetCore.Mvc.Infrastructure.ResourceInvoker.InvokeNextResultFilterAsync[TFilter,TFilterAsync]()
--- End of stack trace from previous location ---
   at Microsoft.AspNetCore.Mvc.Infrastructure.ResourceInvoker.Rethrow(ResultExecutedContextSealed context)
   at Microsoft.AspNetCore.Mvc.Infrastructure.ResourceInvoker.ResultNext[TFilter,TFilterAsync](State& next, Scope& scope, Object& state, Boolean& isCompleted)
   at Microsoft.AspNetCore.Mvc.Infrastructure.ResourceInvoker.InvokeResultFilters()
--- End of stack trace from previous location ---
   at Microsoft.AspNetCore.Mvc.Infrastructure.ResourceInvoker.<InvokeFilterPipelineAsync>g__Awaited|20_0(ResourceInvoker invoker, Task lastTask, State next, Scope scope, Object state, Boolean isCompleted)
   at Microsoft.AspNetCore.Mvc.Infrastructure.ResourceInvoker.<InvokeAsync>g__Awaited|17_0(ResourceInvoker invoker, Task task, IDisposable scope)
   at Microsoft.AspNetCore.Mvc.Infrastructure.ResourceInvoker.<InvokeAsync>g__Awaited|17_0(ResourceInvoker invoker, Task task, IDisposable scope)
   at Serilog.AspNetCore.RequestLoggingMiddleware.Invoke(HttpContext httpContext)
2026-07-16 15:46:42.762 +05:30 [ERR] HTTP POST /api/HealthRecord responded 500 in 23.5769 ms
System.InvalidOperationException: No route matches the supplied values.
   at Microsoft.AspNetCore.Mvc.CreatedAtActionResult.OnFormatting(ActionContext context)
   at Microsoft.AspNetCore.Mvc.Infrastructure.ObjectResultExecutor.ExecuteAsyncCore(ActionContext context, ObjectResult result, Type objectType, Object value)
   at Microsoft.AspNetCore.Mvc.Infrastructure.ObjectResultExecutor.ExecuteAsync(ActionContext context, ObjectResult result)
   at Microsoft.AspNetCore.Mvc.Infrastructure.ResourceInvoker.ResultNext[TFilter,TFilterAsync](State& next, Scope& scope, Object& state, Boolean& isCompleted)
   at Microsoft.AspNetCore.Mvc.Infrastructure.ResourceInvoker.InvokeNextResultFilterAsync[TFilter,TFilterAsync]()
--- End of stack trace from previous location ---
   at Microsoft.AspNetCore.Mvc.Infrastructure.ResourceInvoker.Rethrow(ResultExecutedContextSealed context)
   at Microsoft.AspNetCore.Mvc.Infrastructure.ResourceInvoker.ResultNext[TFilter,TFilterAsync](State& next, Scope& scope, Object& state, Boolean& isCompleted)
   at Microsoft.AspNetCore.Mvc.Infrastructure.ResourceInvoker.InvokeResultFilters()
--- End of stack trace from previous location ---
   at Microsoft.AspNetCore.Mvc.Infrastructure.ResourceInvoker.<InvokeFilterPipelineAsync>g__Awaited|20_0(ResourceInvoker invoker, Task lastTask, State next, Scope scope, Object state, Boolean isCompleted)
   at Microsoft.AspNetCore.Mvc.Infrastructure.ResourceInvoker.<InvokeAsync>g__Awaited|17_0(ResourceInvoker invoker, Task task, IDisposable scope)
   at Microsoft.AspNetCore.Mvc.Infrastructure.ResourceInvoker.<InvokeAsync>g__Awaited|17_0(ResourceInvoker invoker, Task task, IDisposable scope)
   at Serilog.AspNetCore.RequestLoggingMiddleware.Invoke(HttpContext httpContext)
   at Microsoft.AspNetCore.Authorization.AuthorizationMiddleware.Invoke(HttpContext context)
   at Microsoft.AspNetCore.Authentication.AuthenticationMiddleware.Invoke(HttpContext context)
   at Swashbuckle.AspNetCore.SwaggerUI.SwaggerUIMiddleware.Invoke(HttpContext httpContext)
   at Swashbuckle.AspNetCore.Swagger.SwaggerMiddleware.Invoke(HttpContext httpContext, ISwaggerProvider swaggerProvider)
   at Serilog.AspNetCore.RequestLoggingMiddleware.Invoke(HttpContext httpContext)
2026-07-16 15:46:42.776 +05:30 [ERR] An unhandled exception has occurred while executing the request.
System.InvalidOperationException: No route matches the supplied values.
   at Microsoft.AspNetCore.Mvc.CreatedAtActionResult.OnFormatting(ActionContext context)
   at Microsoft.AspNetCore.Mvc.Infrastructure.ObjectResultExecutor.ExecuteAsyncCore(ActionContext context, ObjectResult result, Type objectType, Object value)
   at Microsoft.AspNetCore.Mvc.Infrastructure.ObjectResultExecutor.ExecuteAsync(ActionContext context, ObjectResult result)
   at Microsoft.AspNetCore.Mvc.Infrastructure.ResourceInvoker.ResultNext[TFilter,TFilterAsync](State& next, Scope& scope, Object& state, Boolean& isCompleted)
   at Microsoft.AspNetCore.Mvc.Infrastructure.ResourceInvoker.InvokeNextResultFilterAsync[TFilter,TFilterAsync]()
--- End of stack trace from previous location ---
   at Microsoft.AspNetCore.Mvc.Infrastructure.ResourceInvoker.Rethrow(ResultExecutedContextSealed context)
   at Microsoft.AspNetCore.Mvc.Infrastructure.ResourceInvoker.ResultNext[TFilter,TFilterAsync](State& next, Scope& scope, Object& state, Boolean& isCompleted)
   at Microsoft.AspNetCore.Mvc.Infrastructure.ResourceInvoker.InvokeResultFilters()
--- End of stack trace from previous location ---
   at Microsoft.AspNetCore.Mvc.Infrastructure.ResourceInvoker.<InvokeFilterPipelineAsync>g__Awaited|20_0(ResourceInvoker invoker, Task lastTask, State next, Scope scope, Object state, Boolean isCompleted)
   at Microsoft.AspNetCore.Mvc.Infrastructure.ResourceInvoker.<InvokeAsync>g__Awaited|17_0(ResourceInvoker invoker, Task task, IDisposable scope)
   at Microsoft.AspNetCore.Mvc.Infrastructure.ResourceInvoker.<InvokeAsync>g__Awaited|17_0(ResourceInvoker invoker, Task task, IDisposable scope)
   at Serilog.AspNetCore.RequestLoggingMiddleware.Invoke(HttpContext httpContext)
   at Microsoft.AspNetCore.Authorization.AuthorizationMiddleware.Invoke(HttpContext context)
   at Microsoft.AspNetCore.Authentication.AuthenticationMiddleware.Invoke(HttpContext context)
   at Swashbuckle.AspNetCore.SwaggerUI.SwaggerUIMiddleware.Invoke(HttpContext httpContext)
   at Swashbuckle.AspNetCore.Swagger.SwaggerMiddleware.Invoke(HttpContext httpContext, ISwaggerProvider swaggerProvider)
   at Serilog.AspNetCore.RequestLoggingMiddleware.Invoke(HttpContext httpContext)
   at Microsoft.AspNetCore.Diagnostics.DeveloperExceptionPageMiddlewareImpl.Invoke(HttpContext context)
2026-07-16 15:46:48.016 +05:30 [INF] Heartbeat running at "2026-07-16T15:46:48.0165099+05:30"
2026-07-16 15:46:58.027 +05:30 [INF] Heartbeat running at "2026-07-16T15:46:58.0275856+05:30"
2026-07-16 15:47:08.035 +05:30 [INF] Heartbeat running at "2026-07-16T15:47:08.0359033+05:30"
2026-07-16 15:47:18.053 +05:30 [INF] Heartbeat running at "2026-07-16T15:47:18.0539432+05:30"
2026-07-16 15:47:28.067 +05:30 [INF] Heartbeat running at "2026-07-16T15:47:28.0673449+05:30"
2026-07-16 15:47:38.082 +05:30 [INF] Heartbeat running at "2026-07-16T15:47:38.0824526+05:30"
2026-07-16 15:47:48.092 +05:30 [INF] Heartbeat running at "2026-07-16T15:47:48.0925333+05:30"
2026-07-16 15:47:58.101 +05:30 [INF] Heartbeat running at "2026-07-16T15:47:58.1015309+05:30"
2026-07-16 15:48:08.116 +05:30 [INF] Heartbeat running at "2026-07-16T15:48:08.1160203+05:30"
2026-07-16 15:48:18.133 +05:30 [INF] Heartbeat running at "2026-07-16T15:48:18.1334674+05:30"
