2026-07-16 15:48:59.523 +05:30 [INF] Configured endpoint HealthAxis3.API.events.queue, Consumer: HealthAxis3.API.Messaging.AppointmentBookedConsumer
2026-07-16 15:49:01.550 +05:30 [INF] Heartbeat running at "2026-07-16T15:49:01.5485537+05:30"
2026-07-16 15:49:02.300 +05:30 [INF] Bus started: "rabbitmq://localhost/"
2026-07-16 15:49:02.474 +05:30 [INF] Now listening on: https://localhost:7120
2026-07-16 15:49:02.482 +05:30 [INF] Now listening on: http://localhost:5042
2026-07-16 15:49:02.606 +05:30 [INF] Application started. Press Ctrl+C to shut down.
2026-07-16 15:49:02.620 +05:30 [INF] Hosting environment: Development
2026-07-16 15:49:02.624 +05:30 [INF] Content root path: C:\Users\310054\source\repos\HealthAxis4\HealthAxis3.API
2026-07-16 15:49:11.747 +05:30 [INF] Heartbeat running at "2026-07-16T15:49:11.7472275+05:30"
2026-07-16 15:49:21.762 +05:30 [INF] Heartbeat running at "2026-07-16T15:49:21.7622551+05:30"
2026-07-16 15:49:31.769 +05:30 [INF] Heartbeat running at "2026-07-16T15:49:31.7698616+05:30"
2026-07-16 15:49:41.813 +05:30 [INF] Heartbeat running at "2026-07-16T15:49:41.7751071+05:30"
2026-07-16 15:49:43.933 +05:30 [INF] HTTP OPTIONS /api/auth/login responded 204 in 21.8103 ms
2026-07-16 15:49:44.764 +05:30 [INF] HTTP POST /api/auth/login responded 200 in 774.2162 ms
2026-07-16 15:49:44.771 +05:30 [INF] HTTP POST /api/auth/login responded 200 in 813.7751 ms
2026-07-16 15:49:45.009 +05:30 [INF] HTTP OPTIONS /api/appointment/doctor/10 responded 204 in 0.5397 ms
2026-07-16 15:49:45.009 +05:30 [INF] HTTP OPTIONS /api/Doctor/10 responded 204 in 0.4321 ms
2026-07-16 15:49:45.359 +05:30 [WRN] You do not have a valid license key for the Lucky Penny software AutoMapper. This is allowed for development and testing scenarios. If you are running in production you are required to have a licensed version. Please visit https://luckypennysoftware.com to obtain a valid license.
2026-07-16 15:49:45.510 +05:30 [INF] HTTP GET /api/Doctor/10 responded 200 in 343.5850 ms
2026-07-16 15:49:45.516 +05:30 [INF] HTTP GET /api/Doctor/10 responded 200 in 496.1439 ms
2026-07-16 15:49:45.666 +05:30 [INF] HTTP GET /api/appointment/doctor/10 responded 200 in 499.5608 ms
2026-07-16 15:49:45.672 +05:30 [INF] HTTP GET /api/appointment/doctor/10 responded 200 in 653.4551 ms
2026-07-16 15:49:51.832 +05:30 [INF] Heartbeat running at "2026-07-16T15:49:51.8318042+05:30"
2026-07-16 15:50:01.841 +05:30 [INF] Heartbeat running at "2026-07-16T15:50:01.8413561+05:30"
2026-07-16 15:50:11.858 +05:30 [INF] Heartbeat running at "2026-07-16T15:50:11.8585971+05:30"
2026-07-16 15:50:21.872 +05:30 [INF] Heartbeat running at "2026-07-16T15:50:21.8721857+05:30"
2026-07-16 15:50:22.286 +05:30 [INF] HTTP OPTIONS /api/HealthRecord responded 204 in 0.3242 ms
2026-07-16 15:50:22.636 +05:30 [INF] HTTP POST /api/HealthRecord responded 200 in 332.8878 ms
2026-07-16 15:50:22.643 +05:30 [INF] HTTP POST /api/HealthRecord responded 200 in 347.5981 ms
2026-07-16 15:50:22.651 +05:30 [INF] HTTP OPTIONS /api/appointment/5/status responded 204 in 0.1749 ms
2026-07-16 15:50:22.739 +05:30 [INF] HTTP PUT /api/appointment/5/status responded 200 in 79.3693 ms
2026-07-16 15:50:22.745 +05:30 [INF] HTTP PUT /api/appointment/5/status responded 200 in 85.6906 ms
2026-07-16 15:50:22.753 +05:30 [INF] HTTP OPTIONS /api/Doctor/10 responded 204 in 0.1104 ms
2026-07-16 15:50:22.753 +05:30 [INF] HTTP OPTIONS /api/appointment/doctor/10 responded 204 in 0.0474 ms
2026-07-16 15:50:22.768 +05:30 [INF] HTTP GET /api/Doctor/10 responded 200 in 7.3252 ms
2026-07-16 15:50:22.772 +05:30 [INF] HTTP GET /api/Doctor/10 responded 200 in 12.2101 ms
2026-07-16 15:50:22.774 +05:30 [INF] HTTP GET /api/appointment/doctor/10 responded 200 in 13.1238 ms
2026-07-16 15:50:22.780 +05:30 [INF] HTTP GET /api/appointment/doctor/10 responded 200 in 19.2579 ms
2026-07-16 15:50:31.881 +05:30 [INF] Heartbeat running at "2026-07-16T15:50:31.8815506+05:30"
2026-07-16 15:50:41.895 +05:30 [INF] Heartbeat running at "2026-07-16T15:50:41.8952652+05:30"
2026-07-16 15:50:51.913 +05:30 [INF] Heartbeat running at "2026-07-16T15:50:51.9138904+05:30"
2026-07-16 15:51:01.925 +05:30 [INF] Heartbeat running at "2026-07-16T15:51:01.9251738+05:30"
2026-07-16 15:51:11.945 +05:30 [INF] Heartbeat running at "2026-07-16T15:51:11.9459021+05:30"
2026-07-16 15:51:21.953 +05:30 [INF] Heartbeat running at "2026-07-16T15:51:21.9537023+05:30"
2026-07-16 15:51:31.972 +05:30 [INF] Heartbeat running at "2026-07-16T15:51:31.9728176+05:30"
2026-07-16 15:51:41.986 +05:30 [INF] Heartbeat running at "2026-07-16T15:51:41.9860966+05:30"
2026-07-16 15:51:52.003 +05:30 [INF] Heartbeat running at "2026-07-16T15:51:52.0038340+05:30"
2026-07-16 15:52:02.016 +05:30 [INF] Heartbeat running at "2026-07-16T15:52:02.0164948+05:30"
2026-07-16 15:52:12.024 +05:30 [INF] Heartbeat running at "2026-07-16T15:52:12.0242655+05:30"
2026-07-16 15:52:22.030 +05:30 [INF] Heartbeat running at "2026-07-16T15:52:22.0307439+05:30"
2026-07-16 15:52:32.034 +05:30 [INF] Heartbeat running at "2026-07-16T15:52:32.0342816+05:30"
2026-07-16 15:52:42.037 +05:30 [INF] Heartbeat running at "2026-07-16T15:52:42.0377522+05:30"
2026-07-16 15:52:52.055 +05:30 [INF] Heartbeat running at "2026-07-16T15:52:52.0552889+05:30"
2026-07-16 15:53:02.059 +05:30 [INF] Heartbeat running at "2026-07-16T15:53:02.0593150+05:30"
2026-07-16 15:53:12.068 +05:30 [INF] Heartbeat running at "2026-07-16T15:53:12.0685279+05:30"
2026-07-16 15:53:22.077 +05:30 [INF] Heartbeat running at "2026-07-16T15:53:22.0779262+05:30"
2026-07-16 15:53:32.086 +05:30 [INF] Heartbeat running at "2026-07-16T15:53:32.0861960+05:30"
2026-07-16 15:53:42.091 +05:30 [INF] Heartbeat running at "2026-07-16T15:53:42.0915938+05:30"
2026-07-16 15:53:52.095 +05:30 [INF] Heartbeat running at "2026-07-16T15:53:52.0951555+05:30"
2026-07-16 15:54:02.110 +05:30 [INF] Heartbeat running at "2026-07-16T15:54:02.1106290+05:30"
2026-07-16 15:54:12.132 +05:30 [INF] Heartbeat running at "2026-07-16T15:54:12.1325730+05:30"
2026-07-16 15:54:22.146 +05:30 [INF] Heartbeat running at "2026-07-16T15:54:22.1465431+05:30"
2026-07-16 15:54:32.148 +05:30 [INF] Heartbeat running at "2026-07-16T15:54:32.1488433+05:30"
2026-07-16 15:54:42.161 +05:30 [INF] Heartbeat running at "2026-07-16T15:54:42.1616746+05:30"
2026-07-16 15:54:52.166 +05:30 [INF] Heartbeat running at "2026-07-16T15:54:52.1667160+05:30"
2026-07-16 15:55:02.179 +05:30 [INF] Heartbeat running at "2026-07-16T15:55:02.1792441+05:30"
2026-07-16 15:55:12.183 +05:30 [INF] Heartbeat running at "2026-07-16T15:55:12.1836097+05:30"
2026-07-16 15:55:22.200 +05:30 [INF] Heartbeat running at "2026-07-16T15:55:22.2003937+05:30"
2026-07-16 15:55:32.207 +05:30 [INF] Heartbeat running at "2026-07-16T15:55:32.2078501+05:30"
2026-07-16 15:55:42.230 +05:30 [INF] Heartbeat running at "2026-07-16T15:55:42.2303631+05:30"
2026-07-16 15:55:48.199 +05:30 [INF] HTTP OPTIONS /api/auth/login responded 204 in 0.2141 ms
2026-07-16 15:55:48.369 +05:30 [INF] HTTP POST /api/auth/login responded 200 in 162.7106 ms
2026-07-16 15:55:48.376 +05:30 [INF] HTTP POST /api/auth/login responded 200 in 169.4726 ms
2026-07-16 15:55:48.416 +05:30 [INF] HTTP OPTIONS /api/Doctor responded 204 in 0.1183 ms
2026-07-16 15:55:48.416 +05:30 [INF] HTTP OPTIONS /api/appointment/patient/8 responded 204 in 0.1027 ms
2026-07-16 15:55:48.499 +05:30 [INF] HTTP GET /api/appointment/patient/8 responded 200 in 35.8538 ms
2026-07-16 15:55:48.505 +05:30 [INF] HTTP GET /api/appointment/patient/8 responded 200 in 42.1026 ms
2026-07-16 15:55:48.804 +05:30 [INF] Search doctors cache validated. CacheKey: doctors:all
2026-07-16 15:55:48.830 +05:30 [INF] HTTP GET /api/Doctor responded 200 in 405.1951 ms
2026-07-16 15:55:48.834 +05:30 [INF] HTTP GET /api/Doctor responded 200 in 410.9856 ms
2026-07-16 15:55:52.238 +05:30 [INF] Heartbeat running at "2026-07-16T15:55:52.2387614+05:30"
2026-07-16 15:56:02.248 +05:30 [INF] Heartbeat running at "2026-07-16T15:56:02.2480802+05:30"
2026-07-16 15:56:12.253 +05:30 [INF] Heartbeat running at "2026-07-16T15:56:12.2533407+05:30"
2026-07-16 15:56:22.256 +05:30 [INF] Heartbeat running at "2026-07-16T15:56:22.2566037+05:30"
2026-07-16 15:56:32.262 +05:30 [INF] Heartbeat running at "2026-07-16T15:56:32.2627045+05:30"
2026-07-16 15:56:42.276 +05:30 [INF] Heartbeat running at "2026-07-16T15:56:42.2759496+05:30"
2026-07-16 15:56:52.291 +05:30 [INF] Heartbeat running at "2026-07-16T15:56:52.2912482+05:30"
2026-07-16 15:57:02.300 +05:30 [INF] Heartbeat running at "2026-07-16T15:57:02.3004299+05:30"
2026-07-16 15:57:12.310 +05:30 [INF] Heartbeat running at "2026-07-16T15:57:12.3108765+05:30"
2026-07-16 15:57:22.322 +05:30 [INF] Heartbeat running at "2026-07-16T15:57:22.3227399+05:30"
2026-07-16 15:57:31.006 +05:30 [INF] HTTP OPTIONS /api/Patient/8 responded 204 in 0.1696 ms
2026-07-16 15:57:31.051 +05:30 [INF] HTTP GET /api/Patient/8 responded 200 in 31.2044 ms
2026-07-16 15:57:31.057 +05:30 [INF] HTTP GET /api/Patient/8 responded 200 in 38.8267 ms
2026-07-16 15:57:32.331 +05:30 [INF] Heartbeat running at "2026-07-16T15:57:32.3318693+05:30"
2026-07-16 15:57:42.347 +05:30 [INF] Heartbeat running at "2026-07-16T15:57:42.3477848+05:30"
2026-07-16 15:57:52.363 +05:30 [INF] Heartbeat running at "2026-07-16T15:57:52.3630162+05:30"
2026-07-16 15:58:02.370 +05:30 [INF] Heartbeat running at "2026-07-16T15:58:02.3708598+05:30"
2026-07-16 15:58:12.385 +05:30 [INF] Heartbeat running at "2026-07-16T15:58:12.3859015+05:30"
2026-07-16 15:58:22.397 +05:30 [INF] Heartbeat running at "2026-07-16T15:58:22.3974883+05:30"
2026-07-16 15:58:32.409 +05:30 [INF] Heartbeat running at "2026-07-16T15:58:32.4097294+05:30"
2026-07-16 15:58:42.516 +05:30 [INF] Heartbeat running at "2026-07-16T15:58:42.5167543+05:30"
2026-07-16 15:58:52.542 +05:30 [INF] Heartbeat running at "2026-07-16T15:58:52.5427800+05:30"
2026-07-16 15:59:02.552 +05:30 [INF] Heartbeat running at "2026-07-16T15:59:02.5522373+05:30"
2026-07-16 15:59:12.568 +05:30 [INF] Heartbeat running at "2026-07-16T15:59:12.5686954+05:30"
2026-07-16 15:59:22.569 +05:30 [INF] Heartbeat running at "2026-07-16T15:59:22.5691402+05:30"
2026-07-16 15:59:32.577 +05:30 [INF] Heartbeat running at "2026-07-16T15:59:32.5771034+05:30"
2026-07-16 15:59:42.592 +05:30 [INF] Heartbeat running at "2026-07-16T15:59:42.5927954+05:30"
2026-07-16 15:59:52.603 +05:30 [INF] Heartbeat running at "2026-07-16T15:59:52.6036303+05:30"
2026-07-16 16:00:02.616 +05:30 [INF] Heartbeat running at "2026-07-16T16:00:02.6165032+05:30"
2026-07-16 16:00:12.623 +05:30 [INF] Heartbeat running at "2026-07-16T16:00:12.6233313+05:30"
2026-07-16 16:00:22.627 +05:30 [INF] Heartbeat running at "2026-07-16T16:00:22.6276987+05:30"
2026-07-16 16:00:32.635 +05:30 [INF] Heartbeat running at "2026-07-16T16:00:32.6352628+05:30"
2026-07-16 16:00:42.642 +05:30 [INF] Heartbeat running at "2026-07-16T16:00:42.6424635+05:30"
2026-07-16 16:00:52.661 +05:30 [INF] Heartbeat running at "2026-07-16T16:00:52.6616758+05:30"
2026-07-16 16:01:02.668 +05:30 [INF] Heartbeat running at "2026-07-16T16:01:02.6688598+05:30"
2026-07-16 16:01:12.676 +05:30 [INF] Heartbeat running at "2026-07-16T16:01:12.6763454+05:30"
2026-07-16 16:01:22.691 +05:30 [INF] Heartbeat running at "2026-07-16T16:01:22.6912547+05:30"
2026-07-16 16:01:32.700 +05:30 [INF] Heartbeat running at "2026-07-16T16:01:32.7000943+05:30"
2026-07-16 16:01:42.716 +05:30 [INF] Heartbeat running at "2026-07-16T16:01:42.7167384+05:30"
2026-07-16 16:01:52.752 +05:30 [INF] Heartbeat running at "2026-07-16T16:01:52.7526583+05:30"
2026-07-16 16:02:02.758 +05:30 [INF] Heartbeat running at "2026-07-16T16:02:02.7582166+05:30"
2026-07-16 16:02:12.767 +05:30 [INF] Heartbeat running at "2026-07-16T16:02:12.7674488+05:30"
2026-07-16 16:02:22.780 +05:30 [INF] Heartbeat running at "2026-07-16T16:02:22.7805354+05:30"
2026-07-16 16:02:32.786 +05:30 [INF] Heartbeat running at "2026-07-16T16:02:32.7864105+05:30"
2026-07-16 16:02:42.794 +05:30 [INF] Heartbeat running at "2026-07-16T16:02:42.7945430+05:30"
2026-07-16 16:02:52.803 +05:30 [INF] Heartbeat running at "2026-07-16T16:02:52.8035316+05:30"
2026-07-16 16:03:02.811 +05:30 [INF] Heartbeat running at "2026-07-16T16:03:02.8113884+05:30"
2026-07-16 16:03:12.818 +05:30 [INF] Heartbeat running at "2026-07-16T16:03:12.8181467+05:30"
2026-07-16 16:03:22.827 +05:30 [INF] Heartbeat running at "2026-07-16T16:03:22.8273973+05:30"
2026-07-16 16:03:32.844 +05:30 [INF] Heartbeat running at "2026-07-16T16:03:32.8445672+05:30"
2026-07-16 16:03:42.856 +05:30 [INF] Heartbeat running at "2026-07-16T16:03:42.8564099+05:30"
2026-07-16 16:03:52.865 +05:30 [INF] Heartbeat running at "2026-07-16T16:03:52.8651608+05:30"
2026-07-16 16:04:02.875 +05:30 [INF] Heartbeat running at "2026-07-16T16:04:02.8752725+05:30"
2026-07-16 16:04:12.886 +05:30 [INF] Heartbeat running at "2026-07-16T16:04:12.8862623+05:30"
2026-07-16 16:04:22.900 +05:30 [INF] Heartbeat running at "2026-07-16T16:04:22.9002033+05:30"
2026-07-16 16:04:32.907 +05:30 [INF] Heartbeat running at "2026-07-16T16:04:32.9079116+05:30"
2026-07-16 16:04:42.919 +05:30 [INF] Heartbeat running at "2026-07-16T16:04:42.9198453+05:30"
2026-07-16 16:04:52.925 +05:30 [INF] Heartbeat running at "2026-07-16T16:04:52.9255111+05:30"
2026-07-16 16:05:02.943 +05:30 [INF] Heartbeat running at "2026-07-16T16:05:02.9429940+05:30"
2026-07-16 16:05:12.956 +05:30 [INF] Heartbeat running at "2026-07-16T16:05:12.9562066+05:30"
2026-07-16 16:05:22.962 +05:30 [INF] Heartbeat running at "2026-07-16T16:05:22.9618895+05:30"
2026-07-16 16:05:32.972 +05:30 [INF] Heartbeat running at "2026-07-16T16:05:32.9722137+05:30"
2026-07-16 16:05:42.989 +05:30 [INF] Heartbeat running at "2026-07-16T16:05:42.9897291+05:30"
2026-07-16 16:05:53.003 +05:30 [INF] Heartbeat running at "2026-07-16T16:05:53.0035615+05:30"
2026-07-16 16:06:03.013 +05:30 [INF] Heartbeat running at "2026-07-16T16:06:03.0131653+05:30"
2026-07-16 16:06:13.033 +05:30 [INF] Heartbeat running at "2026-07-16T16:06:13.0332180+05:30"
2026-07-16 16:06:23.048 +05:30 [INF] Heartbeat running at "2026-07-16T16:06:23.0482408+05:30"
2026-07-16 16:06:33.057 +05:30 [INF] Heartbeat running at "2026-07-16T16:06:33.0574351+05:30"
2026-07-16 16:06:43.072 +05:30 [INF] Heartbeat running at "2026-07-16T16:06:43.0729524+05:30"
2026-07-16 16:06:53.087 +05:30 [INF] Heartbeat running at "2026-07-16T16:06:53.0876749+05:30"
2026-07-16 16:07:03.096 +05:30 [INF] Heartbeat running at "2026-07-16T16:07:03.0968249+05:30"
2026-07-16 16:07:13.107 +05:30 [INF] Heartbeat running at "2026-07-16T16:07:13.1076946+05:30"
2026-07-16 16:07:23.123 +05:30 [INF] Heartbeat running at "2026-07-16T16:07:23.1237176+05:30"
2026-07-16 16:07:33.138 +05:30 [INF] Heartbeat running at "2026-07-16T16:07:33.1381304+05:30"
2026-07-16 16:07:43.145 +05:30 [INF] Heartbeat running at "2026-07-16T16:07:43.1452801+05:30"
2026-07-16 16:07:53.155 +05:30 [INF] Heartbeat running at "2026-07-16T16:07:53.1558320+05:30"
2026-07-16 16:08:03.170 +05:30 [INF] Heartbeat running at "2026-07-16T16:08:03.1705610+05:30"
2026-07-16 16:08:13.183 +05:30 [INF] Heartbeat running at "2026-07-16T16:08:13.1838102+05:30"
2026-07-16 16:08:23.194 +05:30 [INF] Heartbeat running at "2026-07-16T16:08:23.1947463+05:30"
2026-07-16 16:08:33.214 +05:30 [INF] Heartbeat running at "2026-07-16T16:08:33.2149660+05:30"
2026-07-16 16:08:43.221 +05:30 [INF] Heartbeat running at "2026-07-16T16:08:43.2214469+05:30"
2026-07-16 16:08:53.226 +05:30 [INF] Heartbeat running at "2026-07-16T16:08:53.2264086+05:30"
2026-07-16 16:09:03.229 +05:30 [INF] Heartbeat running at "2026-07-16T16:09:03.2293733+05:30"
2026-07-16 16:09:13.240 +05:30 [INF] Heartbeat running at "2026-07-16T16:09:13.2405625+05:30"
2026-07-16 16:09:23.257 +05:30 [INF] Heartbeat running at "2026-07-16T16:09:23.2578619+05:30"
2026-07-16 16:09:33.269 +05:30 [INF] Heartbeat running at "2026-07-16T16:09:33.2692536+05:30"
2026-07-16 16:09:43.280 +05:30 [INF] Heartbeat running at "2026-07-16T16:09:43.2805068+05:30"
2026-07-16 16:09:53.289 +05:30 [INF] Heartbeat running at "2026-07-16T16:09:53.2896340+05:30"
2026-07-16 16:10:03.298 +05:30 [INF] Heartbeat running at "2026-07-16T16:10:03.2986855+05:30"
2026-07-16 16:10:13.310 +05:30 [INF] Heartbeat running at "2026-07-16T16:10:13.3106842+05:30"
2026-07-16 16:10:23.330 +05:30 [INF] Heartbeat running at "2026-07-16T16:10:23.3300227+05:30"
2026-07-16 16:10:33.335 +05:30 [INF] Heartbeat running at "2026-07-16T16:10:33.3356380+05:30"
2026-07-16 16:10:43.345 +05:30 [INF] Heartbeat running at "2026-07-16T16:10:43.3458444+05:30"
2026-07-16 16:10:53.359 +05:30 [INF] Heartbeat running at "2026-07-16T16:10:53.3597602+05:30"
2026-07-16 16:11:03.374 +05:30 [INF] Heartbeat running at "2026-07-16T16:11:03.3747227+05:30"
2026-07-16 16:11:13.391 +05:30 [INF] Heartbeat running at "2026-07-16T16:11:13.3912003+05:30"
2026-07-16 16:11:23.406 +05:30 [INF] Heartbeat running at "2026-07-16T16:11:23.4062482+05:30"
2026-07-16 16:11:33.415 +05:30 [INF] Heartbeat running at "2026-07-16T16:11:33.4153708+05:30"
2026-07-16 16:11:43.425 +05:30 [INF] Heartbeat running at "2026-07-16T16:11:43.4249927+05:30"
2026-07-16 16:11:53.432 +05:30 [INF] Heartbeat running at "2026-07-16T16:11:53.4323743+05:30"
2026-07-16 16:12:03.441 +05:30 [INF] Heartbeat running at "2026-07-16T16:12:03.4411411+05:30"
2026-07-16 16:12:13.457 +05:30 [INF] Heartbeat running at "2026-07-16T16:12:13.4576458+05:30"
2026-07-16 16:12:23.464 +05:30 [INF] Heartbeat running at "2026-07-16T16:12:23.4649451+05:30"
2026-07-16 16:12:33.482 +05:30 [INF] Heartbeat running at "2026-07-16T16:12:33.4822246+05:30"
2026-07-16 16:12:43.500 +05:30 [INF] Heartbeat running at "2026-07-16T16:12:43.5009748+05:30"
2026-07-16 16:12:53.507 +05:30 [INF] Heartbeat running at "2026-07-16T16:12:53.5077815+05:30"
2026-07-16 16:13:03.516 +05:30 [INF] Heartbeat running at "2026-07-16T16:13:03.5159867+05:30"
2026-07-16 16:13:13.526 +05:30 [INF] Heartbeat running at "2026-07-16T16:13:13.5262573+05:30"
2026-07-16 16:13:23.530 +05:30 [INF] Heartbeat running at "2026-07-16T16:13:23.5305508+05:30"
2026-07-16 16:13:33.545 +05:30 [INF] Heartbeat running at "2026-07-16T16:13:33.5451689+05:30"
2026-07-16 16:13:43.560 +05:30 [INF] Heartbeat running at "2026-07-16T16:13:43.5604463+05:30"
2026-07-16 16:13:53.580 +05:30 [INF] Heartbeat running at "2026-07-16T16:13:53.5806932+05:30"
2026-07-16 16:14:03.592 +05:30 [INF] Heartbeat running at "2026-07-16T16:14:03.5929074+05:30"
2026-07-16 16:14:13.610 +05:30 [INF] Heartbeat running at "2026-07-16T16:14:13.6100491+05:30"
2026-07-16 16:14:23.622 +05:30 [INF] Heartbeat running at "2026-07-16T16:14:23.6227917+05:30"
2026-07-16 16:14:33.638 +05:30 [INF] Heartbeat running at "2026-07-16T16:14:33.6383645+05:30"
2026-07-16 16:14:43.651 +05:30 [INF] Heartbeat running at "2026-07-16T16:14:43.6512438+05:30"
2026-07-16 16:14:53.667 +05:30 [INF] Heartbeat running at "2026-07-16T16:14:53.6677382+05:30"
2026-07-16 16:15:03.683 +05:30 [INF] Heartbeat running at "2026-07-16T16:15:03.6836028+05:30"
2026-07-16 16:15:13.689 +05:30 [INF] Heartbeat running at "2026-07-16T16:15:13.6898426+05:30"
2026-07-16 16:15:23.707 +05:30 [INF] Heartbeat running at "2026-07-16T16:15:23.7079329+05:30"
2026-07-16 16:15:33.715 +05:30 [INF] Heartbeat running at "2026-07-16T16:15:33.7155700+05:30"
2026-07-16 16:15:43.725 +05:30 [INF] Heartbeat running at "2026-07-16T16:15:43.7251124+05:30"
2026-07-16 16:15:53.742 +05:30 [INF] Heartbeat running at "2026-07-16T16:15:53.7422970+05:30"
2026-07-16 16:16:03.746 +05:30 [INF] Heartbeat running at "2026-07-16T16:16:03.7468027+05:30"
2026-07-16 16:16:13.755 +05:30 [INF] Heartbeat running at "2026-07-16T16:16:13.7550075+05:30"
2026-07-16 16:16:23.758 +05:30 [INF] Heartbeat running at "2026-07-16T16:16:23.7586639+05:30"
2026-07-16 16:16:33.771 +05:30 [INF] Heartbeat running at "2026-07-16T16:16:33.7711946+05:30"
2026-07-16 16:16:43.786 +05:30 [INF] Heartbeat running at "2026-07-16T16:16:43.7861697+05:30"
2026-07-16 16:16:53.800 +05:30 [INF] Heartbeat running at "2026-07-16T16:16:53.8001473+05:30"
2026-07-16 16:17:03.806 +05:30 [INF] Heartbeat running at "2026-07-16T16:17:03.8062405+05:30"
2026-07-16 16:17:13.827 +05:30 [INF] Heartbeat running at "2026-07-16T16:17:13.8278205+05:30"
2026-07-16 16:17:23.843 +05:30 [INF] Heartbeat running at "2026-07-16T16:17:23.8431915+05:30"
2026-07-16 16:17:33.844 +05:30 [INF] Heartbeat running at "2026-07-16T16:17:33.8442728+05:30"
2026-07-16 16:17:43.859 +05:30 [INF] Heartbeat running at "2026-07-16T16:17:43.8598085+05:30"
2026-07-16 16:17:53.872 +05:30 [INF] Heartbeat running at "2026-07-16T16:17:53.8728603+05:30"
2026-07-16 16:18:03.885 +05:30 [INF] Heartbeat running at "2026-07-16T16:18:03.8855626+05:30"
2026-07-16 16:18:13.900 +05:30 [INF] Heartbeat running at "2026-07-16T16:18:13.9005012+05:30"
2026-07-16 16:18:23.908 +05:30 [INF] Heartbeat running at "2026-07-16T16:18:23.9084118+05:30"
2026-07-16 16:18:33.915 +05:30 [INF] Heartbeat running at "2026-07-16T16:18:33.9151456+05:30"
2026-07-16 16:18:44.005 +05:30 [INF] Heartbeat running at "2026-07-16T16:18:44.0058617+05:30"
2026-07-16 16:18:54.023 +05:30 [INF] Heartbeat running at "2026-07-16T16:18:54.0236838+05:30"
2026-07-16 16:19:04.028 +05:30 [INF] Heartbeat running at "2026-07-16T16:19:04.0285888+05:30"
2026-07-16 16:19:14.047 +05:30 [INF] Heartbeat running at "2026-07-16T16:19:14.0477637+05:30"
2026-07-16 16:19:24.048 +05:30 [INF] Heartbeat running at "2026-07-16T16:19:24.0481081+05:30"
2026-07-16 16:19:34.062 +05:30 [INF] Heartbeat running at "2026-07-16T16:19:34.0620483+05:30"
2026-07-16 16:19:44.066 +05:30 [INF] Heartbeat running at "2026-07-16T16:19:44.0659791+05:30"
2026-07-16 16:19:54.066 +05:30 [INF] Heartbeat running at "2026-07-16T16:19:54.0662398+05:30"
2026-07-16 16:20:04.079 +05:30 [INF] Heartbeat running at "2026-07-16T16:20:04.0790302+05:30"
2026-07-16 16:20:14.092 +05:30 [INF] Heartbeat running at "2026-07-16T16:20:14.0919893+05:30"
2026-07-16 16:20:24.098 +05:30 [INF] Heartbeat running at "2026-07-16T16:20:24.0981925+05:30"
2026-07-16 16:20:34.100 +05:30 [INF] Heartbeat running at "2026-07-16T16:20:34.1006735+05:30"
2026-07-16 16:20:44.102 +05:30 [INF] Heartbeat running at "2026-07-16T16:20:44.1027167+05:30"
2026-07-16 16:20:54.114 +05:30 [INF] Heartbeat running at "2026-07-16T16:20:54.1149016+05:30"
2026-07-16 16:21:04.119 +05:30 [INF] Heartbeat running at "2026-07-16T16:21:04.1196416+05:30"
2026-07-16 16:21:14.134 +05:30 [INF] Heartbeat running at "2026-07-16T16:21:14.1341359+05:30"
2026-07-16 16:21:24.146 +05:30 [INF] Heartbeat running at "2026-07-16T16:21:24.1461462+05:30"
2026-07-16 16:21:34.160 +05:30 [INF] Heartbeat running at "2026-07-16T16:21:34.1609034+05:30"
2026-07-16 16:21:44.173 +05:30 [INF] Heartbeat running at "2026-07-16T16:21:44.1733989+05:30"
2026-07-16 16:21:54.184 +05:30 [INF] Heartbeat running at "2026-07-16T16:21:54.1842596+05:30"
2026-07-16 16:22:04.195 +05:30 [INF] Heartbeat running at "2026-07-16T16:22:04.1954730+05:30"
2026-07-16 16:22:14.206 +05:30 [INF] Heartbeat running at "2026-07-16T16:22:14.2060295+05:30"
2026-07-16 16:22:24.213 +05:30 [INF] Heartbeat running at "2026-07-16T16:22:24.2139010+05:30"
2026-07-16 16:22:34.235 +05:30 [INF] Heartbeat running at "2026-07-16T16:22:34.2355796+05:30"
2026-07-16 16:22:44.249 +05:30 [INF] Heartbeat running at "2026-07-16T16:22:44.2495350+05:30"
2026-07-16 16:22:54.294 +05:30 [INF] Heartbeat running at "2026-07-16T16:22:54.2940847+05:30"
2026-07-16 16:23:04.309 +05:30 [INF] Heartbeat running at "2026-07-16T16:23:04.3099150+05:30"
2026-07-16 16:23:14.325 +05:30 [INF] Heartbeat running at "2026-07-16T16:23:14.3255859+05:30"
2026-07-16 16:23:24.331 +05:30 [INF] Heartbeat running at "2026-07-16T16:23:24.3316625+05:30"
2026-07-16 16:23:34.349 +05:30 [INF] Heartbeat running at "2026-07-16T16:23:34.3491436+05:30"
2026-07-16 16:23:44.357 +05:30 [INF] Heartbeat running at "2026-07-16T16:23:44.3571160+05:30"
2026-07-16 16:23:54.370 +05:30 [INF] Heartbeat running at "2026-07-16T16:23:54.3705127+05:30"
2026-07-16 16:24:04.382 +05:30 [INF] Heartbeat running at "2026-07-16T16:24:04.3829152+05:30"
2026-07-16 16:24:14.387 +05:30 [INF] Heartbeat running at "2026-07-16T16:24:14.3870856+05:30"
2026-07-16 16:24:24.399 +05:30 [INF] Heartbeat running at "2026-07-16T16:24:24.3999705+05:30"
2026-07-16 16:24:34.404 +05:30 [INF] Heartbeat running at "2026-07-16T16:24:34.4049239+05:30"
2026-07-16 16:24:44.419 +05:30 [INF] Heartbeat running at "2026-07-16T16:24:44.4199345+05:30"
2026-07-16 16:24:54.440 +05:30 [INF] Heartbeat running at "2026-07-16T16:24:54.4408406+05:30"
2026-07-16 16:25:04.444 +05:30 [INF] Heartbeat running at "2026-07-16T16:25:04.4449042+05:30"
2026-07-16 16:25:14.459 +05:30 [INF] Heartbeat running at "2026-07-16T16:25:14.4593270+05:30"
2026-07-16 16:25:24.470 +05:30 [INF] Heartbeat running at "2026-07-16T16:25:24.4708835+05:30"
2026-07-16 16:25:34.490 +05:30 [INF] Heartbeat running at "2026-07-16T16:25:34.4900011+05:30"
2026-07-16 16:25:44.503 +05:30 [INF] Heartbeat running at "2026-07-16T16:25:44.5033839+05:30"
2026-07-16 16:25:54.510 +05:30 [INF] Heartbeat running at "2026-07-16T16:25:54.5104888+05:30"
2026-07-16 16:26:04.516 +05:30 [INF] Heartbeat running at "2026-07-16T16:26:04.5168780+05:30"
2026-07-16 16:26:14.525 +05:30 [INF] Heartbeat running at "2026-07-16T16:26:14.5254595+05:30"
2026-07-16 16:26:24.543 +05:30 [INF] Heartbeat running at "2026-07-16T16:26:24.5433713+05:30"
2026-07-16 16:26:34.562 +05:30 [INF] Heartbeat running at "2026-07-16T16:26:34.5624957+05:30"
2026-07-16 16:26:44.577 +05:30 [INF] Heartbeat running at "2026-07-16T16:26:44.5771845+05:30"
2026-07-16 16:26:54.598 +05:30 [INF] Heartbeat running at "2026-07-16T16:26:54.5980565+05:30"
2026-07-16 16:27:04.607 +05:30 [INF] Heartbeat running at "2026-07-16T16:27:04.6071400+05:30"
2026-07-16 16:27:14.622 +05:30 [INF] Heartbeat running at "2026-07-16T16:27:14.6222214+05:30"
2026-07-16 16:27:24.640 +05:30 [INF] Heartbeat running at "2026-07-16T16:27:24.6402262+05:30"
2026-07-16 16:27:34.656 +05:30 [INF] Heartbeat running at "2026-07-16T16:27:34.6567825+05:30"
2026-07-16 16:27:44.672 +05:30 [INF] Heartbeat running at "2026-07-16T16:27:44.6724907+05:30"
2026-07-16 16:27:54.679 +05:30 [INF] Heartbeat running at "2026-07-16T16:27:54.6797101+05:30"
2026-07-16 16:28:04.686 +05:30 [INF] Heartbeat running at "2026-07-16T16:28:04.6862929+05:30"
2026-07-16 16:28:14.700 +05:30 [INF] Heartbeat running at "2026-07-16T16:28:14.7000224+05:30"
2026-07-16 16:28:24.718 +05:30 [INF] Heartbeat running at "2026-07-16T16:28:24.7183691+05:30"
2026-07-16 16:28:34.733 +05:30 [INF] Heartbeat running at "2026-07-16T16:28:34.7336936+05:30"
2026-07-16 16:28:44.743 +05:30 [INF] Heartbeat running at "2026-07-16T16:28:44.7434545+05:30"
2026-07-16 16:28:54.757 +05:30 [INF] Heartbeat running at "2026-07-16T16:28:54.7570925+05:30"
2026-07-16 16:29:04.774 +05:30 [INF] Heartbeat running at "2026-07-16T16:29:04.7749529+05:30"
2026-07-16 16:29:14.790 +05:30 [INF] Heartbeat running at "2026-07-16T16:29:14.7900521+05:30"
2026-07-16 16:29:24.798 +05:30 [INF] Heartbeat running at "2026-07-16T16:29:24.7983435+05:30"
2026-07-16 16:29:34.817 +05:30 [INF] Heartbeat running at "2026-07-16T16:29:34.8179188+05:30"
2026-07-16 16:29:44.833 +05:30 [INF] Heartbeat running at "2026-07-16T16:29:44.8329960+05:30"
2026-07-16 16:29:54.844 +05:30 [INF] Heartbeat running at "2026-07-16T16:29:54.8443724+05:30"
2026-07-16 16:30:04.850 +05:30 [INF] Heartbeat running at "2026-07-16T16:30:04.8503689+05:30"
2026-07-16 16:30:14.861 +05:30 [INF] Heartbeat running at "2026-07-16T16:30:14.8615278+05:30"
2026-07-16 16:30:24.865 +05:30 [INF] Heartbeat running at "2026-07-16T16:30:24.8652984+05:30"
2026-07-16 16:30:34.873 +05:30 [INF] Heartbeat running at "2026-07-16T16:30:34.8732905+05:30"
2026-07-16 16:30:44.889 +05:30 [INF] Heartbeat running at "2026-07-16T16:30:44.8898622+05:30"
2026-07-16 16:30:54.894 +05:30 [INF] Heartbeat running at "2026-07-16T16:30:54.8945891+05:30"
2026-07-16 16:31:04.903 +05:30 [INF] Heartbeat running at "2026-07-16T16:31:04.9032351+05:30"
2026-07-16 16:31:14.911 +05:30 [INF] Heartbeat running at "2026-07-16T16:31:14.9109848+05:30"
2026-07-16 16:31:24.918 +05:30 [INF] Heartbeat running at "2026-07-16T16:31:24.9186818+05:30"
2026-07-16 16:31:34.932 +05:30 [INF] Heartbeat running at "2026-07-16T16:31:34.9321321+05:30"
2026-07-16 16:31:44.948 +05:30 [INF] Heartbeat running at "2026-07-16T16:31:44.9481800+05:30"
2026-07-16 16:31:54.962 +05:30 [INF] Heartbeat running at "2026-07-16T16:31:54.9627271+05:30"
2026-07-16 16:32:04.969 +05:30 [INF] Heartbeat running at "2026-07-16T16:32:04.9698742+05:30"
2026-07-16 16:32:14.984 +05:30 [INF] Heartbeat running at "2026-07-16T16:32:14.9847453+05:30"
2026-07-16 16:32:25.004 +05:30 [INF] Heartbeat running at "2026-07-16T16:32:25.0043543+05:30"
2026-07-16 16:32:35.019 +05:30 [INF] Heartbeat running at "2026-07-16T16:32:35.0193004+05:30"
2026-07-16 16:32:45.026 +05:30 [INF] Heartbeat running at "2026-07-16T16:32:45.0259891+05:30"
2026-07-16 16:32:55.039 +05:30 [INF] Heartbeat running at "2026-07-16T16:32:55.0390931+05:30"
2026-07-16 16:33:05.056 +05:30 [INF] Heartbeat running at "2026-07-16T16:33:05.0568829+05:30"
2026-07-16 16:33:15.066 +05:30 [INF] Heartbeat running at "2026-07-16T16:33:15.0660994+05:30"
2026-07-16 16:33:25.077 +05:30 [INF] Heartbeat running at "2026-07-16T16:33:25.0772904+05:30"
2026-07-16 16:33:35.087 +05:30 [INF] Heartbeat running at "2026-07-16T16:33:35.0878536+05:30"
2026-07-16 16:33:45.097 +05:30 [INF] Heartbeat running at "2026-07-16T16:33:45.0974430+05:30"
2026-07-16 16:33:55.110 +05:30 [INF] Heartbeat running at "2026-07-16T16:33:55.1107040+05:30"
2026-07-16 16:34:05.129 +05:30 [INF] Heartbeat running at "2026-07-16T16:34:05.1295645+05:30"
2026-07-16 16:34:15.145 +05:30 [INF] Heartbeat running at "2026-07-16T16:34:15.1455790+05:30"
2026-07-16 16:34:25.162 +05:30 [INF] Heartbeat running at "2026-07-16T16:34:25.1627390+05:30"
2026-07-16 16:34:35.173 +05:30 [INF] Heartbeat running at "2026-07-16T16:34:35.1738113+05:30"
2026-07-16 16:34:45.187 +05:30 [INF] Heartbeat running at "2026-07-16T16:34:45.1877679+05:30"
2026-07-16 16:34:55.205 +05:30 [INF] Heartbeat running at "2026-07-16T16:34:55.2057794+05:30"
2026-07-16 16:35:05.224 +05:30 [INF] Heartbeat running at "2026-07-16T16:35:05.2244856+05:30"
2026-07-16 16:35:15.240 +05:30 [INF] Heartbeat running at "2026-07-16T16:35:15.2400527+05:30"
2026-07-16 16:35:25.248 +05:30 [INF] Heartbeat running at "2026-07-16T16:35:25.2484638+05:30"
2026-07-16 16:35:35.257 +05:30 [INF] Heartbeat running at "2026-07-16T16:35:35.2569659+05:30"
2026-07-16 16:35:45.263 +05:30 [INF] Heartbeat running at "2026-07-16T16:35:45.2637491+05:30"
2026-07-16 16:35:55.278 +05:30 [INF] Heartbeat running at "2026-07-16T16:35:55.2786515+05:30"
2026-07-16 16:36:05.290 +05:30 [INF] Heartbeat running at "2026-07-16T16:36:05.2903211+05:30"
2026-07-16 16:36:15.308 +05:30 [INF] Heartbeat running at "2026-07-16T16:36:15.3086460+05:30"
2026-07-16 16:36:25.326 +05:30 [INF] Heartbeat running at "2026-07-16T16:36:25.3265194+05:30"
2026-07-16 16:36:35.342 +05:30 [INF] Heartbeat running at "2026-07-16T16:36:35.3426772+05:30"
2026-07-16 16:36:45.358 +05:30 [INF] Heartbeat running at "2026-07-16T16:36:45.3580136+05:30"
2026-07-16 16:36:55.374 +05:30 [INF] Heartbeat running at "2026-07-16T16:36:55.3741579+05:30"
2026-07-16 16:37:05.382 +05:30 [INF] Heartbeat running at "2026-07-16T16:37:05.3823117+05:30"
2026-07-16 16:37:15.399 +05:30 [INF] Heartbeat running at "2026-07-16T16:37:15.3996052+05:30"
2026-07-16 16:37:25.412 +05:30 [INF] Heartbeat running at "2026-07-16T16:37:25.4121802+05:30"
2026-07-16 16:37:35.425 +05:30 [INF] Heartbeat running at "2026-07-16T16:37:35.4259237+05:30"
2026-07-16 16:37:45.449 +05:30 [INF] Heartbeat running at "2026-07-16T16:37:45.4498891+05:30"
2026-07-16 16:37:55.452 +05:30 [INF] Heartbeat running at "2026-07-16T16:37:55.4523596+05:30"
2026-07-16 16:38:05.473 +05:30 [INF] Heartbeat running at "2026-07-16T16:38:05.4733924+05:30"
2026-07-16 16:38:15.526 +05:30 [INF] Heartbeat running at "2026-07-16T16:38:15.5265977+05:30"
2026-07-16 16:38:25.543 +05:30 [INF] Heartbeat running at "2026-07-16T16:38:25.5438285+05:30"
2026-07-16 16:38:35.551 +05:30 [INF] Heartbeat running at "2026-07-16T16:38:35.5512091+05:30"
2026-07-16 16:38:45.565 +05:30 [INF] Heartbeat running at "2026-07-16T16:38:45.5658283+05:30"
2026-07-16 16:38:55.581 +05:30 [INF] Heartbeat running at "2026-07-16T16:38:55.5818749+05:30"
2026-07-16 16:39:05.593 +05:30 [INF] Heartbeat running at "2026-07-16T16:39:05.5930810+05:30"
2026-07-16 16:39:15.603 +05:30 [INF] Heartbeat running at "2026-07-16T16:39:15.6033754+05:30"
2026-07-16 16:39:25.610 +05:30 [INF] Heartbeat running at "2026-07-16T16:39:25.6107996+05:30"
2026-07-16 16:39:35.628 +05:30 [INF] Heartbeat running at "2026-07-16T16:39:35.6282965+05:30"
2026-07-16 16:39:45.644 +05:30 [INF] Heartbeat running at "2026-07-16T16:39:45.6442958+05:30"
2026-07-16 16:39:55.656 +05:30 [INF] Heartbeat running at "2026-07-16T16:39:55.6567596+05:30"
2026-07-16 16:40:05.666 +05:30 [INF] Heartbeat running at "2026-07-16T16:40:05.6662891+05:30"
2026-07-16 16:40:15.684 +05:30 [INF] Heartbeat running at "2026-07-16T16:40:15.6843666+05:30"
2026-07-16 16:40:25.703 +05:30 [INF] Heartbeat running at "2026-07-16T16:40:25.7034097+05:30"
2026-07-16 16:40:35.719 +05:30 [INF] Heartbeat running at "2026-07-16T16:40:35.7195380+05:30"
2026-07-16 16:40:45.726 +05:30 [INF] Heartbeat running at "2026-07-16T16:40:45.7267229+05:30"
2026-07-16 16:40:55.732 +05:30 [INF] Heartbeat running at "2026-07-16T16:40:55.7325075+05:30"
2026-07-16 16:41:05.747 +05:30 [INF] Heartbeat running at "2026-07-16T16:41:05.7478458+05:30"
2026-07-16 16:41:15.762 +05:30 [INF] Heartbeat running at "2026-07-16T16:41:15.7628939+05:30"
2026-07-16 16:41:25.770 +05:30 [INF] Heartbeat running at "2026-07-16T16:41:25.7703977+05:30"
2026-07-16 16:41:35.777 +05:30 [INF] Heartbeat running at "2026-07-16T16:41:35.7770286+05:30"
2026-07-16 16:41:45.794 +05:30 [INF] Heartbeat running at "2026-07-16T16:41:45.7945250+05:30"
2026-07-16 16:41:55.811 +05:30 [INF] Heartbeat running at "2026-07-16T16:41:55.8112415+05:30"
2026-07-16 16:42:05.829 +05:30 [INF] Heartbeat running at "2026-07-16T16:42:05.8298767+05:30"
2026-07-16 16:42:15.851 +05:30 [INF] Heartbeat running at "2026-07-16T16:42:15.8513328+05:30"
2026-07-16 16:42:25.870 +05:30 [INF] Heartbeat running at "2026-07-16T16:42:25.8704295+05:30"
2026-07-16 16:42:35.881 +05:30 [INF] Heartbeat running at "2026-07-16T16:42:35.8813223+05:30"
2026-07-16 16:42:45.892 +05:30 [INF] Heartbeat running at "2026-07-16T16:42:45.8926541+05:30"
2026-07-16 16:42:55.912 +05:30 [INF] Heartbeat running at "2026-07-16T16:42:55.9128912+05:30"
2026-07-16 16:43:05.927 +05:30 [INF] Heartbeat running at "2026-07-16T16:43:05.9274918+05:30"
2026-07-16 16:43:15.932 +05:30 [INF] Heartbeat running at "2026-07-16T16:43:15.9321619+05:30"
2026-07-16 16:43:25.947 +05:30 [INF] Heartbeat running at "2026-07-16T16:43:25.9472708+05:30"
2026-07-16 16:43:35.951 +05:30 [INF] Heartbeat running at "2026-07-16T16:43:35.9510511+05:30"
2026-07-16 16:43:45.960 +05:30 [INF] Heartbeat running at "2026-07-16T16:43:45.9601372+05:30"
2026-07-16 16:43:55.976 +05:30 [INF] Heartbeat running at "2026-07-16T16:43:55.9767711+05:30"
2026-07-16 16:44:05.995 +05:30 [INF] Heartbeat running at "2026-07-16T16:44:05.9952030+05:30"
2026-07-16 16:44:16.003 +05:30 [INF] Heartbeat running at "2026-07-16T16:44:16.0037391+05:30"
2026-07-16 16:44:26.020 +05:30 [INF] Heartbeat running at "2026-07-16T16:44:26.0205742+05:30"
2026-07-16 16:44:36.035 +05:30 [INF] Heartbeat running at "2026-07-16T16:44:36.0355356+05:30"
2026-07-16 16:44:46.039 +05:30 [INF] Heartbeat running at "2026-07-16T16:44:46.0393777+05:30"
2026-07-16 16:44:56.058 +05:30 [INF] Heartbeat running at "2026-07-16T16:44:56.0582137+05:30"
2026-07-16 16:45:06.065 +05:30 [INF] Heartbeat running at "2026-07-16T16:45:06.0653627+05:30"
2026-07-16 16:45:16.078 +05:30 [INF] Heartbeat running at "2026-07-16T16:45:16.0784101+05:30"
2026-07-16 16:45:26.087 +05:30 [INF] Heartbeat running at "2026-07-16T16:45:26.0870994+05:30"
2026-07-16 16:45:36.098 +05:30 [INF] Heartbeat running at "2026-07-16T16:45:36.0988813+05:30"
2026-07-16 16:45:46.117 +05:30 [INF] Heartbeat running at "2026-07-16T16:45:46.1170119+05:30"
2026-07-16 16:45:56.128 +05:30 [INF] Heartbeat running at "2026-07-16T16:45:56.1282272+05:30"
2026-07-16 16:46:06.139 +05:30 [INF] Heartbeat running at "2026-07-16T16:46:06.1394574+05:30"
2026-07-16 16:46:16.153 +05:30 [INF] Heartbeat running at "2026-07-16T16:46:16.1538546+05:30"
2026-07-16 16:46:26.164 +05:30 [INF] Heartbeat running at "2026-07-16T16:46:26.1641669+05:30"
2026-07-16 16:46:36.168 +05:30 [INF] Heartbeat running at "2026-07-16T16:46:36.1686503+05:30"
2026-07-16 16:46:46.190 +05:30 [INF] Heartbeat running at "2026-07-16T16:46:46.1909366+05:30"
2026-07-16 16:46:56.204 +05:30 [INF] Heartbeat running at "2026-07-16T16:46:56.2043922+05:30"
2026-07-16 16:47:06.209 +05:30 [INF] Heartbeat running at "2026-07-16T16:47:06.2093518+05:30"
2026-07-16 16:47:16.221 +05:30 [INF] Heartbeat running at "2026-07-16T16:47:16.2212162+05:30"
2026-07-16 16:47:26.236 +05:30 [INF] Heartbeat running at "2026-07-16T16:47:26.2369724+05:30"
2026-07-16 16:47:36.259 +05:30 [INF] Heartbeat running at "2026-07-16T16:47:36.2593212+05:30"
2026-07-16 16:47:46.265 +05:30 [INF] Heartbeat running at "2026-07-16T16:47:46.2654586+05:30"
2026-07-16 16:47:56.276 +05:30 [INF] Heartbeat running at "2026-07-16T16:47:56.2763123+05:30"
2026-07-16 16:48:06.286 +05:30 [INF] Heartbeat running at "2026-07-16T16:48:06.2860873+05:30"
2026-07-16 16:48:16.290 +05:30 [INF] Heartbeat running at "2026-07-16T16:48:16.2907362+05:30"
2026-07-16 16:48:26.296 +05:30 [INF] Heartbeat running at "2026-07-16T16:48:26.2964751+05:30"
2026-07-16 16:48:36.303 +05:30 [INF] Heartbeat running at "2026-07-16T16:48:36.3032560+05:30"
2026-07-16 16:48:46.321 +05:30 [INF] Heartbeat running at "2026-07-16T16:48:46.3210045+05:30"
2026-07-16 16:48:56.333 +05:30 [INF] Heartbeat running at "2026-07-16T16:48:56.3330702+05:30"
2026-07-16 16:49:06.348 +05:30 [INF] Heartbeat running at "2026-07-16T16:49:06.3488610+05:30"
2026-07-16 16:49:16.358 +05:30 [INF] Heartbeat running at "2026-07-16T16:49:16.3586555+05:30"
2026-07-16 16:49:26.376 +05:30 [INF] Heartbeat running at "2026-07-16T16:49:26.3761768+05:30"
2026-07-16 16:49:36.394 +05:30 [INF] Heartbeat running at "2026-07-16T16:49:36.3940254+05:30"
2026-07-16 16:49:46.415 +05:30 [INF] Heartbeat running at "2026-07-16T16:49:46.4153234+05:30"
2026-07-16 16:49:56.431 +05:30 [INF] Heartbeat running at "2026-07-16T16:49:56.4312108+05:30"
2026-07-16 16:50:06.446 +05:30 [INF] Heartbeat running at "2026-07-16T16:50:06.4468384+05:30"
2026-07-16 16:50:16.467 +05:30 [INF] Heartbeat running at "2026-07-16T16:50:16.4669768+05:30"
2026-07-16 16:50:26.485 +05:30 [INF] Heartbeat running at "2026-07-16T16:50:26.4858540+05:30"
2026-07-16 16:50:36.494 +05:30 [INF] Heartbeat running at "2026-07-16T16:50:36.4941745+05:30"
2026-07-16 16:50:46.508 +05:30 [INF] Heartbeat running at "2026-07-16T16:50:46.5085606+05:30"
2026-07-16 16:50:56.519 +05:30 [INF] Heartbeat running at "2026-07-16T16:50:56.5190653+05:30"
2026-07-16 16:51:06.536 +05:30 [INF] Heartbeat running at "2026-07-16T16:51:06.5361763+05:30"
2026-07-16 16:51:16.549 +05:30 [INF] Heartbeat running at "2026-07-16T16:51:16.5491454+05:30"
2026-07-16 16:51:26.564 +05:30 [INF] Heartbeat running at "2026-07-16T16:51:26.5642600+05:30"
2026-07-16 16:51:36.572 +05:30 [INF] Heartbeat running at "2026-07-16T16:51:36.5728781+05:30"
2026-07-16 16:51:46.585 +05:30 [INF] Heartbeat running at "2026-07-16T16:51:46.5850934+05:30"
2026-07-16 16:51:56.596 +05:30 [INF] Heartbeat running at "2026-07-16T16:51:56.5962439+05:30"
2026-07-16 16:52:06.607 +05:30 [INF] Heartbeat running at "2026-07-16T16:52:06.6075355+05:30"
2026-07-16 16:52:16.617 +05:30 [INF] Heartbeat running at "2026-07-16T16:52:16.6178836+05:30"
2026-07-16 16:52:26.635 +05:30 [INF] Heartbeat running at "2026-07-16T16:52:26.6354591+05:30"
2026-07-16 16:52:36.651 +05:30 [INF] Heartbeat running at "2026-07-16T16:52:36.6513432+05:30"
2026-07-16 16:52:46.666 +05:30 [INF] Heartbeat running at "2026-07-16T16:52:46.6666549+05:30"
2026-07-16 16:52:56.685 +05:30 [INF] Heartbeat running at "2026-07-16T16:52:56.6857507+05:30"
2026-07-16 16:53:06.706 +05:30 [INF] Heartbeat running at "2026-07-16T16:53:06.7067639+05:30"
2026-07-16 16:53:16.720 +05:30 [INF] Heartbeat running at "2026-07-16T16:53:16.7207638+05:30"
2026-07-16 16:53:26.728 +05:30 [INF] Heartbeat running at "2026-07-16T16:53:26.7286844+05:30"
2026-07-16 16:53:36.734 +05:30 [INF] Heartbeat running at "2026-07-16T16:53:36.7347384+05:30"
2026-07-16 16:53:46.740 +05:30 [INF] Heartbeat running at "2026-07-16T16:53:46.7408341+05:30"
2026-07-16 16:53:56.751 +05:30 [INF] Heartbeat running at "2026-07-16T16:53:56.7517628+05:30"
2026-07-16 16:54:06.759 +05:30 [INF] Heartbeat running at "2026-07-16T16:54:06.7590057+05:30"
2026-07-16 16:54:16.767 +05:30 [INF] Heartbeat running at "2026-07-16T16:54:16.7670752+05:30"
2026-07-16 16:54:26.773 +05:30 [INF] Heartbeat running at "2026-07-16T16:54:26.7738500+05:30"
2026-07-16 16:54:36.799 +05:30 [INF] Heartbeat running at "2026-07-16T16:54:36.7991414+05:30"
2026-07-16 16:54:46.818 +05:30 [INF] Heartbeat running at "2026-07-16T16:54:46.8188168+05:30"
2026-07-16 16:54:56.921 +05:30 [INF] Heartbeat running at "2026-07-16T16:54:56.9211145+05:30"
2026-07-16 16:55:06.929 +05:30 [INF] Heartbeat running at "2026-07-16T16:55:06.9299427+05:30"
2026-07-16 16:55:16.940 +05:30 [INF] Heartbeat running at "2026-07-16T16:55:16.9407962+05:30"
2026-07-16 16:55:26.952 +05:30 [INF] Heartbeat running at "2026-07-16T16:55:26.9520863+05:30"
2026-07-16 16:55:36.960 +05:30 [INF] Heartbeat running at "2026-07-16T16:55:36.9608424+05:30"
2026-07-16 16:55:46.974 +05:30 [INF] Heartbeat running at "2026-07-16T16:55:46.9743295+05:30"
2026-07-16 16:55:56.986 +05:30 [INF] Heartbeat running at "2026-07-16T16:55:56.9865360+05:30"
2026-07-16 16:56:06.992 +05:30 [INF] Heartbeat running at "2026-07-16T16:56:06.9925668+05:30"
2026-07-16 16:56:17.002 +05:30 [INF] Heartbeat running at "2026-07-16T16:56:17.0023418+05:30"
2026-07-16 16:56:27.011 +05:30 [INF] Heartbeat running at "2026-07-16T16:56:27.0118998+05:30"
2026-07-16 16:58:39.896 +05:30 [INF] Configured endpoint HealthAxis3.API.events.queue, Consumer: HealthAxis3.API.Messaging.AppointmentBookedConsumer
2026-07-16 16:58:41.641 +05:30 [INF] Heartbeat running at "2026-07-16T16:58:41.6399186+05:30"
2026-07-16 16:58:42.563 +05:30 [INF] Now listening on: https://localhost:7120
2026-07-16 16:58:42.572 +05:30 [INF] Now listening on: http://localhost:5042
2026-07-16 16:58:42.707 +05:30 [INF] Bus started: "rabbitmq://localhost/"
2026-07-16 16:58:42.728 +05:30 [INF] Application started. Press Ctrl+C to shut down.
2026-07-16 16:58:42.737 +05:30 [INF] Hosting environment: Development
2026-07-16 16:58:42.743 +05:30 [INF] Content root path: C:\Users\310054\source\repos\HealthAxis4\HealthAxis3.API
2026-07-16 16:58:51.692 +05:30 [INF] Heartbeat running at "2026-07-16T16:58:51.6922431+05:30"
2026-07-16 16:58:51.829 +05:30 [INF] HTTP OPTIONS /api/auth/login responded 204 in 43.4305 ms
2026-07-16 16:58:54.775 +05:30 [INF] HTTP POST /api/auth/login responded 200 in 1971.7835 ms
2026-07-16 16:58:54.793 +05:30 [INF] HTTP POST /api/auth/login responded 200 in 2657.2153 ms
2026-07-16 16:58:54.926 +05:30 [INF] HTTP OPTIONS /api/Doctor responded 204 in 3.5946 ms
2026-07-16 16:58:54.926 +05:30 [INF] HTTP OPTIONS /api/appointment/patient/8 responded 204 in 0.0881 ms
2026-07-16 16:58:55.531 +05:30 [WRN] You do not have a valid license key for the Lucky Penny software AutoMapper. This is allowed for development and testing scenarios. If you are running in production you are required to have a licensed version. Please visit https://luckypennysoftware.com to obtain a valid license.
2026-07-16 16:58:56.122 +05:30 [INF] HTTP GET /api/appointment/patient/8 responded 200 in 913.2507 ms
2026-07-16 16:58:56.183 +05:30 [INF] HTTP GET /api/appointment/patient/8 responded 200 in 1219.3804 ms
2026-07-16 16:58:56.387 +05:30 [INF] Search doctors cache validated. CacheKey: doctors:all
2026-07-16 16:58:56.470 +05:30 [INF] HTTP GET /api/Doctor responded 200 in 1261.0862 ms
2026-07-16 16:58:56.485 +05:30 [INF] HTTP GET /api/Doctor responded 200 in 1526.3818 ms
2026-07-16 16:59:01.715 +05:30 [INF] Heartbeat running at "2026-07-16T16:59:01.7150337+05:30"
2026-07-16 16:59:11.719 +05:30 [INF] Heartbeat running at "2026-07-16T16:59:11.7194015+05:30"
2026-07-16 16:59:21.730 +05:30 [INF] Heartbeat running at "2026-07-16T16:59:21.7301994+05:30"
2026-07-16 16:59:31.744 +05:30 [INF] Heartbeat running at "2026-07-16T16:59:31.7443497+05:30"
2026-07-16 16:59:41.755 +05:30 [INF] Heartbeat running at "2026-07-16T16:59:41.7553072+05:30"
2026-07-16 16:59:51.777 +05:30 [INF] Heartbeat running at "2026-07-16T16:59:51.7775597+05:30"
2026-07-16 17:00:01.781 +05:30 [INF] Heartbeat running at "2026-07-16T17:00:01.7811274+05:30"
2026-07-16 17:00:11.792 +05:30 [INF] Heartbeat running at "2026-07-16T17:00:11.7912035+05:30"
2026-07-16 17:00:21.835 +05:30 [INF] Heartbeat running at "2026-07-16T17:00:21.8021965+05:30"
2026-07-16 17:00:31.852 +05:30 [INF] Heartbeat running at "2026-07-16T17:00:31.8524172+05:30"
2026-07-16 17:00:41.862 +05:30 [INF] Heartbeat running at "2026-07-16T17:00:41.8623023+05:30"
2026-07-16 17:00:51.876 +05:30 [INF] Heartbeat running at "2026-07-16T17:00:51.8765180+05:30"
2026-07-16 17:01:01.890 +05:30 [INF] Heartbeat running at "2026-07-16T17:01:01.8907707+05:30"
2026-07-16 17:01:11.899 +05:30 [INF] Heartbeat running at "2026-07-16T17:01:11.8991465+05:30"
2026-07-16 17:01:21.916 +05:30 [INF] Heartbeat running at "2026-07-16T17:01:21.9166087+05:30"
2026-07-16 17:01:31.920 +05:30 [INF] Heartbeat running at "2026-07-16T17:01:31.9208266+05:30"
2026-07-16 17:01:41.927 +05:30 [INF] Heartbeat running at "2026-07-16T17:01:41.9265924+05:30"
2026-07-16 17:01:51.947 +05:30 [INF] Heartbeat running at "2026-07-16T17:01:51.9477349+05:30"
2026-07-16 17:02:01.964 +05:30 [INF] Heartbeat running at "2026-07-16T17:02:01.9646503+05:30"
2026-07-16 17:02:11.965 +05:30 [INF] Heartbeat running at "2026-07-16T17:02:11.9657931+05:30"
2026-07-16 17:02:21.982 +05:30 [INF] Heartbeat running at "2026-07-16T17:02:21.9821940+05:30"
2026-07-16 17:02:31.983 +05:30 [INF] Heartbeat running at "2026-07-16T17:02:31.9829754+05:30"
2026-07-16 17:02:42.002 +05:30 [INF] Heartbeat running at "2026-07-16T17:02:42.0019917+05:30"
2026-07-16 17:02:52.006 +05:30 [INF] Heartbeat running at "2026-07-16T17:02:52.0065282+05:30"
2026-07-16 17:03:02.018 +05:30 [INF] Heartbeat running at "2026-07-16T17:03:02.0184392+05:30"
2026-07-16 17:03:12.028 +05:30 [INF] Heartbeat running at "2026-07-16T17:03:12.0288555+05:30"
2026-07-16 17:03:22.038 +05:30 [INF] Heartbeat running at "2026-07-16T17:03:22.0376516+05:30"
2026-07-16 17:03:32.061 +05:30 [INF] Heartbeat running at "2026-07-16T17:03:32.0610648+05:30"
2026-07-16 17:03:42.068 +05:30 [INF] Heartbeat running at "2026-07-16T17:03:42.0685603+05:30"
2026-07-16 17:03:52.084 +05:30 [INF] Heartbeat running at "2026-07-16T17:03:52.0842685+05:30"
2026-07-16 17:04:02.095 +05:30 [INF] Heartbeat running at "2026-07-16T17:04:02.0956907+05:30"
2026-07-16 17:04:12.104 +05:30 [INF] Heartbeat running at "2026-07-16T17:04:12.1042525+05:30"
2026-07-16 17:04:22.112 +05:30 [INF] Heartbeat running at "2026-07-16T17:04:22.1123969+05:30"
2026-07-16 17:04:32.116 +05:30 [INF] Heartbeat running at "2026-07-16T17:04:32.1159809+05:30"
2026-07-16 17:04:42.122 +05:30 [INF] Heartbeat running at "2026-07-16T17:04:42.1227578+05:30"
2026-07-16 17:04:52.140 +05:30 [INF] Heartbeat running at "2026-07-16T17:04:52.1401479+05:30"
2026-07-16 17:05:02.146 +05:30 [INF] Heartbeat running at "2026-07-16T17:05:02.1466658+05:30"
2026-07-16 17:05:12.160 +05:30 [INF] Heartbeat running at "2026-07-16T17:05:12.1604661+05:30"
2026-07-16 17:05:22.164 +05:30 [INF] Heartbeat running at "2026-07-16T17:05:22.1644244+05:30"
2026-07-16 17:05:32.177 +05:30 [INF] Heartbeat running at "2026-07-16T17:05:32.1771106+05:30"
2026-07-16 17:05:42.180 +05:30 [INF] Heartbeat running at "2026-07-16T17:05:42.1802628+05:30"
2026-07-16 17:05:52.183 +05:30 [INF] Heartbeat running at "2026-07-16T17:05:52.1839243+05:30"
2026-07-16 17:06:02.191 +05:30 [INF] Heartbeat running at "2026-07-16T17:06:02.1915911+05:30"
2026-07-16 17:06:12.196 +05:30 [INF] Heartbeat running at "2026-07-16T17:06:12.1967857+05:30"
2026-07-16 17:06:22.203 +05:30 [INF] Heartbeat running at "2026-07-16T17:06:22.2038300+05:30"
2026-07-16 17:06:32.210 +05:30 [INF] Heartbeat running at "2026-07-16T17:06:32.2109417+05:30"
2026-07-16 17:06:42.224 +05:30 [INF] Heartbeat running at "2026-07-16T17:06:42.2246632+05:30"
2026-07-16 17:06:52.238 +05:30 [INF] Heartbeat running at "2026-07-16T17:06:52.2384752+05:30"
2026-07-16 17:06:55.385 +05:30 [INF] HTTP OPTIONS /api/Doctor responded 204 in 0.3470 ms
2026-07-16 17:06:55.385 +05:30 [INF] HTTP OPTIONS /api/appointment/patient/8 responded 204 in 0.1075 ms
2026-07-16 17:06:55.664 +05:30 [INF] Search doctors cache validated. CacheKey: doctors:all
2026-07-16 17:06:55.680 +05:30 [INF] HTTP GET /api/appointment/patient/8 responded 200 in 201.8963 ms
2026-07-16 17:06:55.690 +05:30 [INF] HTTP GET /api/Doctor responded 200 in 211.7804 ms
2026-07-16 17:06:55.707 +05:30 [INF] HTTP GET /api/appointment/patient/8 responded 200 in 274.2812 ms
2026-07-16 17:06:55.712 +05:30 [INF] HTTP GET /api/Doctor responded 200 in 282.3153 ms
2026-07-16 17:07:02.248 +05:30 [INF] Heartbeat running at "2026-07-16T17:07:02.2485804+05:30"
2026-07-16 17:07:12.254 +05:30 [INF] Heartbeat running at "2026-07-16T17:07:12.2546100+05:30"
2026-07-16 17:07:22.258 +05:30 [INF] Heartbeat running at "2026-07-16T17:07:22.2582692+05:30"
2026-07-16 17:07:32.268 +05:30 [INF] Heartbeat running at "2026-07-16T17:07:32.2682072+05:30"
2026-07-16 17:07:42.278 +05:30 [INF] Heartbeat running at "2026-07-16T17:07:42.2786775+05:30"
2026-07-16 17:07:52.286 +05:30 [INF] Heartbeat running at "2026-07-16T17:07:52.2865535+05:30"
2026-07-16 17:08:02.299 +05:30 [INF] Heartbeat running at "2026-07-16T17:08:02.2994473+05:30"
2026-07-16 17:08:12.304 +05:30 [INF] Heartbeat running at "2026-07-16T17:08:12.3040766+05:30"
2026-07-16 17:08:22.313 +05:30 [INF] Heartbeat running at "2026-07-16T17:08:22.3128810+05:30"
2026-07-16 17:08:32.315 +05:30 [INF] Heartbeat running at "2026-07-16T17:08:32.3157482+05:30"
2026-07-16 17:08:42.322 +05:30 [INF] Heartbeat running at "2026-07-16T17:08:42.3228590+05:30"
2026-07-16 17:08:52.333 +05:30 [INF] Heartbeat running at "2026-07-16T17:08:52.3334577+05:30"
2026-07-16 17:09:02.341 +05:30 [INF] Heartbeat running at "2026-07-16T17:09:02.3414242+05:30"
2026-07-16 17:09:12.362 +05:30 [INF] Heartbeat running at "2026-07-16T17:09:12.3628741+05:30"
2026-07-16 17:09:22.375 +05:30 [INF] Heartbeat running at "2026-07-16T17:09:22.3758484+05:30"
2026-07-16 17:09:32.391 +05:30 [INF] Heartbeat running at "2026-07-16T17:09:32.3918914+05:30"
2026-07-16 17:09:42.400 +05:30 [INF] Heartbeat running at "2026-07-16T17:09:42.4006281+05:30"
2026-07-16 17:09:52.412 +05:30 [INF] Heartbeat running at "2026-07-16T17:09:52.4126911+05:30"
2026-07-16 17:10:02.425 +05:30 [INF] Heartbeat running at "2026-07-16T17:10:02.4256648+05:30"
2026-07-16 17:10:12.429 +05:30 [INF] Heartbeat running at "2026-07-16T17:10:12.4299015+05:30"
2026-07-16 17:10:22.434 +05:30 [INF] Heartbeat running at "2026-07-16T17:10:22.4345570+05:30"
2026-07-16 17:10:32.442 +05:30 [INF] Heartbeat running at "2026-07-16T17:10:32.4429114+05:30"
2026-07-16 17:10:42.472 +05:30 [INF] Heartbeat running at "2026-07-16T17:10:42.4728825+05:30"
2026-07-16 17:10:52.474 +05:30 [INF] Heartbeat running at "2026-07-16T17:10:52.4742370+05:30"
2026-07-16 17:11:02.481 +05:30 [INF] Heartbeat running at "2026-07-16T17:11:02.4812349+05:30"
2026-07-16 17:11:12.491 +05:30 [INF] Heartbeat running at "2026-07-16T17:11:12.4918343+05:30"
2026-07-16 17:11:22.496 +05:30 [INF] Heartbeat running at "2026-07-16T17:11:22.4967176+05:30"
2026-07-16 17:11:32.507 +05:30 [INF] Heartbeat running at "2026-07-16T17:11:32.5070785+05:30"
2026-07-16 17:11:42.511 +05:30 [INF] Heartbeat running at "2026-07-16T17:11:42.5114307+05:30"
2026-07-16 17:11:52.520 +05:30 [INF] Heartbeat running at "2026-07-16T17:11:52.5200124+05:30"
2026-07-16 17:12:02.534 +05:30 [INF] Heartbeat running at "2026-07-16T17:12:02.5347806+05:30"
2026-07-16 17:12:12.547 +05:30 [INF] Heartbeat running at "2026-07-16T17:12:12.5472420+05:30"
2026-07-16 17:12:22.561 +05:30 [INF] Heartbeat running at "2026-07-16T17:12:22.5612598+05:30"
2026-07-16 17:12:32.566 +05:30 [INF] Heartbeat running at "2026-07-16T17:12:32.5666878+05:30"
2026-07-16 17:12:42.573 +05:30 [INF] Heartbeat running at "2026-07-16T17:12:42.5739397+05:30"
2026-07-16 17:12:52.576 +05:30 [INF] Heartbeat running at "2026-07-16T17:12:52.5769173+05:30"
2026-07-16 17:13:02.590 +05:30 [INF] Heartbeat running at "2026-07-16T17:13:02.5902230+05:30"
2026-07-16 17:13:12.606 +05:30 [INF] Heartbeat running at "2026-07-16T17:13:12.6067969+05:30"
2026-07-16 17:13:22.618 +05:30 [INF] Heartbeat running at "2026-07-16T17:13:22.6182105+05:30"
2026-07-16 17:13:32.743 +05:30 [INF] Heartbeat running at "2026-07-16T17:13:32.7438109+05:30"
2026-07-16 17:13:42.752 +05:30 [INF] Heartbeat running at "2026-07-16T17:13:42.7528783+05:30"
2026-07-16 17:13:52.767 +05:30 [INF] Heartbeat running at "2026-07-16T17:13:52.7674957+05:30"
2026-07-16 17:14:02.772 +05:30 [INF] Heartbeat running at "2026-07-16T17:14:02.7724684+05:30"
2026-07-16 17:14:12.788 +05:30 [INF] Heartbeat running at "2026-07-16T17:14:12.7884890+05:30"
2026-07-16 17:14:22.800 +05:30 [INF] Heartbeat running at "2026-07-16T17:14:22.8001136+05:30"
2026-07-16 17:14:32.814 +05:30 [INF] Heartbeat running at "2026-07-16T17:14:32.8143114+05:30"
2026-07-16 17:14:42.828 +05:30 [INF] Heartbeat running at "2026-07-16T17:14:42.8282833+05:30"
2026-07-16 17:14:52.842 +05:30 [INF] Heartbeat running at "2026-07-16T17:14:52.8429650+05:30"
2026-07-16 17:15:02.852 +05:30 [INF] Heartbeat running at "2026-07-16T17:15:02.8528531+05:30"
2026-07-16 17:15:12.861 +05:30 [INF] Heartbeat running at "2026-07-16T17:15:12.8616922+05:30"
2026-07-16 17:15:22.877 +05:30 [INF] Heartbeat running at "2026-07-16T17:15:22.8773755+05:30"
2026-07-16 17:15:32.886 +05:30 [INF] Heartbeat running at "2026-07-16T17:15:32.8862364+05:30"
2026-07-16 17:15:42.887 +05:30 [INF] Heartbeat running at "2026-07-16T17:15:42.8869760+05:30"
2026-07-16 17:15:52.899 +05:30 [INF] Heartbeat running at "2026-07-16T17:15:52.8989931+05:30"
2026-07-16 17:16:02.902 +05:30 [INF] Heartbeat running at "2026-07-16T17:16:02.9029218+05:30"
2026-07-16 17:16:12.905 +05:30 [INF] Heartbeat running at "2026-07-16T17:16:12.9055583+05:30"
2026-07-16 17:16:22.915 +05:30 [INF] Heartbeat running at "2026-07-16T17:16:22.9152007+05:30"
2026-07-16 17:16:32.916 +05:30 [INF] Heartbeat running at "2026-07-16T17:16:32.9168782+05:30"
2026-07-16 17:16:42.930 +05:30 [INF] Heartbeat running at "2026-07-16T17:16:42.9305015+05:30"
2026-07-16 17:16:52.940 +05:30 [INF] Heartbeat running at "2026-07-16T17:16:52.9400224+05:30"
2026-07-16 17:17:02.950 +05:30 [INF] Heartbeat running at "2026-07-16T17:17:02.9502781+05:30"
2026-07-16 17:17:12.960 +05:30 [INF] Heartbeat running at "2026-07-16T17:17:12.9605960+05:30"
2026-07-16 17:17:22.968 +05:30 [INF] Heartbeat running at "2026-07-16T17:17:22.9689720+05:30"
2026-07-16 17:17:32.986 +05:30 [INF] Heartbeat running at "2026-07-16T17:17:32.9865493+05:30"
2026-07-16 17:17:42.996 +05:30 [INF] Heartbeat running at "2026-07-16T17:17:42.9964256+05:30"
2026-07-16 17:17:53.000 +05:30 [INF] Heartbeat running at "2026-07-16T17:17:53.0009527+05:30"
2026-07-16 17:18:03.010 +05:30 [INF] Heartbeat running at "2026-07-16T17:18:03.0104878+05:30"
2026-07-16 17:18:13.022 +05:30 [INF] Heartbeat running at "2026-07-16T17:18:13.0227935+05:30"
2026-07-16 17:18:23.026 +05:30 [INF] Heartbeat running at "2026-07-16T17:18:23.0262183+05:30"
2026-07-16 17:18:33.046 +05:30 [INF] Heartbeat running at "2026-07-16T17:18:33.0463130+05:30"
2026-07-16 17:18:43.061 +05:30 [INF] Heartbeat running at "2026-07-16T17:18:43.0616329+05:30"
2026-07-16 17:18:53.066 +05:30 [INF] Heartbeat running at "2026-07-16T17:18:53.0666336+05:30"
2026-07-16 17:19:03.072 +05:30 [INF] Heartbeat running at "2026-07-16T17:19:03.0721420+05:30"
2026-07-16 17:19:13.078 +05:30 [INF] Heartbeat running at "2026-07-16T17:19:13.0786542+05:30"
2026-07-16 17:19:23.079 +05:30 [INF] Heartbeat running at "2026-07-16T17:19:23.0795151+05:30"
2026-07-16 17:19:33.095 +05:30 [INF] Heartbeat running at "2026-07-16T17:19:33.0955509+05:30"
2026-07-16 17:19:43.100 +05:30 [INF] Heartbeat running at "2026-07-16T17:19:43.1008796+05:30"
2026-07-16 17:19:53.109 +05:30 [INF] Heartbeat running at "2026-07-16T17:19:53.1099109+05:30"
2026-07-16 17:20:03.120 +05:30 [INF] Heartbeat running at "2026-07-16T17:20:03.1201481+05:30"
2026-07-16 17:20:13.136 +05:30 [INF] Heartbeat running at "2026-07-16T17:20:13.1361372+05:30"
2026-07-16 17:20:23.149 +05:30 [INF] Heartbeat running at "2026-07-16T17:20:23.1496878+05:30"
2026-07-16 17:20:33.164 +05:30 [INF] Heartbeat running at "2026-07-16T17:20:33.1646209+05:30"
2026-07-16 17:20:43.171 +05:30 [INF] Heartbeat running at "2026-07-16T17:20:43.1710779+05:30"
2026-07-16 17:20:53.180 +05:30 [INF] Heartbeat running at "2026-07-16T17:20:53.1801634+05:30"
2026-07-16 17:21:03.193 +05:30 [INF] Heartbeat running at "2026-07-16T17:21:03.1938824+05:30"
2026-07-16 17:21:13.196 +05:30 [INF] Heartbeat running at "2026-07-16T17:21:13.1967497+05:30"
2026-07-16 17:21:23.205 +05:30 [INF] Heartbeat running at "2026-07-16T17:21:23.2058933+05:30"
2026-07-16 17:21:33.221 +05:30 [INF] Heartbeat running at "2026-07-16T17:21:33.2216856+05:30"
2026-07-16 17:21:43.234 +05:30 [INF] Heartbeat running at "2026-07-16T17:21:43.2347668+05:30"
2026-07-16 17:21:53.244 +05:30 [INF] Heartbeat running at "2026-07-16T17:21:53.2442006+05:30"
2026-07-16 17:22:03.253 +05:30 [INF] Heartbeat running at "2026-07-16T17:22:03.2537256+05:30"
2026-07-16 17:22:13.268 +05:30 [INF] Heartbeat running at "2026-07-16T17:22:13.2680381+05:30"
2026-07-16 17:22:23.281 +05:30 [INF] Heartbeat running at "2026-07-16T17:22:23.2812560+05:30"
2026-07-16 17:22:33.292 +05:30 [INF] Heartbeat running at "2026-07-16T17:22:33.2921451+05:30"
2026-07-16 17:22:43.304 +05:30 [INF] Heartbeat running at "2026-07-16T17:22:43.3046297+05:30"
2026-07-16 17:22:53.314 +05:30 [INF] Heartbeat running at "2026-07-16T17:22:53.3142324+05:30"
2026-07-16 17:23:03.330 +05:30 [INF] Heartbeat running at "2026-07-16T17:23:03.3303007+05:30"
2026-07-16 17:23:13.338 +05:30 [INF] Heartbeat running at "2026-07-16T17:23:13.3386450+05:30"
2026-07-16 17:23:23.348 +05:30 [INF] Heartbeat running at "2026-07-16T17:23:23.3482147+05:30"
2026-07-16 17:23:33.348 +05:30 [INF] Heartbeat running at "2026-07-16T17:23:33.3486747+05:30"
2026-07-16 17:23:43.362 +05:30 [INF] Heartbeat running at "2026-07-16T17:23:43.3623547+05:30"
2026-07-16 17:23:53.375 +05:30 [INF] Heartbeat running at "2026-07-16T17:23:53.3751276+05:30"
2026-07-16 17:24:03.382 +05:30 [INF] Heartbeat running at "2026-07-16T17:24:03.3821185+05:30"
2026-07-16 17:24:13.394 +05:30 [INF] Heartbeat running at "2026-07-16T17:24:13.3947999+05:30"
2026-07-16 17:24:23.411 +05:30 [INF] Heartbeat running at "2026-07-16T17:24:23.4112768+05:30"
2026-07-16 17:24:33.425 +05:30 [INF] Heartbeat running at "2026-07-16T17:24:33.4251767+05:30"
2026-07-16 17:24:43.432 +05:30 [INF] Heartbeat running at "2026-07-16T17:24:43.4328285+05:30"
2026-07-16 17:24:53.448 +05:30 [INF] Heartbeat running at "2026-07-16T17:24:53.4486312+05:30"
2026-07-16 17:25:03.461 +05:30 [INF] Heartbeat running at "2026-07-16T17:25:03.4610298+05:30"
2026-07-16 17:25:13.477 +05:30 [INF] Heartbeat running at "2026-07-16T17:25:13.4774278+05:30"
2026-07-16 17:25:23.483 +05:30 [INF] Heartbeat running at "2026-07-16T17:25:23.4832600+05:30"
2026-07-16 17:25:33.499 +05:30 [INF] Heartbeat running at "2026-07-16T17:25:33.4998119+05:30"
2026-07-16 17:25:43.511 +05:30 [INF] Heartbeat running at "2026-07-16T17:25:43.5112031+05:30"
2026-07-16 17:25:53.521 +05:30 [INF] Heartbeat running at "2026-07-16T17:25:53.5212244+05:30"
2026-07-16 17:26:03.532 +05:30 [INF] Heartbeat running at "2026-07-16T17:26:03.5325656+05:30"
2026-07-16 17:26:13.549 +05:30 [INF] Heartbeat running at "2026-07-16T17:26:13.5492937+05:30"
2026-07-16 17:26:23.556 +05:30 [INF] Heartbeat running at "2026-07-16T17:26:23.5560321+05:30"
2026-07-16 17:26:33.557 +05:30 [INF] Heartbeat running at "2026-07-16T17:26:33.5572295+05:30"
2026-07-16 17:26:43.558 +05:30 [INF] Heartbeat running at "2026-07-16T17:26:43.5585156+05:30"
2026-07-16 17:26:53.567 +05:30 [INF] Heartbeat running at "2026-07-16T17:26:53.5670974+05:30"
2026-07-16 17:27:03.572 +05:30 [INF] Heartbeat running at "2026-07-16T17:27:03.5726069+05:30"
2026-07-16 17:27:13.580 +05:30 [INF] Heartbeat running at "2026-07-16T17:27:13.5804585+05:30"
2026-07-16 17:27:23.586 +05:30 [INF] Heartbeat running at "2026-07-16T17:27:23.5863454+05:30"
2026-07-16 17:27:33.599 +05:30 [INF] Heartbeat running at "2026-07-16T17:27:33.5993923+05:30"
2026-07-16 17:27:43.603 +05:30 [INF] Heartbeat running at "2026-07-16T17:27:43.6031412+05:30"
2026-07-16 17:27:53.609 +05:30 [INF] Heartbeat running at "2026-07-16T17:27:53.6090192+05:30"
2026-07-16 17:28:03.618 +05:30 [INF] Heartbeat running at "2026-07-16T17:28:03.6182319+05:30"
2026-07-16 17:28:13.624 +05:30 [INF] Heartbeat running at "2026-07-16T17:28:13.6245804+05:30"
2026-07-16 17:28:23.639 +05:30 [INF] Heartbeat running at "2026-07-16T17:28:23.6395173+05:30"
2026-07-16 17:28:33.655 +05:30 [INF] Heartbeat running at "2026-07-16T17:28:33.6550083+05:30"
2026-07-16 17:28:43.662 +05:30 [INF] Heartbeat running at "2026-07-16T17:28:43.6620056+05:30"
2026-07-16 17:28:53.674 +05:30 [INF] Heartbeat running at "2026-07-16T17:28:53.6745057+05:30"
2026-07-16 17:29:03.691 +05:30 [INF] Heartbeat running at "2026-07-16T17:29:03.6911614+05:30"
2026-07-16 17:29:13.698 +05:30 [INF] Heartbeat running at "2026-07-16T17:29:13.6988529+05:30"
2026-07-16 17:29:23.715 +05:30 [INF] Heartbeat running at "2026-07-16T17:29:23.7158261+05:30"
2026-07-16 17:29:33.732 +05:30 [INF] Heartbeat running at "2026-07-16T17:29:33.7329505+05:30"
2026-07-16 17:29:43.750 +05:30 [INF] Heartbeat running at "2026-07-16T17:29:43.7504575+05:30"
2026-07-16 17:29:53.766 +05:30 [INF] Heartbeat running at "2026-07-16T17:29:53.7665890+05:30"
2026-07-16 17:30:03.776 +05:30 [INF] Heartbeat running at "2026-07-16T17:30:03.7761393+05:30"
2026-07-16 17:30:13.782 +05:30 [INF] Heartbeat running at "2026-07-16T17:30:13.7829232+05:30"
2026-07-16 17:30:23.787 +05:30 [INF] Heartbeat running at "2026-07-16T17:30:23.7878992+05:30"
2026-07-16 17:30:33.796 +05:30 [INF] Heartbeat running at "2026-07-16T17:30:33.7969043+05:30"
2026-07-16 17:30:43.804 +05:30 [INF] Heartbeat running at "2026-07-16T17:30:43.8044177+05:30"
2026-07-16 17:30:53.812 +05:30 [INF] Heartbeat running at "2026-07-16T17:30:53.8123603+05:30"
2026-07-16 17:31:03.818 +05:30 [INF] Heartbeat running at "2026-07-16T17:31:03.8185155+05:30"
2026-07-16 17:31:13.824 +05:30 [INF] Heartbeat running at "2026-07-16T17:31:13.8245433+05:30"
2026-07-16 17:31:23.836 +05:30 [INF] Heartbeat running at "2026-07-16T17:31:23.8366765+05:30"
2026-07-16 17:31:33.853 +05:30 [INF] Heartbeat running at "2026-07-16T17:31:33.8538524+05:30"
2026-07-16 17:31:43.869 +05:30 [INF] Heartbeat running at "2026-07-16T17:31:43.8692326+05:30"
2026-07-16 17:31:53.882 +05:30 [INF] Heartbeat running at "2026-07-16T17:31:53.8825809+05:30"
2026-07-16 17:32:03.886 +05:30 [INF] Heartbeat running at "2026-07-16T17:32:03.8865832+05:30"
2026-07-16 17:32:13.899 +05:30 [INF] Heartbeat running at "2026-07-16T17:32:13.8996474+05:30"
2026-07-16 17:32:23.919 +05:30 [INF] Heartbeat running at "2026-07-16T17:32:23.9194688+05:30"
2026-07-16 17:32:33.929 +05:30 [INF] Heartbeat running at "2026-07-16T17:32:33.9298243+05:30"
2026-07-16 17:32:43.938 +05:30 [INF] Heartbeat running at "2026-07-16T17:32:43.9383960+05:30"
2026-07-16 17:32:53.954 +05:30 [INF] Heartbeat running at "2026-07-16T17:32:53.9544299+05:30"
2026-07-16 17:33:03.967 +05:30 [INF] Heartbeat running at "2026-07-16T17:33:03.9674057+05:30"
2026-07-16 17:33:13.981 +05:30 [INF] Heartbeat running at "2026-07-16T17:33:13.9818518+05:30"
2026-07-16 17:33:23.987 +05:30 [INF] Heartbeat running at "2026-07-16T17:33:23.9856241+05:30"
2026-07-16 17:33:34.002 +05:30 [INF] Heartbeat running at "2026-07-16T17:33:34.0023186+05:30"
2026-07-16 17:33:44.013 +05:30 [INF] Heartbeat running at "2026-07-16T17:33:44.0136042+05:30"
2026-07-16 17:33:54.024 +05:30 [INF] Heartbeat running at "2026-07-16T17:33:54.0247366+05:30"
2026-07-16 17:34:04.038 +05:30 [INF] Heartbeat running at "2026-07-16T17:34:04.0382653+05:30"
2026-07-16 17:34:14.040 +05:30 [INF] Heartbeat running at "2026-07-16T17:34:14.0401207+05:30"
2026-07-16 17:34:24.051 +05:30 [INF] Heartbeat running at "2026-07-16T17:34:24.0513902+05:30"
2026-07-16 17:34:34.064 +05:30 [INF] Heartbeat running at "2026-07-16T17:34:34.0643590+05:30"
2026-07-16 17:34:44.068 +05:30 [INF] Heartbeat running at "2026-07-16T17:34:44.0684295+05:30"
2026-07-16 17:34:54.075 +05:30 [INF] Heartbeat running at "2026-07-16T17:34:54.0751790+05:30"
2026-07-16 17:35:04.087 +05:30 [INF] Heartbeat running at "2026-07-16T17:35:04.0872698+05:30"
2026-07-16 17:35:14.096 +05:30 [INF] Heartbeat running at "2026-07-16T17:35:14.0965121+05:30"
2026-07-16 17:35:24.108 +05:30 [INF] Heartbeat running at "2026-07-16T17:35:24.1086869+05:30"
2026-07-16 17:35:34.123 +05:30 [INF] Heartbeat running at "2026-07-16T17:35:34.1229995+05:30"
2026-07-16 17:35:44.138 +05:30 [INF] Heartbeat running at "2026-07-16T17:35:44.1386509+05:30"
2026-07-16 17:35:54.152 +05:30 [INF] Heartbeat running at "2026-07-16T17:35:54.1524517+05:30"
2026-07-16 17:36:04.156 +05:30 [INF] Heartbeat running at "2026-07-16T17:36:04.1568931+05:30"
2026-07-16 17:36:14.166 +05:30 [INF] Heartbeat running at "2026-07-16T17:36:14.1663918+05:30"
2026-07-16 17:36:24.180 +05:30 [INF] Heartbeat running at "2026-07-16T17:36:24.1799871+05:30"
2026-07-16 17:36:34.183 +05:30 [INF] Heartbeat running at "2026-07-16T17:36:34.1834249+05:30"
2026-07-16 17:36:44.192 +05:30 [INF] Heartbeat running at "2026-07-16T17:36:44.1922928+05:30"
2026-07-16 17:36:54.200 +05:30 [INF] Heartbeat running at "2026-07-16T17:36:54.2002660+05:30"
2026-07-16 17:37:04.218 +05:30 [INF] Heartbeat running at "2026-07-16T17:37:04.2187621+05:30"
2026-07-16 17:37:14.230 +05:30 [INF] Heartbeat running at "2026-07-16T17:37:14.2301133+05:30"
2026-07-16 17:37:24.243 +05:30 [INF] Heartbeat running at "2026-07-16T17:37:24.2430868+05:30"
2026-07-16 17:37:34.247 +05:30 [INF] Heartbeat running at "2026-07-16T17:37:34.2472681+05:30"
2026-07-16 17:37:44.255 +05:30 [INF] Heartbeat running at "2026-07-16T17:37:44.2550608+05:30"
2026-07-16 17:37:54.259 +05:30 [INF] Heartbeat running at "2026-07-16T17:37:54.2596948+05:30"
2026-07-16 17:38:04.270 +05:30 [INF] Heartbeat running at "2026-07-16T17:38:04.2703027+05:30"
2026-07-16 17:38:14.277 +05:30 [INF] Heartbeat running at "2026-07-16T17:38:14.2778144+05:30"
2026-07-16 17:38:24.286 +05:30 [INF] Heartbeat running at "2026-07-16T17:38:24.2860422+05:30"
2026-07-16 17:38:34.291 +05:30 [INF] Heartbeat running at "2026-07-16T17:38:34.2910101+05:30"
2026-07-16 17:38:44.299 +05:30 [INF] Heartbeat running at "2026-07-16T17:38:44.2990803+05:30"
2026-07-16 17:38:54.308 +05:30 [INF] Heartbeat running at "2026-07-16T17:38:54.3089263+05:30"
2026-07-16 17:39:04.313 +05:30 [INF] Heartbeat running at "2026-07-16T17:39:04.3138808+05:30"
2026-07-16 17:39:14.324 +05:30 [INF] Heartbeat running at "2026-07-16T17:39:14.3240060+05:30"
2026-07-16 17:39:24.332 +05:30 [INF] Heartbeat running at "2026-07-16T17:39:24.3319797+05:30"
2026-07-16 17:39:34.337 +05:30 [INF] Heartbeat running at "2026-07-16T17:39:34.3378487+05:30"
2026-07-16 17:39:44.345 +05:30 [INF] Heartbeat running at "2026-07-16T17:39:44.3449965+05:30"
2026-07-16 17:39:54.353 +05:30 [INF] Heartbeat running at "2026-07-16T17:39:54.3530900+05:30"
2026-07-16 17:40:04.359 +05:30 [INF] Heartbeat running at "2026-07-16T17:40:04.3598158+05:30"
2026-07-16 17:40:14.369 +05:30 [INF] Heartbeat running at "2026-07-16T17:40:14.3691919+05:30"
2026-07-16 17:40:24.383 +05:30 [INF] Heartbeat running at "2026-07-16T17:40:24.3830051+05:30"
2026-07-16 17:40:34.391 +05:30 [INF] Heartbeat running at "2026-07-16T17:40:34.3913467+05:30"
2026-07-16 17:40:44.403 +05:30 [INF] Heartbeat running at "2026-07-16T17:40:44.4034599+05:30"
2026-07-16 17:40:54.415 +05:30 [INF] Heartbeat running at "2026-07-16T17:40:54.4157419+05:30"
2026-07-16 17:41:04.427 +05:30 [INF] Heartbeat running at "2026-07-16T17:41:04.4276460+05:30"
2026-07-16 17:41:14.440 +05:30 [INF] Heartbeat running at "2026-07-16T17:41:14.4400518+05:30"
2026-07-16 17:41:24.453 +05:30 [INF] Heartbeat running at "2026-07-16T17:41:24.4530767+05:30"
2026-07-16 17:41:34.459 +05:30 [INF] Heartbeat running at "2026-07-16T17:41:34.4591140+05:30"
2026-07-16 17:41:44.468 +05:30 [INF] Heartbeat running at "2026-07-16T17:41:44.4689315+05:30"
2026-07-16 17:41:54.476 +05:30 [INF] Heartbeat running at "2026-07-16T17:41:54.4760238+05:30"
2026-07-16 17:42:04.481 +05:30 [INF] Heartbeat running at "2026-07-16T17:42:04.4812726+05:30"
2026-07-16 17:42:14.592 +05:30 [INF] Heartbeat running at "2026-07-16T17:42:14.5928185+05:30"
2026-07-16 17:42:24.604 +05:30 [INF] Heartbeat running at "2026-07-16T17:42:24.6041837+05:30"
2026-07-16 17:42:34.605 +05:30 [INF] Heartbeat running at "2026-07-16T17:42:34.6056348+05:30"
2026-07-16 17:42:44.613 +05:30 [INF] Heartbeat running at "2026-07-16T17:42:44.6131701+05:30"
2026-07-16 17:42:54.615 +05:30 [INF] Heartbeat running at "2026-07-16T17:42:54.6156913+05:30"
2026-07-16 17:43:04.622 +05:30 [INF] Heartbeat running at "2026-07-16T17:43:04.6226280+05:30"
2026-07-16 17:43:14.633 +05:30 [INF] Heartbeat running at "2026-07-16T17:43:14.6334209+05:30"
2026-07-16 17:43:24.646 +05:30 [INF] Heartbeat running at "2026-07-16T17:43:24.6460883+05:30"
2026-07-16 17:43:34.662 +05:30 [INF] Heartbeat running at "2026-07-16T17:43:34.6624884+05:30"
2026-07-16 17:43:44.674 +05:30 [INF] Heartbeat running at "2026-07-16T17:43:44.6741233+05:30"
2026-07-16 17:43:54.689 +05:30 [INF] Heartbeat running at "2026-07-16T17:43:54.6892229+05:30"
2026-07-16 17:44:04.692 +05:30 [INF] Heartbeat running at "2026-07-16T17:44:04.6923218+05:30"
2026-07-16 17:44:14.707 +05:30 [INF] Heartbeat running at "2026-07-16T17:44:14.7074762+05:30"
2026-07-16 17:44:24.711 +05:30 [INF] Heartbeat running at "2026-07-16T17:44:24.7112385+05:30"
2026-07-16 17:44:34.728 +05:30 [INF] Heartbeat running at "2026-07-16T17:44:34.7280485+05:30"
2026-07-16 17:44:44.745 +05:30 [INF] Heartbeat running at "2026-07-16T17:44:44.7458367+05:30"
2026-07-16 17:44:54.761 +05:30 [INF] Heartbeat running at "2026-07-16T17:44:54.7619773+05:30"
2026-07-16 17:45:04.769 +05:30 [INF] Heartbeat running at "2026-07-16T17:45:04.7690750+05:30"
2026-07-16 17:45:14.784 +05:30 [INF] Heartbeat running at "2026-07-16T17:45:14.7846933+05:30"
2026-07-16 17:45:24.795 +05:30 [INF] Heartbeat running at "2026-07-16T17:45:24.7959012+05:30"
2026-07-16 17:45:34.803 +05:30 [INF] Heartbeat running at "2026-07-16T17:45:34.8034414+05:30"
2026-07-16 17:45:44.820 +05:30 [INF] Heartbeat running at "2026-07-16T17:45:44.8207878+05:30"
2026-07-16 17:45:54.833 +05:30 [INF] Heartbeat running at "2026-07-16T17:45:54.8339478+05:30"
2026-07-16 17:46:04.846 +05:30 [INF] Heartbeat running at "2026-07-16T17:46:04.8462850+05:30"
2026-07-16 17:46:14.851 +05:30 [INF] Heartbeat running at "2026-07-16T17:46:14.8511339+05:30"
2026-07-16 17:46:24.866 +05:30 [INF] Heartbeat running at "2026-07-16T17:46:24.8664603+05:30"
2026-07-16 17:46:34.871 +05:30 [INF] Heartbeat running at "2026-07-16T17:46:34.8711809+05:30"
2026-07-16 17:46:44.875 +05:30 [INF] Heartbeat running at "2026-07-16T17:46:44.8751224+05:30"
2026-07-16 17:46:54.880 +05:30 [INF] Heartbeat running at "2026-07-16T17:46:54.8799936+05:30"
2026-07-16 17:47:04.887 +05:30 [INF] Heartbeat running at "2026-07-16T17:47:04.8871378+05:30"
2026-07-16 17:47:14.899 +05:30 [INF] Heartbeat running at "2026-07-16T17:47:14.8995261+05:30"
2026-07-16 17:47:24.904 +05:30 [INF] Heartbeat running at "2026-07-16T17:47:24.9042171+05:30"
2026-07-16 17:47:34.918 +05:30 [INF] Heartbeat running at "2026-07-16T17:47:34.9186122+05:30"
2026-07-16 17:47:44.923 +05:30 [INF] Heartbeat running at "2026-07-16T17:47:44.9238485+05:30"
2026-07-16 17:47:54.935 +05:30 [INF] Heartbeat running at "2026-07-16T17:47:54.9350414+05:30"
2026-07-16 17:48:04.942 +05:30 [INF] Heartbeat running at "2026-07-16T17:48:04.9423851+05:30"
2026-07-16 17:48:14.946 +05:30 [INF] Heartbeat running at "2026-07-16T17:48:14.9462246+05:30"
2026-07-16 17:48:24.954 +05:30 [INF] Heartbeat running at "2026-07-16T17:48:24.9540736+05:30"
2026-07-16 17:48:34.960 +05:30 [INF] Heartbeat running at "2026-07-16T17:48:34.9603892+05:30"
2026-07-16 17:48:44.965 +05:30 [INF] Heartbeat running at "2026-07-16T17:48:44.9650647+05:30"
2026-07-16 17:48:54.972 +05:30 [INF] Heartbeat running at "2026-07-16T17:48:54.9728534+05:30"
2026-07-16 17:49:04.981 +05:30 [INF] Heartbeat running at "2026-07-16T17:49:04.9810167+05:30"
2026-07-16 17:49:13.748 +05:30 [INF] HTTP OPTIONS /api/Doctor responded 204 in 26.1013 ms
2026-07-16 17:49:13.748 +05:30 [INF] HTTP OPTIONS /api/appointment/patient/8 responded 204 in 20.8691 ms
2026-07-16 17:49:14.393 +05:30 [INF] HTTP GET /api/appointment/patient/8 responded 401 in 97.6350 ms
2026-07-16 17:49:14.394 +05:30 [INF] HTTP GET /api/Doctor responded 401 in 100.1689 ms
2026-07-16 17:49:14.988 +05:30 [INF] Heartbeat running at "2026-07-16T17:49:14.9881217+05:30"
2026-07-16 17:49:25.462 +05:30 [INF] Heartbeat running at "2026-07-16T17:49:25.4623309+05:30"
2026-07-16 17:49:35.470 +05:30 [INF] Heartbeat running at "2026-07-16T17:49:35.4701321+05:30"
2026-07-16 17:49:45.471 +05:30 [INF] Heartbeat running at "2026-07-16T17:49:45.4717465+05:30"
2026-07-16 17:49:55.485 +05:30 [INF] Heartbeat running at "2026-07-16T17:49:55.4858277+05:30"
2026-07-16 17:50:05.501 +05:30 [INF] Heartbeat running at "2026-07-16T17:50:05.5018495+05:30"
2026-07-16 17:50:15.522 +05:30 [INF] Heartbeat running at "2026-07-16T17:50:15.5225807+05:30"
2026-07-16 17:50:25.538 +05:30 [INF] Heartbeat running at "2026-07-16T17:50:25.5387982+05:30"
2026-07-16 17:50:35.545 +05:30 [INF] Heartbeat running at "2026-07-16T17:50:35.5458595+05:30"
2026-07-16 17:50:45.558 +05:30 [INF] Heartbeat running at "2026-07-16T17:50:45.5585711+05:30"
2026-07-16 17:50:55.573 +05:30 [INF] Heartbeat running at "2026-07-16T17:50:55.5731289+05:30"
2026-07-16 17:51:05.588 +05:30 [INF] Heartbeat running at "2026-07-16T17:51:05.5880915+05:30"
2026-07-16 17:51:15.591 +05:30 [INF] Heartbeat running at "2026-07-16T17:51:15.5913729+05:30"
2026-07-16 17:51:25.598 +05:30 [INF] Heartbeat running at "2026-07-16T17:51:25.5986281+05:30"
2026-07-16 17:51:35.604 +05:30 [INF] Heartbeat running at "2026-07-16T17:51:35.6043521+05:30"
2026-07-16 17:51:45.620 +05:30 [INF] Heartbeat running at "2026-07-16T17:51:45.6201260+05:30"
2026-07-16 17:51:55.628 +05:30 [INF] Heartbeat running at "2026-07-16T17:51:55.6287379+05:30"
2026-07-16 17:52:05.647 +05:30 [INF] Heartbeat running at "2026-07-16T17:52:05.6479472+05:30"
2026-07-16 17:52:15.703 +05:30 [INF] Heartbeat running at "2026-07-16T17:52:15.7035454+05:30"
2026-07-16 17:52:25.716 +05:30 [INF] Heartbeat running at "2026-07-16T17:52:25.7166877+05:30"
2026-07-16 17:52:35.730 +05:30 [INF] Heartbeat running at "2026-07-16T17:52:35.7308136+05:30"
2026-07-16 17:52:45.740 +05:30 [INF] Heartbeat running at "2026-07-16T17:52:45.7408272+05:30"
2026-07-16 17:52:55.746 +05:30 [INF] Heartbeat running at "2026-07-16T17:52:55.7466410+05:30"
2026-07-16 17:53:05.746 +05:30 [INF] Heartbeat running at "2026-07-16T17:53:05.7468758+05:30"
2026-07-16 17:53:15.761 +05:30 [INF] Heartbeat running at "2026-07-16T17:53:15.7615436+05:30"
2026-07-16 17:53:25.775 +05:30 [INF] Heartbeat running at "2026-07-16T17:53:25.7752288+05:30"
2026-07-16 17:53:35.792 +05:30 [INF] Heartbeat running at "2026-07-16T17:53:35.7924857+05:30"
2026-07-16 17:53:44.936 +05:30 [INF] HTTP OPTIONS /api/Doctor responded 204 in 0.3166 ms
2026-07-16 17:53:44.936 +05:30 [INF] HTTP OPTIONS /api/appointment/patient/8 responded 204 in 0.3147 ms
2026-07-16 17:53:45.450 +05:30 [INF] HTTP GET /api/Doctor responded 401 in 2.8214 ms
2026-07-16 17:53:45.453 +05:30 [INF] HTTP GET /api/appointment/patient/8 responded 401 in 1.6017 ms
2026-07-16 17:53:45.847 +05:30 [INF] Heartbeat running at "2026-07-16T17:53:45.8476744+05:30"
2026-07-16 17:53:55.927 +05:30 [INF] Heartbeat running at "2026-07-16T17:53:55.9279641+05:30"
2026-07-16 17:54:05.941 +05:30 [INF] Heartbeat running at "2026-07-16T17:54:05.9415959+05:30"
2026-07-16 17:54:15.949 +05:30 [INF] Heartbeat running at "2026-07-16T17:54:15.9495422+05:30"
2026-07-16 17:54:25.962 +05:30 [INF] Heartbeat running at "2026-07-16T17:54:25.9628217+05:30"
2026-07-16 17:54:35.974 +05:30 [INF] Heartbeat running at "2026-07-16T17:54:35.9749339+05:30"
